Archive member included to satisfy reference by file (symbol)

c:/program files (x86)/atmel/studio/7.0/toolchain/arm/arm-gnu-toolchain/bin/../lib/gcc/arm-none-eabi/5.3.1/armv6-m\libgcc.a(_udivsi3.o)
                              src/ASF/common2/services/delay/sam0/systick_counter.o (__aeabi_uidiv)
c:/program files (x86)/atmel/studio/7.0/toolchain/arm/arm-gnu-toolchain/bin/../lib/gcc/arm-none-eabi/5.3.1/armv6-m\libgcc.a(_dvmd_tls.o)
                              c:/program files (x86)/atmel/studio/7.0/toolchain/arm/arm-gnu-toolchain/bin/../lib/gcc/arm-none-eabi/5.3.1/armv6-m\libgcc.a(_udivsi3.o) (__aeabi_idiv0)
c:/program files (x86)/atmel/studio/7.0/toolchain/arm/arm-gnu-toolchain/bin/../lib/gcc/arm-none-eabi/5.3.1/armv6-m\libgcc.a(_muldi3.o)
                              src/ASF/sam0/drivers/sercom/sercom.o (__aeabi_lmul)
c:/program files (x86)/atmel/studio/7.0/toolchain/arm/arm-gnu-toolchain/bin/../lib/gcc/arm-none-eabi/5.3.1/../../../../arm-none-eabi/lib/armv6-m\libc_nano.a(lib_a-exit.o)
                              c:/program files (x86)/atmel/studio/7.0/toolchain/arm/arm-gnu-toolchain/bin/../lib/gcc/arm-none-eabi/5.3.1/../../../../arm-none-eabi/lib/armv6-m/crt0.o (exit)
c:/program files (x86)/atmel/studio/7.0/toolchain/arm/arm-gnu-toolchain/bin/../lib/gcc/arm-none-eabi/5.3.1/../../../../arm-none-eabi/lib/armv6-m\libc_nano.a(lib_a-impure.o)
                              c:/program files (x86)/atmel/studio/7.0/toolchain/arm/arm-gnu-toolchain/bin/../lib/gcc/arm-none-eabi/5.3.1/../../../../arm-none-eabi/lib/armv6-m\libc_nano.a(lib_a-exit.o) (_global_impure_ptr)
c:/program files (x86)/atmel/studio/7.0/toolchain/arm/arm-gnu-toolchain/bin/../lib/gcc/arm-none-eabi/5.3.1/../../../../arm-none-eabi/lib/armv6-m\libc_nano.a(lib_a-init.o)
                              c:/program files (x86)/atmel/studio/7.0/toolchain/arm/arm-gnu-toolchain/bin/../lib/gcc/arm-none-eabi/5.3.1/../../../../arm-none-eabi/lib/armv6-m/crt0.o (__libc_init_array)
c:/program files (x86)/atmel/studio/7.0/toolchain/arm/arm-gnu-toolchain/bin/../lib/gcc/arm-none-eabi/5.3.1/../../../../arm-none-eabi/lib/armv6-m\libc_nano.a(lib_a-memcpy-stub.o)
                              src/ASF/sam0/drivers/sercom/sercom_interrupt.o (memcpy)
c:/program files (x86)/atmel/studio/7.0/toolchain/arm/arm-gnu-toolchain/bin/../lib/gcc/arm-none-eabi/5.3.1/../../../../arm-none-eabi/lib/armv6-m\libc_nano.a(lib_a-memset.o)
                              c:/program files (x86)/atmel/studio/7.0/toolchain/arm/arm-gnu-toolchain/bin/../lib/gcc/arm-none-eabi/5.3.1/../../../../arm-none-eabi/lib/armv6-m/crt0.o (memset)
c:/program files (x86)/atmel/studio/7.0/toolchain/arm/arm-gnu-toolchain/bin/../lib/gcc/arm-none-eabi/5.3.1/../../../../arm-none-eabi/lib/armv6-m\libc_nano.a(lib_a-puts.o)
                              src/main.o (puts)
c:/program files (x86)/atmel/studio/7.0/toolchain/arm/arm-gnu-toolchain/bin/../lib/gcc/arm-none-eabi/5.3.1/../../../../arm-none-eabi/lib/armv6-m\libc_nano.a(lib_a-setbuf.o)
                              src/main.o (setbuf)
c:/program files (x86)/atmel/studio/7.0/toolchain/arm/arm-gnu-toolchain/bin/../lib/gcc/arm-none-eabi/5.3.1/../../../../arm-none-eabi/lib/armv6-m\libc_nano.a(lib_a-setvbuf.o)
                              c:/program files (x86)/atmel/studio/7.0/toolchain/arm/arm-gnu-toolchain/bin/../lib/gcc/arm-none-eabi/5.3.1/../../../../arm-none-eabi/lib/armv6-m\libc_nano.a(lib_a-setbuf.o) (setvbuf)
c:/program files (x86)/atmel/studio/7.0/toolchain/arm/arm-gnu-toolchain/bin/../lib/gcc/arm-none-eabi/5.3.1/../../../../arm-none-eabi/lib/armv6-m\libc_nano.a(lib_a-wbuf.o)
                              c:/program files (x86)/atmel/studio/7.0/toolchain/arm/arm-gnu-toolchain/bin/../lib/gcc/arm-none-eabi/5.3.1/../../../../arm-none-eabi/lib/armv6-m\libc_nano.a(lib_a-puts.o) (__swbuf_r)
c:/program files (x86)/atmel/studio/7.0/toolchain/arm/arm-gnu-toolchain/bin/../lib/gcc/arm-none-eabi/5.3.1/../../../../arm-none-eabi/lib/armv6-m\libc_nano.a(lib_a-wsetup.o)
                              c:/program files (x86)/atmel/studio/7.0/toolchain/arm/arm-gnu-toolchain/bin/../lib/gcc/arm-none-eabi/5.3.1/../../../../arm-none-eabi/lib/armv6-m\libc_nano.a(lib_a-puts.o) (__swsetup_r)
c:/program files (x86)/atmel/studio/7.0/toolchain/arm/arm-gnu-toolchain/bin/../lib/gcc/arm-none-eabi/5.3.1/../../../../arm-none-eabi/lib/armv6-m\libc_nano.a(lib_a-fflush.o)
                              c:/program files (x86)/atmel/studio/7.0/toolchain/arm/arm-gnu-toolchain/bin/../lib/gcc/arm-none-eabi/5.3.1/../../../../arm-none-eabi/lib/armv6-m\libc_nano.a(lib_a-setvbuf.o) (_fflush_r)
c:/program files (x86)/atmel/studio/7.0/toolchain/arm/arm-gnu-toolchain/bin/../lib/gcc/arm-none-eabi/5.3.1/../../../../arm-none-eabi/lib/armv6-m\libc_nano.a(lib_a-findfp.o)
                              c:/program files (x86)/atmel/studio/7.0/toolchain/arm/arm-gnu-toolchain/bin/../lib/gcc/arm-none-eabi/5.3.1/../../../../arm-none-eabi/lib/armv6-m\libc_nano.a(lib_a-puts.o) (__sinit)
[...]
Memory Configuration

Name             Origin             Length             Attributes
rom              0x00000000         0x00040000         xr
ram              0x20000000         0x00008000         xrw
*default*        0x00000000         0xffffffff

Linker script and memory map

LOAD c:/program files (x86)/atmel/studio/7.0/toolchain/arm/arm-gnu-toolchain/bin/../lib/gcc/arm-none-eabi/5.3.1/armv6-m/crti.o
LOAD c:/program files (x86)/atmel/studio/7.0/toolchain/arm/arm-gnu-toolchain/bin/../lib/gcc/arm-none-eabi/5.3.1/armv6-m/crtbegin.o
LOAD c:/program files (x86)/atmel/studio/7.0/toolchain/arm/arm-gnu-toolchain/bin/../lib/gcc/arm-none-eabi/5.3.1/../../../../arm-none-eabi/lib/armv6-m/crt0.o
LOAD src/ASF/common2/boards/user_board/init.o
LOAD src/ASF/common2/services/delay/sam0/systick_counter.o
LOAD src/ASF/common/utils/interrupt/interrupt_sam_nvic.o
LOAD src/ASF/sam0/drivers/port/port.o
LOAD src/ASF/sam0/drivers/sercom/sercom.o
LOAD src/ASF/sam0/drivers/sercom/sercom_interrupt.o
LOAD src/ASF/sam0/drivers/sercom/spi/spi.o
LOAD src/ASF/sam0/drivers/sercom/spi/spi_interrupt.o
LOAD src/ASF/sam0/drivers/sercom/usart/usart.o
LOAD src/ASF/sam0/drivers/sercom/usart/usart_interrupt.o
LOAD src/ASF/sam0/drivers/system/clock/clock_samd21_r21_da_ha1/clock.o
LOAD src/ASF/sam0/drivers/system/clock/clock_samd21_r21_da_ha1/gclk.o
LOAD src/ASF/sam0/drivers/system/interrupt/system_interrupt.o
LOAD src/ASF/sam0/drivers/system/pinmux/pinmux.o
LOAD src/ASF/sam0/drivers/system/system.o
LOAD src/ASF/sam0/utils/cmsis/samd21/source/gcc/startup_samd21.o
LOAD src/ASF/sam0/utils/cmsis/samd21/source/system_samd21.o
LOAD src/ASF/sam0/utils/stdio/read.o
LOAD src/ASF/sam0/utils/stdio/write.o
LOAD src/ASF/sam0/utils/syscalls/gcc/syscalls.o
LOAD src/main.o
START GROUP
LOAD ../src/ASF/thirdparty/CMSIS/Lib/GCC\libarm_cortexM0l_math.a
LOAD c:/program files (x86)/atmel/studio/7.0/toolchain/arm/arm-gnu-toolchain/bin/../lib/gcc/arm-none-eabi/5.3.1/../../../../arm-none-eabi/lib/armv6-m\libm.a
END GROUP
START GROUP
LOAD c:/program files (x86)/atmel/studio/7.0/toolchain/arm/arm-gnu-toolchain/bin/../lib/gcc/arm-none-eabi/5.3.1/armv6-m\libgcc.a
LOAD c:/program files (x86)/atmel/studio/7.0/toolchain/arm/arm-gnu-toolchain/bin/../lib/gcc/arm-none-eabi/5.3.1/../../../../arm-none-eabi/lib/armv6-m\libc_nano.a
END GROUP
START GROUP
LOAD c:/program files (x86)/atmel/studio/7.0/toolchain/arm/arm-gnu-toolchain/bin/../lib/gcc/arm-none-eabi/5.3.1/armv6-m\libgcc.a
LOAD c:/program files (x86)/atmel/studio/7.0/toolchain/arm/arm-gnu-toolchain/bin/../lib/gcc/arm-none-eabi/5.3.1/../../../../arm-none-eabi/lib/armv6-m\libc_nano.a
END GROUP
LOAD c:/program files (x86)/atmel/studio/7.0/toolchain/arm/arm-gnu-toolchain/bin/../lib/gcc/arm-none-eabi/5.3.1/armv6-m/crtend.o
LOAD c:/program files (x86)/atmel/studio/7.0/toolchain/arm/arm-gnu-toolchain/bin/../lib/gcc/arm-none-eabi/5.3.1/armv6-m/crtn.o
                0x00002000                STACK_SIZE = DEFINED (STACK_SIZE)?STACK_SIZE:DEFINED (__stack_size__)?__stack_size__:0x2000

.text           0x00000000     0x3828
                0x00000000                . = ALIGN (0x4)
                0x00000000                _sfixed = .
 *(.vectors .vectors.*)
 .vectors       0x00000000       0xb4 src/ASF/sam0/utils/cmsis/samd21/source/gcc/startup_samd21.o
                0x00000000                exception_table
 *(.text .text.* .gnu.linkonce.t.*)
 .text          0x000000b4       0x60 c:/program files (x86)/atmel/studio/7.0/toolchain/arm/arm-gnu-toolchain/bin/../lib/gcc/arm-none-eabi/5.3.1/armv6-m/crtbegin.o
 .text.system_board_init
                0x00000114        0xc src/ASF/common2/boards/user_board/init.o
                0x00000114                board_init
                0x00000114                system_board_init
 .text.delay_init
                0x00000120       0x58 src/ASF/common2/services/delay/sam0/systick_counter.o
                0x00000120                delay_init
 .text.cpu_irq_enter_critical
                0x00000178       0x54 src/ASF/common/utils/interrupt/interrupt_sam_nvic.o
                0x00000178                cpu_irq_enter_critical
 .text.cpu_irq_leave_critical
                0x000001cc       0x40 src/ASF/common/utils/interrupt/interrupt_sam_nvic.o
                0x000001cc                cpu_irq_leave_critical
 .text.system_pinmux_get_config_defaults
                0x0000020c       0x28 src/ASF/sam0/drivers/port/port.o
 .text.port_pin_set_config
                0x00000234       0x60 src/ASF/sam0/drivers/port/port.o
                0x00000234                port_pin_set_config
 .text.system_gclk_chan_get_config_defaults
                0x00000294       0x18 src/ASF/sam0/drivers/sercom/sercom.o
 .text.long_division
                0x000002ac       0xe0 src/ASF/sam0/drivers/sercom/sercom.o
 .text._sercom_get_sync_baud_val
                0x0000038c       0x7c src/ASF/sam0/drivers/sercom/sercom.o
                0x0000038c                _sercom_get_sync_baud_val
 .text._sercom_get_async_baud_val
                0x00000408      0x1c0 src/ASF/sam0/drivers/sercom/sercom.o
                0x00000408                _sercom_get_async_baud_val
 .text.sercom_set_gclk_generator
                0x000005c8       0x8c src/ASF/sam0/drivers/sercom/sercom.o
                0x000005c8                sercom_set_gclk_generator
 .text._sercom_get_default_pad
                0x00000654      0x1bc src/ASF/sam0/drivers/sercom/sercom.o
                0x00000654                _sercom_get_default_pad
 .text._sercom_get_sercom_inst_index
                0x00000810       0x50 src/ASF/sam0/drivers/sercom/sercom.o
                0x00000810                _sercom_get_sercom_inst_index
 .text._sercom_default_handler
                0x00000860       0x14 src/ASF/sam0/drivers/sercom/sercom_interrupt.o
 .text._sercom_set_handler
                0x00000874       0x6c src/ASF/sam0/drivers/sercom/sercom_interrupt.o
                0x00000874                _sercom_set_handler
 .text._sercom_get_interrupt_vector
                0x000008e0       0x4c src/ASF/sam0/drivers/sercom/sercom_interrupt.o
                0x000008e0                _sercom_get_interrupt_vector
 .text.SERCOM0_Handler
                0x0000092c       0x18 src/ASF/sam0/drivers/sercom/sercom_interrupt.o
                0x0000092c                SERCOM0_Handler
 .text.SERCOM1_Handler
                0x00000944       0x18 src/ASF/sam0/drivers/sercom/sercom_interrupt.o
                0x00000944                SERCOM1_Handler
 .text.SERCOM2_Handler
                0x0000095c       0x18 src/ASF/sam0/drivers/sercom/sercom_interrupt.o
                0x0000095c                SERCOM2_Handler
 .text.SERCOM3_Handler
                0x00000974       0x18 src/ASF/sam0/drivers/sercom/sercom_interrupt.o
                0x00000974                SERCOM3_Handler
 .text.SERCOM4_Handler
                0x0000098c       0x18 src/ASF/sam0/drivers/sercom/sercom_interrupt.o
                0x0000098c                SERCOM4_Handler
 .text.SERCOM5_Handler
                0x000009a4       0x18 src/ASF/sam0/drivers/sercom/sercom_interrupt.o
                0x000009a4                SERCOM5_Handler
 .text.system_gclk_chan_get_config_defaults
                0x000009bc       0x18 src/ASF/sam0/drivers/sercom/usart/usart.o
 .text.system_apb_clock_set_mask
                0x000009d4       0x5c src/ASF/sam0/drivers/sercom/usart/usart.o
 .text.system_pinmux_get_config_defaults
                0x00000a30       0x28 src/ASF/sam0/drivers/sercom/usart/usart.o
 .text.system_is_debugger_present
                0x00000a58       0x20 src/ASF/sam0/drivers/sercom/usart/usart.o
 .text.usart_is_syncing
                0x00000a78       0x20 src/ASF/sam0/drivers/sercom/usart/usart.o
 .text._usart_wait_for_sync
                0x00000a98       0x24 src/ASF/sam0/drivers/sercom/usart/usart.o
 .text._usart_set_config
                0x00000abc      0x2dc src/ASF/sam0/drivers/sercom/usart/usart.o
 .text.usart_init
                0x00000d98      0x274 src/ASF/sam0/drivers/sercom/usart/usart.o
                0x00000d98                usart_init
 .text.usart_write_wait
                0x0000100c       0x64 src/ASF/sam0/drivers/sercom/usart/usart.o
                0x0000100c                usart_write_wait
 .text.usart_read_wait
                0x00001070       0xec src/ASF/sam0/drivers/sercom/usart/usart.o
                0x00001070                usart_read_wait
 .text.usart_is_syncing
                0x0000115c       0x20 src/ASF/sam0/drivers/sercom/usart/usart_interrupt.o
 .text._usart_wait_for_sync
                0x0000117c       0x24 src/ASF/sam0/drivers/sercom/usart/usart_interrupt.o
 .text._usart_interrupt_handler
                0x000011a0      0x340 src/ASF/sam0/drivers/sercom/usart/usart_interrupt.o
                0x000011a0                _usart_interrupt_handler
 .text.system_gclk_gen_get_config_defaults
                0x000014e0       0x30 src/ASF/sam0/drivers/system/clock/clock_samd21_r21_da_ha1/clock.o
 .text.system_gclk_chan_get_config_defaults
                0x00001510       0x18 src/ASF/sam0/drivers/system/clock/clock_samd21_r21_da_ha1/clock.o
 .text.system_clock_source_osc8m_get_config_defaults
                0x00001528       0x24 src/ASF/sam0/drivers/system/clock/clock_samd21_r21_da_ha1/clock.o
 .text.system_cpu_clock_set_divider
                0x0000154c       0x20 src/ASF/sam0/drivers/system/clock/clock_samd21_r21_da_ha1/clock.o
 .text.system_apb_clock_set_divider
                0x0000156c       0x54 src/ASF/sam0/drivers/system/clock/clock_samd21_r21_da_ha1/clock.o
 .text.system_clock_source_dpll_get_config_defaults
                0x000015c0       0x58 src/ASF/sam0/drivers/system/clock/clock_samd21_r21_da_ha1/clock.o
 .text.system_flash_set_waitstates
                0x00001618       0x34 src/ASF/sam0/drivers/system/clock/clock_samd21_r21_da_ha1/clock.o
 .text._system_dfll_wait_for_sync
                0x0000164c       0x1c src/ASF/sam0/drivers/system/clock/clock_samd21_r21_da_ha1/clock.o
 .text._system_clock_source_dfll_set_config_errata_9905
                0x00001668       0x44 src/ASF/sam0/drivers/system/clock/clock_samd21_r21_da_ha1/clock.o
 .text.system_clock_source_get_hz
                0x000016ac       0xbc src/ASF/sam0/drivers/system/clock/clock_samd21_r21_da_ha1/clock.o
                0x000016ac                system_clock_source_get_hz
 .text.system_clock_source_osc8m_set_config
                0x00001768       0x78 src/ASF/sam0/drivers/system/clock/clock_samd21_r21_da_ha1/clock.o
                0x00001768                system_clock_source_osc8m_set_config
 .text.system_clock_source_dpll_set_config
                0x000017e0      0x10c src/ASF/sam0/drivers/system/clock/clock_samd21_r21_da_ha1/clock.o
                0x000017e0                system_clock_source_dpll_set_config
 .text.system_clock_source_enable
                0x000018ec       0xac src/ASF/sam0/drivers/system/clock/clock_samd21_r21_da_ha1/clock.o
                0x000018ec                system_clock_source_enable
 .text.system_clock_source_is_ready
                0x00001998       0x84 src/ASF/sam0/drivers/system/clock/clock_samd21_r21_da_ha1/clock.o
                0x00001998                system_clock_source_is_ready
 .text._switch_peripheral_gclk
                0x00001a1c       0x38 src/ASF/sam0/drivers/system/clock/clock_samd21_r21_da_ha1/clock.o
 .text.system_clock_init
                0x00001a54      0x1ec src/ASF/sam0/drivers/system/clock/clock_samd21_r21_da_ha1/clock.o
                0x00001a54                system_clock_init
 .text.system_apb_clock_set_mask
                0x00001c40       0x5c src/ASF/sam0/drivers/system/clock/clock_samd21_r21_da_ha1/gclk.o
 .text.system_interrupt_enter_critical_section
                0x00001c9c       0x14 src/ASF/sam0/drivers/system/clock/clock_samd21_r21_da_ha1/gclk.o
 .text.system_interrupt_leave_critical_section
                0x00001cb0       0x14 src/ASF/sam0/drivers/system/clock/clock_samd21_r21_da_ha1/gclk.o
 .text.system_gclk_is_syncing
                0x00001cc4       0x20 src/ASF/sam0/drivers/system/clock/clock_samd21_r21_da_ha1/gclk.o
 .text.system_gclk_init
                0x00001ce4       0x30 src/ASF/sam0/drivers/system/clock/clock_samd21_r21_da_ha1/gclk.o
                0x00001ce4                system_gclk_init
 .text.system_gclk_gen_set_config
                0x00001d14      0x124 src/ASF/sam0/drivers/system/clock/clock_samd21_r21_da_ha1/gclk.o
                0x00001d14                system_gclk_gen_set_config
 .text.system_gclk_gen_enable
                0x00001e38       0x5c src/ASF/sam0/drivers/system/clock/clock_samd21_r21_da_ha1/gclk.o
                0x00001e38                system_gclk_gen_enable
 .text.system_gclk_gen_get_hz
                0x00001e94       0xd8 src/ASF/sam0/drivers/system/clock/clock_samd21_r21_da_ha1/gclk.o
                0x00001e94                system_gclk_gen_get_hz
 .text.system_gclk_chan_set_config
                0x00001f6c       0x44 src/ASF/sam0/drivers/system/clock/clock_samd21_r21_da_ha1/gclk.o
                0x00001f6c                system_gclk_chan_set_config
 .text.system_gclk_chan_enable
                0x00001fb0       0x48 src/ASF/sam0/drivers/system/clock/clock_samd21_r21_da_ha1/gclk.o
                0x00001fb0                system_gclk_chan_enable
 .text.system_gclk_chan_disable
                0x00001ff8       0x98 src/ASF/sam0/drivers/system/clock/clock_samd21_r21_da_ha1/gclk.o
                0x00001ff8                system_gclk_chan_disable
 .text.system_gclk_chan_get_hz
                0x00002090       0x58 src/ASF/sam0/drivers/system/clock/clock_samd21_r21_da_ha1/gclk.o
                0x00002090                system_gclk_chan_get_hz
 .text.system_pinmux_get_group_from_gpio_pin
                0x000020e8       0x60 src/ASF/sam0/drivers/system/pinmux/pinmux.o
 .text._system_pinmux_config
                0x00002148      0x110 src/ASF/sam0/drivers/system/pinmux/pinmux.o
 .text.system_pinmux_pin_set_config
                0x00002258       0x48 src/ASF/sam0/drivers/system/pinmux/pinmux.o
                0x00002258                system_pinmux_pin_set_config
 .text._system_dummy_init
                0x000022a0        0xc src/ASF/sam0/drivers/system/system.o
                0x000022a0                _system_extint_init
                0x000022a0                _system_events_init
                0x000022a0                _system_dummy_init
                0x000022a0                _system_divas_init
 .text.system_init
                0x000022ac       0x34 src/ASF/sam0/drivers/system/system.o
                0x000022ac                system_init
 .text.Reset_Handler
                0x000022e0       0xf8 src/ASF/sam0/utils/cmsis/samd21/source/gcc/startup_samd21.o
                0x000022e0                Reset_Handler
 .text.Dummy_Handler
                0x000023d8        0x8 src/ASF/sam0/utils/cmsis/samd21/source/gcc/startup_samd21.o
                0x000023d8                DMAC_Handler
                0x000023d8                HardFault_Handler
                0x000023d8                AC_Handler
                0x000023d8                SysTick_Handler
                0x000023d8                PendSV_Handler
                0x000023d8                NMI_Handler
                0x000023d8                ADC_Handler
                0x000023d8                TCC1_Handler
                0x000023d8                TCC0_Handler
                0x000023d8                RTC_Handler
                0x000023d8                EIC_Handler
                0x000023d8                WDT_Handler
                0x000023d8                TC4_Handler
                0x000023d8                USB_Handler
                0x000023d8                TC3_Handler
                0x000023d8                Dummy_Handler
                0x000023d8                PM_Handler
                0x000023d8                SVC_Handler
                0x000023d8                TCC2_Handler
                0x000023d8                EVSYS_Handler
                0x000023d8                I2S_Handler
                0x000023d8                NVMCTRL_Handler
                0x000023d8                DAC_Handler
                0x000023d8                PTC_Handler
                0x000023d8                TC5_Handler
                0x000023d8                SYSCTRL_Handler
 .text._read    0x000023e0       0x54 src/ASF/sam0/utils/stdio/read.o
                0x000023e0                _read
 .text._write   0x00002434       0x6c src/ASF/sam0/utils/stdio/write.o
                0x00002434                _write
 .text._sbrk    0x000024a0       0x3c src/ASF/sam0/utils/syscalls/gcc/syscalls.o
                0x000024a0                _sbrk
 .text._close   0x000024dc       0x14 src/ASF/sam0/utils/syscalls/gcc/syscalls.o
                0x000024dc                _close
 .text._fstat   0x000024f0       0x1c src/ASF/sam0/utils/syscalls/gcc/syscalls.o
                0x000024f0                _fstat
 .text._isatty  0x0000250c       0x14 src/ASF/sam0/utils/syscalls/gcc/syscalls.o
                0x0000250c                _isatty
 .text._lseek   0x00002520       0x18 src/ASF/sam0/utils/syscalls/gcc/syscalls.o
                0x00002520                _lseek
 .text.system_pinmux_get_group_from_gpio_pin
                0x00002538       0x60 src/main.o
 .text.port_get_group_from_gpio_pin
                0x00002598       0x24 src/main.o
 .text.port_get_config_defaults
                0x000025bc       0x24 src/main.o
 .text.port_pin_get_input_level
                0x000025e0       0x44 src/main.o
 .text.system_interrupt_enable_global
                0x00002624       0x1c src/main.o
 .text.system_interrupt_enable
                0x00002640       0x2c src/main.o
 .text.usart_is_syncing
                0x0000266c       0x20 src/main.o
 .text._usart_wait_for_sync
                0x0000268c       0x24 src/main.o
 .text.usart_get_config_defaults
                0x000026b0       0xc0 src/main.o
 .text.usart_enable
                0x00002770       0x48 src/main.o
 .text.usart_serial_init
                0x000027b8       0x30 src/main.o
 .text.usart_serial_putchar
                0x000027e8       0x34 src/main.o
 .text.usart_serial_getchar
                0x0000281c       0x40 src/main.o
 .text.stdio_serial_init
                0x0000285c       0x70 src/main.o
 .text.configure_console
                0x000028cc       0x74 src/main.o
 .text.download_firmware
                0x00002940        0xc src/main.o
 .text.main     0x0000294c      0x108 src/main.o
                0x0000294c                main
 .text          0x00002a54      0x114 c:/program files (x86)/atmel/studio/7.0/toolchain/arm/arm-gnu-toolchain/bin/../lib/gcc/arm-none-eabi/5.3.1/armv6-m\libgcc.a(_udivsi3.o)
                0x00002a54                __aeabi_uidiv
                0x00002a54                __udivsi3
                0x00002b60                __aeabi_uidivmod
 .text          0x00002b68        0x4 c:/program files (x86)/atmel/studio/7.0/toolchain/arm/arm-gnu-toolchain/bin/../lib/gcc/arm-none-eabi/5.3.1/armv6-m\libgcc.a(_dvmd_tls.o)
                0x00002b68                __aeabi_idiv0
                0x00002b68                __aeabi_ldiv0
 .text          0x00002b6c       0x58 c:/program files (x86)/atmel/studio/7.0/toolchain/arm/arm-gnu-toolchain/bin/../lib/gcc/arm-none-eabi/5.3.1/armv6-m\libgcc.a(_muldi3.o)
                0x00002b6c                __muldi3
                0x00002b6c                __aeabi_lmul
 .text.__libc_init_array
                0x00002bc4       0x4c c:/program files (x86)/atmel/studio/7.0/toolchain/arm/arm-gnu-toolchain/bin/../lib/gcc/arm-none-eabi/5.3.1/../../../../arm-none-eabi/lib/armv6-m\libc_nano.a(lib_a-init.o)
                0x00002bc4                __libc_init_array
 .text.memcpy   0x00002c10       0x12 c:/program files (x86)/atmel/studio/7.0/toolchain/arm/arm-gnu-toolchain/bin/../lib/gcc/arm-none-eabi/5.3.1/../../../../arm-none-eabi/lib/armv6-m\libc_nano.a(lib_a-memcpy-stub.o)
                0x00002c10                memcpy
 .text.memset   0x00002c22       0x10 c:/program files (x86)/atmel/studio/7.0/toolchain/arm/arm-gnu-toolchain/bin/../lib/gcc/arm-none-eabi/5.3.1/../../../../arm-none-eabi/lib/armv6-m\libc_nano.a(lib_a-memset.o)
                0x00002c22                memset
 *fill*         0x00002c32        0x2 
 .text._puts_r  0x00002c34       0xc4 c:/program files (x86)/atmel/studio/7.0/toolchain/arm/arm-gnu-toolchain/bin/../lib/gcc/arm-none-eabi/5.3.1/../../../../arm-none-eabi/lib/armv6-m\libc_nano.a(lib_a-puts.o)
                0x00002c34                _puts_r
 .text.puts     0x00002cf8       0x14 c:/program files (x86)/atmel/studio/7.0/toolchain/arm/arm-gnu-toolchain/bin/../lib/gcc/arm-none-eabi/5.3.1/../../../../arm-none-eabi/lib/armv6-m\libc_nano.a(lib_a-puts.o)
                0x00002cf8                puts
 .text.setbuf   0x00002d0c       0x12 c:/program files (x86)/atmel/studio/7.0/toolchain/arm/arm-gnu-toolchain/bin/../lib/gcc/arm-none-eabi/5.3.1/../../../../arm-none-eabi/lib/armv6-m\libc_nano.a(lib_a-setbuf.o)
                0x00002d0c                setbuf
 *fill*         0x00002d1e        0x2 
 .text.setvbuf  0x00002d20      0x160 c:/program files (x86)/atmel/studio/7.0/toolchain/arm/arm-gnu-toolchain/bin/../lib/gcc/arm-none-eabi/5.3.1/../../../../arm-none-eabi/lib/armv6-m\libc_nano.a(lib_a-setvbuf.o)
                0x00002d20                setvbuf
 .text.__swbuf_r
                0x00002e80       0xb0 c:/program files (x86)/atmel/studio/7.0/toolchain/arm/arm-gnu-toolchain/bin/../lib/gcc/arm-none-eabi/5.3.1/../../../../arm-none-eabi/lib/armv6-m\libc_nano.a(lib_a-wbuf.o)
                0x00002e80                __swbuf_r
 .text.__swsetup_r
                0x00002f30       0xec c:/program files (x86)/atmel/studio/7.0/toolchain/arm/arm-gnu-toolchain/bin/../lib/gcc/arm-none-eabi/5.3.1/../../../../arm-none-eabi/lib/armv6-m\libc_nano.a(lib_a-wsetup.o)
                0x00002f30                __swsetup_r
 .text.__sflush_r
                0x0000301c      0x10c c:/program files (x86)/atmel/studio/7.0/toolchain/arm/arm-gnu-toolchain/bin/../lib/gcc/arm-none-eabi/5.3.1/../../../../arm-none-eabi/lib/armv6-m\libc_nano.a(lib_a-fflush.o)
                0x0000301c                __sflush_r
 .text._fflush_r
                0x00003128       0x58 c:/program files (x86)/atmel/studio/7.0/toolchain/arm/arm-gnu-toolchain/bin/../lib/gcc/arm-none-eabi/5.3.1/../../../../arm-none-eabi/lib/armv6-m\libc_nano.a(lib_a-fflush.o)
                0x00003128                _fflush_r
 .text._cleanup_r
                0x00003180       0x10 c:/program files (x86)/atmel/studio/7.0/toolchain/arm/arm-gnu-toolchain/bin/../lib/gcc/arm-none-eabi/5.3.1/../../../../arm-none-eabi/lib/armv6-m\libc_nano.a(lib_a-findfp.o)
                0x00003180                _cleanup_r
 .text.std.isra.0
                0x00003190       0x48 c:/program files (x86)/atmel/studio/7.0/toolchain/arm/arm-gnu-toolchain/bin/../lib/gcc/arm-none-eabi/5.3.1/../../../../arm-none-eabi/lib/armv6-m\libc_nano.a(lib_a-findfp.o)
 .text.__sfmoreglue
                0x000031d8       0x2c c:/program files (x86)/atmel/studio/7.0/toolchain/arm/arm-gnu-toolchain/bin/../lib/gcc/arm-none-eabi/5.3.1/../../../../arm-none-eabi/lib/armv6-m\libc_nano.a(lib_a-findfp.o)
                0x000031d8                __sfmoreglue
 .text.__sinit  0x00003204       0x68 c:/program files (x86)/atmel/studio/7.0/toolchain/arm/arm-gnu-toolchain/bin/../lib/gcc/arm-none-eabi/5.3.1/../../../../arm-none-eabi/lib/armv6-m\libc_nano.a(lib_a-findfp.o)
                0x00003204                __sinit
 .text.__sfp    0x0000326c       0x7c c:/program files (x86)/atmel/studio/7.0/toolchain/arm/arm-gnu-toolchain/bin/../lib/gcc/arm-none-eabi/5.3.1/../../../../arm-none-eabi/lib/armv6-m\libc_nano.a(lib_a-findfp.o)
                0x0000326c                __sfp
 .text._fwalk_reent
                0x000032e8       0x42 c:/program files (x86)/atmel/studio/7.0/toolchain/arm/arm-gnu-toolchain/bin/../lib/gcc/arm-none-eabi/5.3.1/../../../../arm-none-eabi/lib/armv6-m\libc_nano.a(lib_a-fwalk.o)
                0x000032e8                _fwalk_reent
 *fill*         0x0000332a        0x2 
 .text.__swhatbuf_r
                0x0000332c       0x4c c:/program files (x86)/atmel/studio/7.0/toolchain/arm/arm-gnu-toolchain/bin/../lib/gcc/arm-none-eabi/5.3.1/../../../../arm-none-eabi/lib/armv6-m\libc_nano.a(lib_a-makebuf.o)
                0x0000332c                __swhatbuf_r
 .text.__smakebuf_r
                0x00003378       0x7c c:/program files (x86)/atmel/studio/7.0/toolchain/arm/arm-gnu-toolchain/bin/../lib/gcc/arm-none-eabi/5.3.1/../../../../arm-none-eabi/lib/armv6-m\libc_nano.a(lib_a-makebuf.o)
                0x00003378                __smakebuf_r
 .text.malloc   0x000033f4       0x14 c:/program files (x86)/atmel/studio/7.0/toolchain/arm/arm-gnu-toolchain/bin/../lib/gcc/arm-none-eabi/5.3.1/../../../../arm-none-eabi/lib/armv6-m\libc_nano.a(lib_a-malloc.o)
                0x000033f4                malloc
 .text._free_r  0x00003408       0x8c c:/program files (x86)/atmel/studio/7.0/toolchain/arm/arm-gnu-toolchain/bin/../lib/gcc/arm-none-eabi/5.3.1/../../../../arm-none-eabi/lib/armv6-m\libc_nano.a(lib_a-nano-freer.o)
                0x00003408                _free_r
 .text._malloc_r
                0x00003494       0xac c:/program files (x86)/atmel/studio/7.0/toolchain/arm/arm-gnu-toolchain/bin/../lib/gcc/arm-none-eabi/5.3.1/../../../../arm-none-eabi/lib/armv6-m\libc_nano.a(lib_a-nano-mallocr.o)
                0x00003494                _malloc_r
 .text._sbrk_r  0x00003540       0x24 c:/program files (x86)/atmel/studio/7.0/toolchain/arm/arm-gnu-toolchain/bin/../lib/gcc/arm-none-eabi/5.3.1/../../../../arm-none-eabi/lib/armv6-m\libc_nano.a(lib_a-sbrkr.o)
                0x00003540                _sbrk_r
 .text.__sread  0x00003564       0x28 c:/program files (x86)/atmel/studio/7.0/toolchain/arm/arm-gnu-toolchain/bin/../lib/gcc/arm-none-eabi/5.3.1/../../../../arm-none-eabi/lib/armv6-m\libc_nano.a(lib_a-stdio.o)
                0x00003564                __sread
 .text.__swrite
                0x0000358c       0x38 c:/program files (x86)/atmel/studio/7.0/toolchain/arm/arm-gnu-toolchain/bin/../lib/gcc/arm-none-eabi/5.3.1/../../../../arm-none-eabi/lib/armv6-m\libc_nano.a(lib_a-stdio.o)
                0x0000358c                __swrite
 .text.__sseek  0x000035c4       0x2c c:/program files (x86)/atmel/studio/7.0/toolchain/arm/arm-gnu-toolchain/bin/../lib/gcc/arm-none-eabi/5.3.1/../../../../arm-none-eabi/lib/armv6-m\libc_nano.a(lib_a-stdio.o)
                0x000035c4                __sseek
 .text.__sclose
                0x000035f0        0xc c:/program files (x86)/atmel/studio/7.0/toolchain/arm/arm-gnu-toolchain/bin/../lib/gcc/arm-none-eabi/5.3.1/../../../../arm-none-eabi/lib/armv6-m\libc_nano.a(lib_a-stdio.o)
                0x000035f0                __sclose
 .text._write_r
                0x000035fc       0x28 c:/program files (x86)/atmel/studio/7.0/toolchain/arm/arm-gnu-toolchain/bin/../lib/gcc/arm-none-eabi/5.3.1/../../../../arm-none-eabi/lib/armv6-m\libc_nano.a(lib_a-writer.o)
                0x000035fc                _write_r
 .text._close_r
                0x00003624       0x24 c:/program files (x86)/atmel/studio/7.0/toolchain/arm/arm-gnu-toolchain/bin/../lib/gcc/arm-none-eabi/5.3.1/../../../../arm-none-eabi/lib/armv6-m\libc_nano.a(lib_a-closer.o)
                0x00003624                _close_r
 .text._fstat_r
                0x00003648       0x24 c:/program files (x86)/atmel/studio/7.0/toolchain/arm/arm-gnu-toolchain/bin/../lib/gcc/arm-none-eabi/5.3.1/../../../../arm-none-eabi/lib/armv6-m\libc_nano.a(lib_a-fstatr.o)
                0x00003648                _fstat_r
 .text._isatty_r
                0x0000366c       0x24 c:/program files (x86)/atmel/studio/7.0/toolchain/arm/arm-gnu-toolchain/bin/../lib/gcc/arm-none-eabi/5.3.1/../../../../arm-none-eabi/lib/armv6-m\libc_nano.a(lib_a-isattyr.o)
                0x0000366c                _isatty_r
 .text._lseek_r
                0x00003690       0x28 c:/program files (x86)/atmel/studio/7.0/toolchain/arm/arm-gnu-toolchain/bin/../lib/gcc/arm-none-eabi/5.3.1/../../../../arm-none-eabi/lib/armv6-m\libc_nano.a(lib_a-lseekr.o)
                0x00003690                _lseek_r
 .text._read_r  0x000036b8       0x28 c:/program files (x86)/atmel/studio/7.0/toolchain/arm/arm-gnu-toolchain/bin/../lib/gcc/arm-none-eabi/5.3.1/../../../../arm-none-eabi/lib/armv6-m\libc_nano.a(lib_a-readr.o)
                0x000036b8                _read_r
 *(.glue_7t)
 .glue_7t       0x000036e0        0x0 linker stubs
 *(.glue_7)
 .glue_7        0x000036e0        0x0 linker stubs
 *(.rodata .rodata* .gnu.linkonce.r.*)
 .rodata        0x000036e0       0x18 src/ASF/sam0/drivers/sercom/sercom.o
 .rodata        0x000036f8        0x6 src/ASF/sam0/drivers/sercom/sercom_interrupt.o
 *fill*         0x000036fe        0x2 
 .rodata.system_clock_source_get_hz
                0x00003700       0x24 src/ASF/sam0/drivers/system/clock/clock_samd21_r21_da_ha1/clock.o
 .rodata.system_clock_source_enable
                0x00003724       0x24 src/ASF/sam0/drivers/system/clock/clock_samd21_r21_da_ha1/clock.o
 .rodata.system_clock_source_is_ready
                0x00003748       0x24 src/ASF/sam0/drivers/system/clock/clock_samd21_r21_da_ha1/clock.o
 .rodata        0x0000376c       0x35 src/main.o
 .rodata.str1.1
                0x000037a1        0x2 c:/program files (x86)/atmel/studio/7.0/toolchain/arm/arm-gnu-toolchain/bin/../lib/gcc/arm-none-eabi/5.3.1/../../../../arm-none-eabi/lib/armv6-m\libc_nano.a(lib_a-impure.o)
 *fill*         0x000037a3        0x1 
 .rodata._global_impure_ptr
                0x000037a4        0x4 c:/program files (x86)/atmel/studio/7.0/toolchain/arm/arm-gnu-toolchain/bin/../lib/gcc/arm-none-eabi/5.3.1/../../../../arm-none-eabi/lib/armv6-m\libc_nano.a(lib_a-impure.o)
                0x000037a4                _global_impure_ptr
 .rodata.__sf_fake_stdin
                0x000037a8       0x20 c:/program files (x86)/atmel/studio/7.0/toolchain/arm/arm-gnu-toolchain/bin/../lib/gcc/arm-none-eabi/5.3.1/../../../../arm-none-eabi/lib/armv6-m\libc_nano.a(lib_a-findfp.o)
                0x000037a8                __sf_fake_stdin
 .rodata.__sf_fake_stdout
                0x000037c8       0x20 c:/program files (x86)/atmel/studio/7.0/toolchain/arm/arm-gnu-toolchain/bin/../lib/gcc/arm-none-eabi/5.3.1/../../../../arm-none-eabi/lib/armv6-m\libc_nano.a(lib_a-findfp.o)
                0x000037c8                __sf_fake_stdout
 .rodata.__sf_fake_stderr
                0x000037e8       0x20 c:/program files (x86)/atmel/studio/7.0/toolchain/arm/arm-gnu-toolchain/bin/../lib/gcc/arm-none-eabi/5.3.1/../../../../arm-none-eabi/lib/armv6-m\libc_nano.a(lib_a-findfp.o)
                0x000037e8                __sf_fake_stderr
 *(.ARM.extab* .gnu.linkonce.armextab.*)
                0x00003808                . = ALIGN (0x4)
 *(.init)
 .init          0x00003808        0x4 c:/program files (x86)/atmel/studio/7.0/toolchain/arm/arm-gnu-toolchain/bin/../lib/gcc/arm-none-eabi/5.3.1/armv6-m/crti.o
                0x00003808                _init
 .init          0x0000380c        0x8 c:/program files (x86)/atmel/studio/7.0/toolchain/arm/arm-gnu-toolchain/bin/../lib/gcc/arm-none-eabi/5.3.1/armv6-m/crtn.o
                0x00003814                . = ALIGN (0x4)
                0x00003814                __preinit_array_start = .
 *(.preinit_array)
                0x00003814                __preinit_array_end = .
                0x00003814                . = ALIGN (0x4)
                0x00003814                __init_array_start = .
 *(SORT(.init_array.*))
 *(.init_array)
 .init_array    0x00003814        0x4 c:/program files (x86)/atmel/studio/7.0/toolchain/arm/arm-gnu-toolchain/bin/../lib/gcc/arm-none-eabi/5.3.1/armv6-m/crtbegin.o
                0x00003818                __init_array_end = .
                0x00003818                . = ALIGN (0x4)
 *crtbegin.o(.ctors)
 *(EXCLUDE_FILE(*crtend.o) .ctors)
 *(SORT(.ctors.*))
 *crtend.o(.ctors)
                0x00003818                . = ALIGN (0x4)
 *(.fini)
 .fini          0x00003818        0x4 c:/program files (x86)/atmel/studio/7.0/toolchain/arm/arm-gnu-toolchain/bin/../lib/gcc/arm-none-eabi/5.3.1/armv6-m/crti.o
                0x00003818                _fini
 .fini          0x0000381c        0x8 c:/program files (x86)/atmel/studio/7.0/toolchain/arm/arm-gnu-toolchain/bin/../lib/gcc/arm-none-eabi/5.3.1/armv6-m/crtn.o
                0x00003824                . = ALIGN (0x4)
                0x00003824                __fini_array_start = .
 *(.fini_array)
 .fini_array    0x00003824        0x4 c:/program files (x86)/atmel/studio/7.0/toolchain/arm/arm-gnu-toolchain/bin/../lib/gcc/arm-none-eabi/5.3.1/armv6-m/crtbegin.o
 *(SORT(.fini_array.*))
                0x00003828                __fini_array_end = .
 *crtbegin.o(.dtors)
 *(EXCLUDE_FILE(*crtend.o) .dtors)
 *(SORT(.dtors.*))
 *crtend.o(.dtors)
                0x00003828                . = ALIGN (0x4)
                0x00003828                _efixed = .
                [!provide]                PROVIDE (__exidx_start, .)

.vfp11_veneer   0x00003828        0x0
 .vfp11_veneer  0x00003828        0x0 linker stubs

.v4_bx          0x00003828        0x0
 .v4_bx         0x00003828        0x0 linker stubs

.iplt           0x00003828        0x0
 .iplt          0x00003828        0x0 c:/program files (x86)/atmel/studio/7.0/toolchain/arm/arm-gnu-toolchain/bin/../lib/gcc/arm-none-eabi/5.3.1/armv6-m/crtbegin.o

.eh_frame       0x00003828        0x0
 .eh_frame      0x00003828        0x0 c:/program files (x86)/atmel/studio/7.0/toolchain/arm/arm-gnu-toolchain/bin/../lib/gcc/arm-none-eabi/5.3.1/armv6-m/crtbegin.o

.rel.dyn        0x00003828        0x0
 .rel.iplt      0x00003828        0x0 c:/program files (x86)/atmel/studio/7.0/toolchain/arm/arm-gnu-toolchain/bin/../lib/gcc/arm-none-eabi/5.3.1/armv6-m/crtbegin.o

.jcr            0x00003828        0x0
 .jcr           0x00003828        0x0 c:/program files (x86)/atmel/studio/7.0/toolchain/arm/arm-gnu-toolchain/bin/../lib/gcc/arm-none-eabi/5.3.1/armv6-m/crtbegin.o

.igot.plt       0x00003828        0x0
 .igot.plt      0x00003828        0x0 c:/program files (x86)/atmel/studio/7.0/toolchain/arm/arm-gnu-toolchain/bin/../lib/gcc/arm-none-eabi/5.3.1/armv6-m/crtbegin.o

.ARM.exidx
 *(.ARM.exidx* .gnu.linkonce.armexidx.*)
                [!provide]                PROVIDE (__exidx_end, .)
                0x00003828                . = ALIGN (0x4)
                0x00003828                _etext = .

.relocate       0x20000000       0x70 load address 0x00003828
                0x20000000                . = ALIGN (0x4)
                0x20000000                _srelocate = .
 *(.ramfunc .ramfunc.*)
 *(.data .data.*)
 .data.cycles_per_ms
                0x20000000        0x4 src/ASF/common2/services/delay/sam0/systick_counter.o
 .data.cycles_per_us
                0x20000004        0x4 src/ASF/common2/services/delay/sam0/systick_counter.o
 .data.g_interrupt_enabled
                0x20000008        0x1 src/ASF/common/utils/interrupt/interrupt_sam_nvic.o
                0x20000008                g_interrupt_enabled
 *fill*         0x20000009        0x3 
 .data.impure_data
                0x2000000c       0x60 c:/program files (x86)/atmel/studio/7.0/toolchain/arm/arm-gnu-toolchain/bin/../lib/gcc/arm-none-eabi/5.3.1/../../../../arm-none-eabi/lib/armv6-m\libc_nano.a(lib_a-impure.o)
 .data._impure_ptr
                0x2000006c        0x4 c:/program files (x86)/atmel/studio/7.0/toolchain/arm/arm-gnu-toolchain/bin/../lib/gcc/arm-none-eabi/5.3.1/../../../../arm-none-eabi/lib/armv6-m\libc_nano.a(lib_a-impure.o)
                0x2000006c                _impure_ptr
                0x20000070                . = ALIGN (0x4)
                0x20000070                _erelocate = .

.bss            0x20000070       0xc8 load address 0x00003898
                0x20000070                . = ALIGN (0x4)
                0x20000070                _sbss = .
                0x20000070                _szero = .
 *(.bss .bss.*)
 .bss           0x20000070       0x1c c:/program files (x86)/atmel/studio/7.0/toolchain/arm/arm-gnu-toolchain/bin/../lib/gcc/arm-none-eabi/5.3.1/armv6-m/crtbegin.o
 .bss.cpu_irq_critical_section_counter
                0x2000008c        0x4 src/ASF/common/utils/interrupt/interrupt_sam_nvic.o
 .bss.cpu_irq_prev_interrupt_state
                0x20000090        0x1 src/ASF/common/utils/interrupt/interrupt_sam_nvic.o
 *fill*         0x20000091        0x3 
 .bss._sercom_config
                0x20000094        0x2 src/ASF/sam0/drivers/sercom/sercom.o
 .bss._handler_table_initialized
                0x20000096        0x1 src/ASF/sam0/drivers/sercom/sercom_interrupt.o
 *fill*         0x20000097        0x1 
 .bss._sercom_interrupt_handlers
                0x20000098       0x18 src/ASF/sam0/drivers/sercom/sercom_interrupt.o
 .bss._system_clock_inst
                0x200000b0       0x18 src/ASF/sam0/drivers/system/clock/clock_samd21_r21_da_ha1/clock.o
 .bss.heap.5286
                0x200000c8        0x4 src/ASF/sam0/utils/syscalls/gcc/syscalls.o
 .bss.FM_Status
                0x200000cc        0x7 src/main.o
 *fill*         0x200000d3        0x1 
 .bss.__malloc_sbrk_start
                0x200000d4        0x4 c:/program files (x86)/atmel/studio/7.0/toolchain/arm/arm-gnu-toolchain/bin/../lib/gcc/arm-none-eabi/5.3.1/../../../../arm-none-eabi/lib/armv6-m\libc_nano.a(lib_a-nano-mallocr.o)
                0x200000d4                __malloc_sbrk_start
 .bss.__malloc_free_list
                0x200000d8        0x4 c:/program files (x86)/atmel/studio/7.0/toolchain/arm/arm-gnu-toolchain/bin/../lib/gcc/arm-none-eabi/5.3.1/../../../../arm-none-eabi/lib/armv6-m\libc_nano.a(lib_a-nano-mallocr.o)
                0x200000d8                __malloc_free_list
 *(COMMON)
 COMMON         0x200000dc       0x18 src/ASF/sam0/drivers/sercom/sercom_interrupt.o
                0x200000dc                _sercom_instances
 COMMON         0x200000f4        0x4 src/ASF/sam0/utils/stdio/read.o
                0x200000f4                ptr_get
 COMMON         0x200000f8        0x8 src/ASF/sam0/utils/stdio/write.o
                0x200000f8                ptr_put
                0x200000fc                stdio_base
 COMMON         0x20000100       0x34 src/main.o
                0x20000100                usart_instance
 COMMON         0x20000134        0x4 c:/program files (x86)/atmel/studio/7.0/toolchain/arm/arm-gnu-toolchain/bin/../lib/gcc/arm-none-eabi/5.3.1/../../../../arm-none-eabi/lib/armv6-m\libc_nano.a(lib_a-reent.o)
                0x20000134                errno
                0x20000138                . = ALIGN (0x4)
                0x20000138                _ebss = .
                0x20000138                _ezero = .

.stack          0x20000138     0x2000 load address 0x00003960
                0x20000138                . = ALIGN (0x8)
                0x20000138                _sstack = .
                0x20002138                . = (. + STACK_SIZE)
 *fill*         0x20000138     0x2000 
                0x20002138                . = ALIGN (0x8)
                0x20002138                _estack = .
                0x20002138                . = ALIGN (0x4)
                0x20002138                _end = .
OUTPUT(ESE680A_Bootloader.elf elf32-littlearm)

.ARM.attributes
                0x00000000       0x28
 .ARM.attributes
                0x00000000       0x1e c:/program files (x86)/atmel/studio/7.0/toolchain/arm/arm-gnu-toolchain/bin/../lib/gcc/arm-none-eabi/5.3.1/armv6-m/crti.o
 .ARM.attributes
                0x0000001e       0x2c c:/program files (x86)/atmel/studio/7.0/toolchain/arm/arm-gnu-toolchain/bin/../lib/gcc/arm-none-eabi/5.3.1/armv6-m/crtbegin.o
 .ARM.attributes
                0x0000004a       0x32 src/ASF/common2/boards/user_board/init.o
 .ARM.attributes
                0x0000007c       0x32 src/ASF/common2/services/delay/sam0/systick_counter.o
 .ARM.attributes
                0x000000ae       0x32 src/ASF/common/utils/interrupt/interrupt_sam_nvic.o
 .ARM.attributes
                0x000000e0       0x32 src/ASF/sam0/drivers/port/port.o
 .ARM.attributes
                0x00000112       0x32 src/ASF/sam0/drivers/sercom/sercom.o
 .ARM.attributes
                0x00000144       0x32 src/ASF/sam0/drivers/sercom/sercom_interrupt.o
 .ARM.attributes
                0x00000176       0x32 src/ASF/sam0/drivers/sercom/usart/usart.o
 .ARM.attributes
                0x000001a8       0x32 src/ASF/sam0/drivers/sercom/usart/usart_interrupt.o
 .ARM.attributes
                0x000001da       0x32 src/ASF/sam0/drivers/system/clock/clock_samd21_r21_da_ha1/clock.o
 .ARM.attributes
                0x0000020c       0x32 src/ASF/sam0/drivers/system/clock/clock_samd21_r21_da_ha1/gclk.o
 .ARM.attributes
                0x0000023e       0x32 src/ASF/sam0/drivers/system/pinmux/pinmux.o
 .ARM.attributes
                0x00000270       0x32 src/ASF/sam0/drivers/system/system.o
 .ARM.attributes
                0x000002a2       0x32 src/ASF/sam0/utils/cmsis/samd21/source/gcc/startup_samd21.o
 .ARM.attributes
                0x000002d4       0x32 src/ASF/sam0/utils/stdio/read.o
 .ARM.attributes
                0x00000306       0x32 src/ASF/sam0/utils/stdio/write.o
 .ARM.attributes
                0x00000338       0x32 src/ASF/sam0/utils/syscalls/gcc/syscalls.o
 .ARM.attributes
                0x0000036a       0x32 src/main.o
 .ARM.attributes
                0x0000039c       0x1e c:/program files (x86)/atmel/studio/7.0/toolchain/arm/arm-gnu-toolchain/bin/../lib/gcc/arm-none-eabi/5.3.1/armv6-m\libgcc.a(_udivsi3.o)
 .ARM.attributes
                0x000003ba       0x1e c:/program files (x86)/atmel/studio/7.0/toolchain/arm/arm-gnu-toolchain/bin/../lib/gcc/arm-none-eabi/5.3.1/armv6-m\libgcc.a(_dvmd_tls.o)
 .ARM.attributes
                0x000003d8       0x2c c:/program files (x86)/atmel/studio/7.0/toolchain/arm/arm-gnu-toolchain/bin/../lib/gcc/arm-none-eabi/5.3.1/armv6-m\libgcc.a(_muldi3.o)
 .ARM.attributes
                0x00000404       0x2c c:/program files (x86)/atmel/studio/7.0/toolchain/arm/arm-gnu-toolchain/bin/../lib/gcc/arm-none-eabi/5.3.1/../../../../arm-none-eabi/lib/armv6-m\libc_nano.a(lib_a-impure.o)
 .ARM.attributes
                0x00000430       0x2c c:/program files (x86)/atmel/studio/7.0/toolchain/arm/arm-gnu-toolchain/bin/../lib/gcc/arm-none-eabi/5.3.1/../../../../arm-none-eabi/lib/armv6-m\libc_nano.a(lib_a-init.o)
 .ARM.attributes
                0x0000045c       0x2c c:/program files (x86)/atmel/studio/7.0/toolchain/arm/arm-gnu-toolchain/bin/../lib/gcc/arm-none-eabi/5.3.1/../../../../arm-none-eabi/lib/armv6-m\libc_nano.a(lib_a-memcpy-stub.o)
 .ARM.attributes
                0x00000488       0x2c c:/program files (x86)/atmel/studio/7.0/toolchain/arm/arm-gnu-toolchain/bin/../lib/gcc/arm-none-eabi/5.3.1/../../../../arm-none-eabi/lib/armv6-m\libc_nano.a(lib_a-memset.o)
 .ARM.attributes
                0x000004b4       0x2c c:/program files (x86)/atmel/studio/7.0/toolchain/arm/arm-gnu-toolchain/bin/../lib/gcc/arm-none-eabi/5.3.1/../../../../arm-none-eabi/lib/armv6-m\libc_nano.a(lib_a-puts.o)
 .ARM.attributes
                0x000004e0       0x2c c:/program files (x86)/atmel/studio/7.0/toolchain/arm/arm-gnu-toolchain/bin/../lib/gcc/arm-none-eabi/5.3.1/../../../../arm-none-eabi/lib/armv6-m\libc_nano.a(lib_a-setbuf.o)
 .ARM.attributes
                0x0000050c       0x2c c:/program files (x86)/atmel/studio/7.0/toolchain/arm/arm-gnu-toolchain/bin/../lib/gcc/arm-none-eabi/5.3.1/../../../../arm-none-eabi/lib/armv6-m\libc_nano.a(lib_a-setvbuf.o)
 .ARM.attributes
                0x00000538       0x2c c:/program files (x86)/atmel/studio/7.0/toolchain/arm/arm-gnu-toolchain/bin/../lib/gcc/arm-none-eabi/5.3.1/../../../../arm-none-eabi/lib/armv6-m\libc_nano.a(lib_a-wbuf.o)
 .ARM.attributes
                0x00000564       0x2c c:/program files (x86)/atmel/studio/7.0/toolchain/arm/arm-gnu-toolchain/bin/../lib/gcc/arm-none-eabi/5.3.1/../../../../arm-none-eabi/lib/armv6-m\libc_nano.a(lib_a-wsetup.o)
 .ARM.attributes
                0x00000590       0x2c c:/program files (x86)/atmel/studio/7.0/toolchain/arm/arm-gnu-toolchain/bin/../lib/gcc/arm-none-eabi/5.3.1/../../../../arm-none-eabi/lib/armv6-m\libc_nano.a(lib_a-fflush.o)
 .ARM.attributes
                0x000005bc       0x2c c:/program files (x86)/atmel/studio/7.0/toolchain/arm/arm-gnu-toolchain/bin/../lib/gcc/arm-none-eabi/5.3.1/../../../../arm-none-eabi/lib/armv6-m\libc_nano.a(lib_a-findfp.o)
 .ARM.attributes
                0x000005e8       0x2c c:/program files (x86)/atmel/studio/7.0/toolchain/arm/arm-gnu-toolchain/bin/../lib/gcc/arm-none-eabi/5.3.1/../../../../arm-none-eabi/lib/armv6-m\libc_nano.a(lib_a-fwalk.o)
 .ARM.attributes
                0x00000614       0x2c c:/program files (x86)/atmel/studio/7.0/toolchain/arm/arm-gnu-toolchain/bin/../lib/gcc/arm-none-eabi/5.3.1/../../../../arm-none-eabi/lib/armv6-m\libc_nano.a(lib_a-makebuf.o)
 .ARM.attributes
                0x00000640       0x2c c:/program files (x86)/atmel/studio/7.0/toolchain/arm/arm-gnu-toolchain/bin/../lib/gcc/arm-none-eabi/5.3.1/../../../../arm-none-eabi/lib/armv6-m\libc_nano.a(lib_a-malloc.o)
 .ARM.attributes
                0x0000066c       0x2c c:/program files (x86)/atmel/studio/7.0/toolchain/arm/arm-gnu-toolchain/bin/../lib/gcc/arm-none-eabi/5.3.1/../../../../arm-none-eabi/lib/armv6-m\libc_nano.a(lib_a-nano-freer.o)
 .ARM.attributes
                0x00000698       0x2c c:/program files (x86)/atmel/studio/7.0/toolchain/arm/arm-gnu-toolchain/bin/../lib/gcc/arm-none-eabi/5.3.1/../../../../arm-none-eabi/lib/armv6-m\libc_nano.a(lib_a-nano-mallocr.o)
 .ARM.attributes
                0x000006c4       0x2c c:/program files (x86)/atmel/studio/7.0/toolchain/arm/arm-gnu-toolchain/bin/../lib/gcc/arm-none-eabi/5.3.1/../../../../arm-none-eabi/lib/armv6-m\libc_nano.a(lib_a-sbrkr.o)
 .ARM.attributes
                0x000006f0       0x2c c:/program files (x86)/atmel/studio/7.0/toolchain/arm/arm-gnu-toolchain/bin/../lib/gcc/arm-none-eabi/5.3.1/../../../../arm-none-eabi/lib/armv6-m\libc_nano.a(lib_a-stdio.o)
 .ARM.attributes
                0x0000071c       0x2c c:/program files (x86)/atmel/studio/7.0/toolchain/arm/arm-gnu-toolchain/bin/../lib/gcc/arm-none-eabi/5.3.1/../../../../arm-none-eabi/lib/armv6-m\libc_nano.a(lib_a-writer.o)
 .ARM.attributes
                0x00000748       0x2c c:/program files (x86)/atmel/studio/7.0/toolchain/arm/arm-gnu-toolchain/bin/../lib/gcc/arm-none-eabi/5.3.1/../../../../arm-none-eabi/lib/armv6-m\libc_nano.a(lib_a-closer.o)
 .ARM.attributes
                0x00000774       0x2c c:/program files (x86)/atmel/studio/7.0/toolchain/arm/arm-gnu-toolchain/bin/../lib/gcc/arm-none-eabi/5.3.1/../../../../arm-none-eabi/lib/armv6-m\libc_nano.a(lib_a-fstatr.o)
 .ARM.attributes
                0x000007a0       0x2c c:/program files (x86)/atmel/studio/7.0/toolchain/arm/arm-gnu-toolchain/bin/../lib/gcc/arm-none-eabi/5.3.1/../../../../arm-none-eabi/lib/armv6-m\libc_nano.a(lib_a-isattyr.o)
 .ARM.attributes
                0x000007cc       0x2c c:/program files (x86)/atmel/studio/7.0/toolchain/arm/arm-gnu-toolchain/bin/../lib/gcc/arm-none-eabi/5.3.1/../../../../arm-none-eabi/lib/armv6-m\libc_nano.a(lib_a-lseekr.o)
 .ARM.attributes
                0x000007f8       0x2c c:/program files (x86)/atmel/studio/7.0/toolchain/arm/arm-gnu-toolchain/bin/../lib/gcc/arm-none-eabi/5.3.1/../../../../arm-none-eabi/lib/armv6-m\libc_nano.a(lib_a-readr.o)
 .ARM.attributes
                0x00000824       0x2c c:/program files (x86)/atmel/studio/7.0/toolchain/arm/arm-gnu-toolchain/bin/../lib/gcc/arm-none-eabi/5.3.1/../../../../arm-none-eabi/lib/armv6-m\libc_nano.a(lib_a-reent.o)
 .ARM.attributes
                0x00000850       0x1e c:/program files (x86)/atmel/studio/7.0/toolchain/arm/arm-gnu-toolchain/bin/../lib/gcc/arm-none-eabi/5.3.1/armv6-m/crtn.o

.comment        0x00000000       0x59
 .comment       0x00000000       0x59 src/ASF/common2/boards/user_board/init.o
                                 0x5a (size before relaxing)
 .comment       0x00000059       0x5a src/ASF/common2/services/delay/sam0/systick_counter.o
 .comment       0x00000059       0x5a src/ASF/common/utils/interrupt/interrupt_sam_nvic.o
 .comment       0x00000059       0x5a src/ASF/sam0/drivers/port/port.o
 .comment       0x00000059       0x5a src/ASF/sam0/drivers/sercom/sercom.o
 .comment       0x00000059       0x5a src/ASF/sam0/drivers/sercom/sercom_interrupt.o
 .comment       0x00000059       0x5a src/ASF/sam0/drivers/sercom/usart/usart.o
 .comment       0x00000059       0x5a src/ASF/sam0/drivers/sercom/usart/usart_interrupt.o
 .comment       0x00000059       0x5a src/ASF/sam0/drivers/system/clock/clock_samd21_r21_da_ha1/clock.o
 .comment       0x00000059       0x5a src/ASF/sam0/drivers/system/clock/clock_samd21_r21_da_ha1/gclk.o
 .comment       0x00000059       0x5a src/ASF/sam0/drivers/system/pinmux/pinmux.o
 .comment       0x00000059       0x5a src/ASF/sam0/drivers/system/system.o
 .comment       0x00000059       0x5a src/ASF/sam0/utils/cmsis/samd21/source/gcc/startup_samd21.o
 .comment       0x00000059       0x5a src/ASF/sam0/utils/stdio/read.o
 .comment       0x00000059       0x5a src/ASF/sam0/utils/stdio/write.o
 .comment       0x00000059       0x5a src/ASF/sam0/utils/syscalls/gcc/syscalls.o
 .comment       0x00000059       0x5a src/main.o

.debug_info     0x00000000    0x18e00
 .debug_info    0x00000000      0xa60 src/ASF/common2/boards/user_board/init.o
 .debug_info    0x00000a60      0x222 src/ASF/common2/services/delay/sam0/systick_counter.o
 .debug_info    0x00000c82      0x1ef src/ASF/common/utils/interrupt/interrupt_sam_nvic.o
 .debug_info    0x00000e71      0x92c src/ASF/sam0/drivers/port/port.o
 .debug_info    0x0000179d     0x2493 src/ASF/sam0/drivers/sercom/sercom.o
 .debug_info    0x00003c30     0x22a0 src/ASF/sam0/drivers/sercom/sercom_interrupt.o
 .debug_info    0x00005ed0     0x3e5b src/ASF/sam0/drivers/sercom/usart/usart.o
 .debug_info    0x00009d2b     0x2604 src/ASF/sam0/drivers/sercom/usart/usart_interrupt.o
 .debug_info    0x0000c32f     0x2d13 src/ASF/sam0/drivers/system/clock/clock_samd21_r21_da_ha1/clock.o
 .debug_info    0x0000f042     0x1274 src/ASF/sam0/drivers/system/clock/clock_samd21_r21_da_ha1/gclk.o
 .debug_info    0x000102b6      0xa95 src/ASF/sam0/drivers/system/pinmux/pinmux.o
 .debug_info    0x00010d4b      0x141 src/ASF/sam0/drivers/system/system.o
 .debug_info    0x00010e8c     0x3a85 src/ASF/sam0/utils/cmsis/samd21/source/gcc/startup_samd21.o
 .debug_info    0x00014911      0x1b4 src/ASF/sam0/utils/stdio/read.o
 .debug_info    0x00014ac5      0x1bd src/ASF/sam0/utils/stdio/write.o
 .debug_info    0x00014c82      0x41a src/ASF/sam0/utils/syscalls/gcc/syscalls.o
 .debug_info    0x0001509c     0x3d64 src/main.o

.debug_abbrev   0x00000000     0x2139
 .debug_abbrev  0x00000000      0x1ba src/ASF/common2/boards/user_board/init.o
 .debug_abbrev  0x000001ba      0x115 src/ASF/common2/services/delay/sam0/systick_counter.o
 .debug_abbrev  0x000002cf       0xf8 src/ASF/common/utils/interrupt/interrupt_sam_nvic.o
 .debug_abbrev  0x000003c7      0x1b6 src/ASF/sam0/drivers/port/port.o
 .debug_abbrev  0x0000057d      0x265 src/ASF/sam0/drivers/sercom/sercom.o
 .debug_abbrev  0x000007e2      0x213 src/ASF/sam0/drivers/sercom/sercom_interrupt.o
 .debug_abbrev  0x000009f5      0x2fa src/ASF/sam0/drivers/sercom/usart/usart.o
 .debug_abbrev  0x00000cef      0x2c6 src/ASF/sam0/drivers/sercom/usart/usart_interrupt.o
 .debug_abbrev  0x00000fb5      0x340 src/ASF/sam0/drivers/system/clock/clock_samd21_r21_da_ha1/clock.o
 .debug_abbrev  0x000012f5      0x28e src/ASF/sam0/drivers/system/clock/clock_samd21_r21_da_ha1/gclk.o
 .debug_abbrev  0x00001583      0x258 src/ASF/sam0/drivers/system/pinmux/pinmux.o
 .debug_abbrev  0x000017db       0xad src/ASF/sam0/drivers/system/system.o
 .debug_abbrev  0x00001888      0x20a src/ASF/sam0/utils/cmsis/samd21/source/gcc/startup_samd21.o
 .debug_abbrev  0x00001a92       0xe6 src/ASF/sam0/utils/stdio/read.o
 .debug_abbrev  0x00001b78       0xe8 src/ASF/sam0/utils/stdio/write.o
 .debug_abbrev  0x00001c60      0x120 src/ASF/sam0/utils/syscalls/gcc/syscalls.o
 .debug_abbrev  0x00001d80      0x3b9 src/main.o

.debug_loc      0x00000000     0x1b87
 .debug_loc     0x00000000       0x2c src/ASF/common2/boards/user_board/init.o
 .debug_loc     0x0000002c       0xd4 src/ASF/common2/services/delay/sam0/systick_counter.o
 .debug_loc     0x00000100       0x64 src/ASF/common/utils/interrupt/interrupt_sam_nvic.o
 .debug_loc     0x00000164       0xa8 src/ASF/sam0/drivers/port/port.o
 .debug_loc     0x0000020c      0x18c src/ASF/sam0/drivers/sercom/sercom.o
 .debug_loc     0x00000398      0x1b0 src/ASF/sam0/drivers/sercom/sercom_interrupt.o
 .debug_loc     0x00000548      0x297 src/ASF/sam0/drivers/sercom/usart/usart.o
 .debug_loc     0x000007df      0x330 src/ASF/sam0/drivers/sercom/usart/usart_interrupt.o
 .debug_loc     0x00000b0f      0x4e6 src/ASF/sam0/drivers/system/clock/clock_samd21_r21_da_ha1/clock.o
 .debug_loc     0x00000ff5      0x388 src/ASF/sam0/drivers/system/clock/clock_samd21_r21_da_ha1/gclk.o
 .debug_loc     0x0000137d      0x150 src/ASF/sam0/drivers/system/pinmux/pinmux.o
 .debug_loc     0x000014cd       0x58 src/ASF/sam0/drivers/system/system.o
 .debug_loc     0x00001525       0x64 src/ASF/sam0/utils/cmsis/samd21/source/gcc/startup_samd21.o
 .debug_loc     0x00001589       0x38 src/ASF/sam0/utils/stdio/read.o
 .debug_loc     0x000015c1       0x38 src/ASF/sam0/utils/stdio/write.o
 .debug_loc     0x000015f9      0x1ec src/ASF/sam0/utils/syscalls/gcc/syscalls.o
 .debug_loc     0x000017e5      0x3a2 src/main.o

.debug_aranges  0x00000000      0x5b0
 .debug_aranges
                0x00000000       0x20 src/ASF/common2/boards/user_board/init.o
 .debug_aranges
                0x00000020       0x38 src/ASF/common2/services/delay/sam0/systick_counter.o
 .debug_aranges
                0x00000058       0x28 src/ASF/common/utils/interrupt/interrupt_sam_nvic.o
 .debug_aranges
                0x00000080       0x30 src/ASF/sam0/drivers/port/port.o
 .debug_aranges
                0x000000b0       0x50 src/ASF/sam0/drivers/sercom/sercom.o
 .debug_aranges
                0x00000100       0x60 src/ASF/sam0/drivers/sercom/sercom_interrupt.o
 .debug_aranges
                0x00000160       0x78 src/ASF/sam0/drivers/sercom/usart/usart.o
 .debug_aranges
                0x000001d8       0x90 src/ASF/sam0/drivers/sercom/usart/usart_interrupt.o
 .debug_aranges
                0x00000268       0xd0 src/ASF/sam0/drivers/system/clock/clock_samd21_r21_da_ha1/clock.o
 .debug_aranges
                0x00000338       0xa0 src/ASF/sam0/drivers/system/clock/clock_samd21_r21_da_ha1/gclk.o
 .debug_aranges
                0x000003d8       0x48 src/ASF/sam0/drivers/system/pinmux/pinmux.o
 .debug_aranges
                0x00000420       0x28 src/ASF/sam0/drivers/system/system.o
 .debug_aranges
                0x00000448       0x28 src/ASF/sam0/utils/cmsis/samd21/source/gcc/startup_samd21.o
 .debug_aranges
                0x00000470       0x20 src/ASF/sam0/utils/stdio/read.o
 .debug_aranges
                0x00000490       0x20 src/ASF/sam0/utils/stdio/write.o
 .debug_aranges
                0x000004b0       0x60 src/ASF/sam0/utils/syscalls/gcc/syscalls.o
 .debug_aranges
                0x00000510       0xa0 src/main.o

.debug_ranges   0x00000000      0x4a0
 .debug_ranges  0x00000000       0x10 src/ASF/common2/boards/user_board/init.o
 .debug_ranges  0x00000010       0x28 src/ASF/common2/services/delay/sam0/systick_counter.o
 .debug_ranges  0x00000038       0x18 src/ASF/common/utils/interrupt/interrupt_sam_nvic.o
 .debug_ranges  0x00000050       0x20 src/ASF/sam0/drivers/port/port.o
 .debug_ranges  0x00000070       0x40 src/ASF/sam0/drivers/sercom/sercom.o
 .debug_ranges  0x000000b0       0x50 src/ASF/sam0/drivers/sercom/sercom_interrupt.o
 .debug_ranges  0x00000100       0x68 src/ASF/sam0/drivers/sercom/usart/usart.o
 .debug_ranges  0x00000168       0x80 src/ASF/sam0/drivers/sercom/usart/usart_interrupt.o
 .debug_ranges  0x000001e8       0xc0 src/ASF/sam0/drivers/system/clock/clock_samd21_r21_da_ha1/clock.o
 .debug_ranges  0x000002a8       0x90 src/ASF/sam0/drivers/system/clock/clock_samd21_r21_da_ha1/gclk.o
 .debug_ranges  0x00000338       0x38 src/ASF/sam0/drivers/system/pinmux/pinmux.o
 .debug_ranges  0x00000370       0x18 src/ASF/sam0/drivers/system/system.o
 .debug_ranges  0x00000388       0x18 src/ASF/sam0/utils/cmsis/samd21/source/gcc/startup_samd21.o
 .debug_ranges  0x000003a0       0x10 src/ASF/sam0/utils/stdio/read.o
 .debug_ranges  0x000003b0       0x10 src/ASF/sam0/utils/stdio/write.o
 .debug_ranges  0x000003c0       0x50 src/ASF/sam0/utils/syscalls/gcc/syscalls.o
 .debug_ranges  0x00000410       0x90 src/main.o

.debug_macro    0x00000000    0x192c9
 .debug_macro   0x00000000      0x62c src/ASF/common2/boards/user_board/init.o
 .debug_macro   0x0000062c      0x844 src/ASF/common2/boards/user_board/init.o
 .debug_macro   0x00000e70      0x16d src/ASF/common2/boards/user_board/init.o
 .debug_macro   0x00000fdd      0x64b src/ASF/common2/boards/user_board/init.o
 .debug_macro   0x00001628       0x22 src/ASF/common2/boards/user_board/init.o
 .debug_macro   0x0000164a       0x87 src/ASF/common2/boards/user_board/init.o
 .debug_macro   0x000016d1       0x44 src/ASF/common2/boards/user_board/init.o
 .debug_macro   0x00001715       0xfd src/ASF/common2/boards/user_board/init.o
 .debug_macro   0x00001812       0x22 src/ASF/common2/boards/user_board/init.o
 .debug_macro   0x00001834      0x1df src/ASF/common2/boards/user_board/init.o
 .debug_macro   0x00001a13       0x10 src/ASF/common2/boards/user_board/init.o
 .debug_macro   0x00001a23       0x76 src/ASF/common2/boards/user_board/init.o
 .debug_macro   0x00001a99       0x16 src/ASF/common2/boards/user_board/init.o
 .debug_macro   0x00001aaf      0x6e5 src/ASF/common2/boards/user_board/init.o
 .debug_macro   0x00002194      0xde2 src/ASF/common2/boards/user_board/init.o
 .debug_macro   0x00002f76       0x22 src/ASF/common2/boards/user_board/init.o
 .debug_macro   0x00002f98       0x40 src/ASF/common2/boards/user_board/init.o
 .debug_macro   0x00002fd8       0x3a src/ASF/common2/boards/user_board/init.o
 .debug_macro   0x00003012       0x1f src/ASF/common2/boards/user_board/init.o
 .debug_macro   0x00003031      0x250 src/ASF/common2/boards/user_board/init.o
 .debug_macro   0x00003281      0x682 src/ASF/common2/boards/user_board/init.o
 .debug_macro   0x00003903      0x8bf src/ASF/common2/boards/user_board/init.o
 .debug_macro   0x000041c2      0x235 src/ASF/common2/boards/user_board/init.o
 .debug_macro   0x000043f7      0xd6a src/ASF/common2/boards/user_board/init.o
 .debug_macro   0x00005161      0x4ce src/ASF/common2/boards/user_board/init.o
 .debug_macro   0x0000562f      0x9f8 src/ASF/common2/boards/user_board/init.o
 .debug_macro   0x00006027      0x82b src/ASF/common2/boards/user_board/init.o
 .debug_macro   0x00006852      0x45f src/ASF/common2/boards/user_board/init.o
 .debug_macro   0x00006cb1       0x5e src/ASF/common2/boards/user_board/init.o
 .debug_macro   0x00006d0f      0x906 src/ASF/common2/boards/user_board/init.o
 .debug_macro   0x00007615      0x225 src/ASF/common2/boards/user_board/init.o
 .debug_macro   0x0000783a      0x963 src/ASF/common2/boards/user_board/init.o
 .debug_macro   0x0000819d       0x5e src/ASF/common2/boards/user_board/init.o
 .debug_macro   0x000081fb      0x671 src/ASF/common2/boards/user_board/init.o
 .debug_macro   0x0000886c      0x3af src/ASF/common2/boards/user_board/init.o
 .debug_macro   0x00008c1b      0xc7f src/ASF/common2/boards/user_board/init.o
 .debug_macro   0x0000989a     0x1092 src/ASF/common2/boards/user_board/init.o
 .debug_macro   0x0000a92c      0xc4a src/ASF/common2/boards/user_board/init.o
 .debug_macro   0x0000b576      0x6bf src/ASF/common2/boards/user_board/init.o
 .debug_macro   0x0000bc35     0x1bc9 src/ASF/common2/boards/user_board/init.o
 .debug_macro   0x0000d7fe     0x144a src/ASF/common2/boards/user_board/init.o
 .debug_macro   0x0000ec48      0x34e src/ASF/common2/boards/user_board/init.o
 .debug_macro   0x0000ef96       0x7c src/ASF/common2/boards/user_board/init.o
 .debug_macro   0x0000f012       0xa0 src/ASF/common2/boards/user_board/init.o
 .debug_macro   0x0000f0b2       0x4c src/ASF/common2/boards/user_board/init.o
 .debug_macro   0x0000f0fe       0xca src/ASF/common2/boards/user_board/init.o
 .debug_macro   0x0000f1c8       0x94 src/ASF/common2/boards/user_board/init.o
 .debug_macro   0x0000f25c       0x58 src/ASF/common2/boards/user_board/init.o
 .debug_macro   0x0000f2b4      0x387 src/ASF/common2/boards/user_board/init.o
 .debug_macro   0x0000f63b       0x82 src/ASF/common2/boards/user_board/init.o
 .debug_macro   0x0000f6bd      0x197 src/ASF/common2/boards/user_board/init.o
 .debug_macro   0x0000f854       0xb8 src/ASF/common2/boards/user_board/init.o
 .debug_macro   0x0000f90c       0xa0 src/ASF/common2/boards/user_board/init.o
 .debug_macro   0x0000f9ac       0xb8 src/ASF/common2/boards/user_board/init.o
 .debug_macro   0x0000fa64       0x1c src/ASF/common2/boards/user_board/init.o
 .debug_macro   0x0000fa80       0x1c src/ASF/common2/boards/user_board/init.o
 .debug_macro   0x0000fa9c       0x1c src/ASF/common2/boards/user_board/init.o
 .debug_macro   0x0000fab8       0x82 src/ASF/common2/boards/user_board/init.o
 .debug_macro   0x0000fb3a      0x161 src/ASF/common2/boards/user_board/init.o
 .debug_macro   0x0000fc9b       0xdc src/ASF/common2/boards/user_board/init.o
 .debug_macro   0x0000fd77      0x12f src/ASF/common2/boards/user_board/init.o
 .debug_macro   0x0000fea6      0x12f src/ASF/common2/boards/user_board/init.o
 .debug_macro   0x0000ffd5      0x12f src/ASF/common2/boards/user_board/init.o
 .debug_macro   0x00010104      0x12f src/ASF/common2/boards/user_board/init.o
 .debug_macro   0x00010233      0x12f src/ASF/common2/boards/user_board/init.o
 .debug_macro   0x00010362      0x12f src/ASF/common2/boards/user_board/init.o
 .debug_macro   0x00010491      0x124 src/ASF/common2/boards/user_board/init.o
 .debug_macro   0x000105b5       0xe2 src/ASF/common2/boards/user_board/init.o
 .debug_macro   0x00010697       0xe2 src/ASF/common2/boards/user_board/init.o
 .debug_macro   0x00010779       0xe2 src/ASF/common2/boards/user_board/init.o
 .debug_macro   0x0001085b      0x133 src/ASF/common2/boards/user_board/init.o
 .debug_macro   0x0001098e      0x106 src/ASF/common2/boards/user_board/init.o
 .debug_macro   0x00010a94       0xfa src/ASF/common2/boards/user_board/init.o
 .debug_macro   0x00010b8e      0x40f src/ASF/common2/boards/user_board/init.o
 .debug_macro   0x00010f9d       0x40 src/ASF/common2/boards/user_board/init.o
 .debug_macro   0x00010fdd      0x361 src/ASF/common2/boards/user_board/init.o
 .debug_macro   0x0001133e     0x16ed src/ASF/common2/boards/user_board/init.o
 .debug_macro   0x00012a2b       0x6d src/ASF/common2/boards/user_board/init.o
 .debug_macro   0x00012a98       0x52 src/ASF/common2/boards/user_board/init.o
 .debug_macro   0x00012aea       0x35 src/ASF/common2/boards/user_board/init.o
 .debug_macro   0x00012b1f       0x9c src/ASF/common2/boards/user_board/init.o
 .debug_macro   0x00012bbb       0x16 src/ASF/common2/boards/user_board/init.o
 .debug_macro   0x00012bd1       0x35 src/ASF/common2/boards/user_board/init.o
 .debug_macro   0x00012c06      0x330 src/ASF/common2/boards/user_board/init.o
 .debug_macro   0x00012f36       0x10 src/ASF/common2/boards/user_board/init.o
 .debug_macro   0x00012f46       0x52 src/ASF/common2/boards/user_board/init.o
 .debug_macro   0x00012f98       0x16 src/ASF/common2/boards/user_board/init.o
 .debug_macro   0x00012fae       0x43 src/ASF/common2/boards/user_board/init.o
 .debug_macro   0x00012ff1      0x187 src/ASF/common2/boards/user_board/init.o
 .debug_macro   0x00013178       0x22 src/ASF/common2/boards/user_board/init.o
 .debug_macro   0x0001319a       0x3a src/ASF/common2/boards/user_board/init.o
 .debug_macro   0x000131d4       0x10 src/ASF/common2/boards/user_board/init.o
 .debug_macro   0x000131e4       0x40 src/ASF/common2/boards/user_board/init.o
 .debug_macro   0x00013224       0x6c src/ASF/common2/boards/user_board/init.o
 .debug_macro   0x00013290       0x16 src/ASF/common2/boards/user_board/init.o
 .debug_macro   0x000132a6      0x182 src/ASF/common2/boards/user_board/init.o
 .debug_macro   0x00013428       0x16 src/ASF/common2/boards/user_board/init.o
 .debug_macro   0x0001343e       0x16 src/ASF/common2/boards/user_board/init.o
 .debug_macro   0x00013454       0x29 src/ASF/common2/boards/user_board/init.o
 .debug_macro   0x0001347d       0x51 src/ASF/common2/boards/user_board/init.o
 .debug_macro   0x000134ce       0x3f src/ASF/common2/boards/user_board/init.o
 .debug_macro   0x0001350d      0x3df src/ASF/common2/boards/user_board/init.o
 .debug_macro   0x000138ec       0x11 src/ASF/common2/boards/user_board/init.o
 .debug_macro   0x000138fd       0x16 src/ASF/common2/boards/user_board/init.o
 .debug_macro   0x00013913       0x16 src/ASF/common2/boards/user_board/init.o
 .debug_macro   0x00013929      0x2c6 src/ASF/common2/boards/user_board/init.o
 .debug_macro   0x00013bef       0x18 src/ASF/common2/boards/user_board/init.o
 .debug_macro   0x00013c07       0x12 src/ASF/common2/boards/user_board/init.o
 .debug_macro   0x00013c19       0x16 src/ASF/common2/boards/user_board/init.o
 .debug_macro   0x00013c2f       0x2e src/ASF/common2/boards/user_board/init.o
 .debug_macro   0x00013c5d       0xb2 src/ASF/common2/boards/user_board/init.o
 .debug_macro   0x00013d0f       0x10 src/ASF/common2/boards/user_board/init.o
 .debug_macro   0x00013d1f       0x16 src/ASF/common2/boards/user_board/init.o
 .debug_macro   0x00013d35       0x16 src/ASF/common2/boards/user_board/init.o
 .debug_macro   0x00013d4b       0x35 src/ASF/common2/boards/user_board/init.o
 .debug_macro   0x00013d80       0x49 src/ASF/common2/boards/user_board/init.o
 .debug_macro   0x00013dc9      0x50e src/ASF/common2/services/delay/sam0/systick_counter.o
 .debug_macro   0x000142d7      0x4d3 src/ASF/common/utils/interrupt/interrupt_sam_nvic.o
 .debug_macro   0x000147aa      0x4ed src/ASF/sam0/drivers/port/port.o
 .debug_macro   0x00014c97      0x560 src/ASF/sam0/drivers/sercom/sercom.o
 .debug_macro   0x000151f7      0x55d src/ASF/sam0/drivers/sercom/sercom_interrupt.o
 .debug_macro   0x00015754      0x571 src/ASF/sam0/drivers/sercom/usart/usart.o
 .debug_macro   0x00015cc5       0x51 src/ASF/sam0/drivers/sercom/usart/usart.o
 .debug_macro   0x00015d16      0x571 src/ASF/sam0/drivers/sercom/usart/usart_interrupt.o
 .debug_macro   0x00016287      0x544 src/ASF/sam0/drivers/system/clock/clock_samd21_r21_da_ha1/clock.o
 .debug_macro   0x000167cb      0x29d src/ASF/sam0/drivers/system/clock/clock_samd21_r21_da_ha1/clock.o
 .debug_macro   0x00016a68      0x509 src/ASF/sam0/drivers/system/clock/clock_samd21_r21_da_ha1/gclk.o
 .debug_macro   0x00016f71      0x4e3 src/ASF/sam0/drivers/system/pinmux/pinmux.o
 .debug_macro   0x00017454       0x12 src/ASF/sam0/drivers/system/pinmux/pinmux.o
 .debug_macro   0x00017466      0x516 src/ASF/sam0/drivers/system/system.o
 .debug_macro   0x0001797c      0x2e5 src/ASF/sam0/utils/cmsis/samd21/source/gcc/startup_samd21.o
 .debug_macro   0x00017c61       0x3a src/ASF/sam0/utils/cmsis/samd21/source/gcc/startup_samd21.o
 .debug_macro   0x00017c9b      0x4d3 src/ASF/sam0/utils/stdio/read.o
 .debug_macro   0x0001816e      0x4d3 src/ASF/sam0/utils/stdio/write.o
 .debug_macro   0x00018641      0x19c src/ASF/sam0/utils/syscalls/gcc/syscalls.o
 .debug_macro   0x000187dd       0x4c src/ASF/sam0/utils/syscalls/gcc/syscalls.o
 .debug_macro   0x00018829       0x8d src/ASF/sam0/utils/syscalls/gcc/syscalls.o
 .debug_macro   0x000188b6       0x4a src/ASF/sam0/utils/syscalls/gcc/syscalls.o
 .debug_macro   0x00018900       0x97 src/ASF/sam0/utils/syscalls/gcc/syscalls.o
 .debug_macro   0x00018997       0xf6 src/ASF/sam0/utils/syscalls/gcc/syscalls.o
 .debug_macro   0x00018a8d       0x52 src/ASF/sam0/utils/syscalls/gcc/syscalls.o
 .debug_macro   0x00018adf       0x16 src/ASF/sam0/utils/syscalls/gcc/syscalls.o
 .debug_macro   0x00018af5       0x10 src/ASF/sam0/utils/syscalls/gcc/syscalls.o
 .debug_macro   0x00018b05       0x41 src/ASF/sam0/utils/syscalls/gcc/syscalls.o
 .debug_macro   0x00018b46      0x122 src/ASF/sam0/utils/syscalls/gcc/syscalls.o
 .debug_macro   0x00018c68      0x661 src/main.o

.debug_line     0x00000000     0xadf5
 .debug_line    0x00000000      0xd01 src/ASF/common2/boards/user_board/init.o
 .debug_line    0x00000d01      0x98a src/ASF/common2/services/delay/sam0/systick_counter.o
 .debug_line    0x0000168b      0x89b src/ASF/common/utils/interrupt/interrupt_sam_nvic.o
 .debug_line    0x00001f26      0x8cd src/ASF/sam0/drivers/port/port.o
 .debug_line    0x000027f3      0xbe7 src/ASF/sam0/drivers/sercom/sercom.o
 .debug_line    0x000033da      0xb49 src/ASF/sam0/drivers/sercom/sercom_interrupt.o
 .debug_line    0x00003f23      0xd27 src/ASF/sam0/drivers/sercom/usart/usart.o
 .debug_line    0x00004c4a      0xc91 src/ASF/sam0/drivers/sercom/usart/usart_interrupt.o
 .debug_line    0x000058db      0xcce src/ASF/sam0/drivers/system/clock/clock_samd21_r21_da_ha1/clock.o
 .debug_line    0x000065a9      0xb72 src/ASF/sam0/drivers/system/clock/clock_samd21_r21_da_ha1/gclk.o
 .debug_line    0x0000711b      0x93f src/ASF/sam0/drivers/system/pinmux/pinmux.o
 .debug_line    0x00007a5a      0x9be src/ASF/sam0/drivers/system/system.o
 .debug_line    0x00008418      0x650 src/ASF/sam0/utils/cmsis/samd21/source/gcc/startup_samd21.o
 .debug_line    0x00008a68      0x87a src/ASF/sam0/utils/stdio/read.o
 .debug_line    0x000092e2      0x877 src/ASF/sam0/utils/stdio/write.o
 .debug_line    0x00009b59      0x3dc src/ASF/sam0/utils/syscalls/gcc/syscalls.o
 .debug_line    0x00009f35      0xec0 src/main.o

.debug_str      0x00000000    0x867f5
 .debug_str     0x00000000    0x7f7b1 src/ASF/common2/boards/user_board/init.o
                              0x80061 (size before relaxing)
 .debug_str     0x0007f7b1       0xa5 src/ASF/common2/services/delay/sam0/systick_counter.o
                              0x7ea1b (size before relaxing)
 .debug_str     0x0007f856       0x94 src/ASF/common/utils/interrupt/interrupt_sam_nvic.o
                              0x7e822 (size before relaxing)
 .debug_str     0x0007f8ea      0x3aa src/ASF/sam0/drivers/port/port.o
                              0x7ec12 (size before relaxing)
 .debug_str     0x0007fc94      0xe90 src/ASF/sam0/drivers/sercom/sercom.o
                              0x7fecf (size before relaxing)
 .debug_str     0x00080b24      0x545 src/ASF/sam0/drivers/sercom/sercom_interrupt.o
                              0x7fd48 (size before relaxing)
 .debug_str     0x00081069      0xde6 src/ASF/sam0/drivers/sercom/usart/usart.o
                              0x80bcc (size before relaxing)
 .debug_str     0x00081e4f      0x1e8 src/ASF/sam0/drivers/sercom/usart/usart_interrupt.o
                              0x7fee6 (size before relaxing)
 .debug_str     0x00082037     0x27ab src/ASF/sam0/drivers/system/clock/clock_samd21_r21_da_ha1/clock.o
                              0x819b1 (size before relaxing)
 .debug_str     0x000847e2      0x289 src/ASF/sam0/drivers/system/clock/clock_samd21_r21_da_ha1/gclk.o
                              0x7f49c (size before relaxing)
 .debug_str     0x00084a6b      0x1fd src/ASF/sam0/drivers/system/pinmux/pinmux.o
                              0x7ecc4 (size before relaxing)
 .debug_str     0x00084c68       0x47 src/ASF/sam0/drivers/system/system.o
                              0x7e8ff (size before relaxing)
 .debug_str     0x00084caf      0xf01 src/ASF/sam0/utils/cmsis/samd21/source/gcc/startup_samd21.o
                              0x6b068 (size before relaxing)
 .debug_str     0x00085bb0       0x2a src/ASF/sam0/utils/stdio/read.o
                              0x7e7cf (size before relaxing)
 .debug_str     0x00085bda       0x24 src/ASF/sam0/utils/stdio/write.o
                              0x7e7d1 (size before relaxing)
 .debug_str     0x00085bfe      0x734 src/ASF/sam0/utils/syscalls/gcc/syscalls.o
                               0x686c (size before relaxing)
 .debug_str     0x00086332      0x4c3 src/main.o
                              0x81f2b (size before relaxing)

.debug_frame    0x00000000     0x17e8
 .debug_frame   0x00000000       0x2c src/ASF/common2/boards/user_board/init.o
 .debug_frame   0x0000002c       0x8c src/ASF/common2/services/delay/sam0/systick_counter.o
 .debug_frame   0x000000b8       0x4c src/ASF/common/utils/interrupt/interrupt_sam_nvic.o
 .debug_frame   0x00000104       0x70 src/ASF/sam0/drivers/port/port.o
 .debug_frame   0x00000174       0xf8 src/ASF/sam0/drivers/sercom/sercom.o
 .debug_frame   0x0000026c      0x118 src/ASF/sam0/drivers/sercom/sercom_interrupt.o
 .debug_frame   0x00000384      0x190 src/ASF/sam0/drivers/sercom/usart/usart.o
 .debug_frame   0x00000514      0x1e8 src/ASF/sam0/drivers/sercom/usart/usart_interrupt.o
 .debug_frame   0x000006fc      0x2e4 src/ASF/sam0/drivers/system/clock/clock_samd21_r21_da_ha1/clock.o
 .debug_frame   0x000009e0      0x220 src/ASF/sam0/drivers/system/clock/clock_samd21_r21_da_ha1/gclk.o
 .debug_frame   0x00000c00       0xd0 src/ASF/sam0/drivers/system/pinmux/pinmux.o
 .debug_frame   0x00000cd0       0x48 src/ASF/sam0/drivers/system/system.o
 .debug_frame   0x00000d18       0x4c src/ASF/sam0/utils/cmsis/samd21/source/gcc/startup_samd21.o
 .debug_frame   0x00000d64       0x30 src/ASF/sam0/utils/stdio/read.o
 .debug_frame   0x00000d94       0x30 src/ASF/sam0/utils/stdio/write.o
 .debug_frame   0x00000dc4      0x12c src/ASF/sam0/utils/syscalls/gcc/syscalls.o
 .debug_frame   0x00000ef0      0x228 src/main.o
 .debug_frame   0x00001118       0x20 c:/program files (x86)/atmel/studio/7.0/toolchain/arm/arm-gnu-toolchain/bin/../lib/gcc/arm-none-eabi/5.3.1/armv6-m\libgcc.a(_udivsi3.o)
 .debug_frame   0x00001138       0x34 c:/program files (x86)/atmel/studio/7.0/toolchain/arm/arm-gnu-toolchain/bin/../lib/gcc/arm-none-eabi/5.3.1/armv6-m\libgcc.a(_muldi3.o)
 .debug_frame   0x0000116c       0x2c c:/program files (x86)/atmel/studio/7.0/toolchain/arm/arm-gnu-toolchain/bin/../lib/gcc/arm-none-eabi/5.3.1/../../../../arm-none-eabi/lib/armv6-m\libc_nano.a(lib_a-init.o)
 .debug_frame   0x00001198       0x28 c:/program files (x86)/atmel/studio/7.0/toolchain/arm/arm-gnu-toolchain/bin/../lib/gcc/arm-none-eabi/5.3.1/../../../../arm-none-eabi/lib/armv6-m\libc_nano.a(lib_a-memcpy-stub.o)
 .debug_frame   0x000011c0       0x20 c:/program files (x86)/atmel/studio/7.0/toolchain/arm/arm-gnu-toolchain/bin/../lib/gcc/arm-none-eabi/5.3.1/../../../../arm-none-eabi/lib/armv6-m\libc_nano.a(lib_a-memset.o)
 .debug_frame   0x000011e0       0x44 c:/program files (x86)/atmel/studio/7.0/toolchain/arm/arm-gnu-toolchain/bin/../lib/gcc/arm-none-eabi/5.3.1/../../../../arm-none-eabi/lib/armv6-m\libc_nano.a(lib_a-puts.o)
 .debug_frame   0x00001224       0x28 c:/program files (x86)/atmel/studio/7.0/toolchain/arm/arm-gnu-toolchain/bin/../lib/gcc/arm-none-eabi/5.3.1/../../../../arm-none-eabi/lib/armv6-m\libc_nano.a(lib_a-setbuf.o)
 .debug_frame   0x0000124c       0x30 c:/program files (x86)/atmel/studio/7.0/toolchain/arm/arm-gnu-toolchain/bin/../lib/gcc/arm-none-eabi/5.3.1/../../../../arm-none-eabi/lib/armv6-m\libc_nano.a(lib_a-setvbuf.o)
 .debug_frame   0x0000127c       0x48 c:/program files (x86)/atmel/studio/7.0/toolchain/arm/arm-gnu-toolchain/bin/../lib/gcc/arm-none-eabi/5.3.1/../../../../arm-none-eabi/lib/armv6-m\libc_nano.a(lib_a-wbuf.o)
 .debug_frame   0x000012c4       0x2c c:/program files (x86)/atmel/studio/7.0/toolchain/arm/arm-gnu-toolchain/bin/../lib/gcc/arm-none-eabi/5.3.1/../../../../arm-none-eabi/lib/armv6-m\libc_nano.a(lib_a-wsetup.o)
 .debug_frame   0x000012f0       0x68 c:/program files (x86)/atmel/studio/7.0/toolchain/arm/arm-gnu-toolchain/bin/../lib/gcc/arm-none-eabi/5.3.1/../../../../arm-none-eabi/lib/armv6-m\libc_nano.a(lib_a-fflush.o)
 .debug_frame   0x00001358      0x140 c:/program files (x86)/atmel/studio/7.0/toolchain/arm/arm-gnu-toolchain/bin/../lib/gcc/arm-none-eabi/5.3.1/../../../../arm-none-eabi/lib/armv6-m\libc_nano.a(lib_a-findfp.o)
 .debug_frame   0x00001498       0x58 c:/program files (x86)/atmel/studio/7.0/toolchain/arm/arm-gnu-toolchain/bin/../lib/gcc/arm-none-eabi/5.3.1/../../../../arm-none-eabi/lib/armv6-m\libc_nano.a(lib_a-fwalk.o)
 .debug_frame   0x000014f0       0x54 c:/program files (x86)/atmel/studio/7.0/toolchain/arm/arm-gnu-toolchain/bin/../lib/gcc/arm-none-eabi/5.3.1/../../../../arm-none-eabi/lib/armv6-m\libc_nano.a(lib_a-makebuf.o)
 .debug_frame   0x00001544       0x40 c:/program files (x86)/atmel/studio/7.0/toolchain/arm/arm-gnu-toolchain/bin/../lib/gcc/arm-none-eabi/5.3.1/../../../../arm-none-eabi/lib/armv6-m\libc_nano.a(lib_a-malloc.o)
 .debug_frame   0x00001584       0x2c c:/program files (x86)/atmel/studio/7.0/toolchain/arm/arm-gnu-toolchain/bin/../lib/gcc/arm-none-eabi/5.3.1/../../../../arm-none-eabi/lib/armv6-m\libc_nano.a(lib_a-nano-freer.o)
 .debug_frame   0x000015b0       0x2c c:/program files (x86)/atmel/studio/7.0/toolchain/arm/arm-gnu-toolchain/bin/../lib/gcc/arm-none-eabi/5.3.1/../../../../arm-none-eabi/lib/armv6-m\libc_nano.a(lib_a-nano-mallocr.o)
 .debug_frame   0x000015dc       0x2c c:/program files (x86)/atmel/studio/7.0/toolchain/arm/arm-gnu-toolchain/bin/../lib/gcc/arm-none-eabi/5.3.1/../../../../arm-none-eabi/lib/armv6-m\libc_nano.a(lib_a-sbrkr.o)
 .debug_frame   0x00001608       0x90 c:/program files (x86)/atmel/studio/7.0/toolchain/arm/arm-gnu-toolchain/bin/../lib/gcc/arm-none-eabi/5.3.1/../../../../arm-none-eabi/lib/armv6-m\libc_nano.a(lib_a-stdio.o)
 .debug_frame   0x00001698       0x2c c:/program files (x86)/atmel/studio/7.0/toolchain/arm/arm-gnu-toolchain/bin/../lib/gcc/arm-none-eabi/5.3.1/../../../../arm-none-eabi/lib/armv6-m\libc_nano.a(lib_a-writer.o)
 .debug_frame   0x000016c4       0x2c c:/program files (x86)/atmel/studio/7.0/toolchain/arm/arm-gnu-toolchain/bin/../lib/gcc/arm-none-eabi/5.3.1/../../../../arm-none-eabi/lib/armv6-m\libc_nano.a(lib_a-closer.o)
 .debug_frame   0x000016f0       0x2c c:/program files (x86)/atmel/studio/7.0/toolchain/arm/arm-gnu-toolchain/bin/../lib/gcc/arm-none-eabi/5.3.1/../../../../arm-none-eabi/lib/armv6-m\libc_nano.a(lib_a-fstatr.o)
 .debug_frame   0x0000171c       0x2c c:/program files (x86)/atmel/studio/7.0/toolchain/arm/arm-gnu-toolchain/bin/../lib/gcc/arm-none-eabi/5.3.1/../../../../arm-none-eabi/lib/armv6-m\libc_nano.a(lib_a-isattyr.o)
 .debug_frame   0x00001748       0x2c c:/program files (x86)/atmel/studio/7.0/toolchain/arm/arm-gnu-toolchain/bin/../lib/gcc/arm-none-eabi/5.3.1/../../../../arm-none-eabi/lib/armv6-m\libc_nano.a(lib_a-lseekr.o)
 .debug_frame   0x00001774       0x2c c:/program files (x86)/atmel/studio/7.0/toolchain/arm/arm-gnu-toolchain/bin/../lib/gcc/arm-none-eabi/5.3.1/../../../../arm-none-eabi/lib/armv6-m\libc_nano.a(lib_a-readr.o)
 .debug_frame   0x000017a0       0x48 c:/program files (x86)/atmel/studio/7.0/toolchain/arm/arm-gnu-toolchain/bin/../lib/gcc/arm-none-eabi/5.3.1/../../../../arm-none-eabi/lib/armv6-m\libc_nano.a(lib_a-reent.o)

Cross Reference Table

Symbol                                            File
AC_Handler                                        src/ASF/sam0/utils/cmsis/samd21/source/gcc/startup_samd21.o
ADC_Handler                                       src/ASF/sam0/utils/cmsis/samd21/source/gcc/startup_samd21.o
DAC_Handler                                       src/ASF/sam0/utils/cmsis/samd21/source/gcc/startup_samd21.o
DMAC_Handler                                      src/ASF/sam0/utils/cmsis/samd21/source/gcc/startup_samd21.o
Dummy_Handler                                     src/ASF/sam0/utils/cmsis/samd21/source/gcc/startup_samd21.o
EIC_Handler                                       src/ASF/sam0/utils/cmsis/samd21/source/gcc/startup_samd21.o
EVSYS_Handler                                     src/ASF/sam0/utils/cmsis/samd21/source/gcc/startup_samd21.o
HardFault_Handler                                 src/ASF/sam0/utils/cmsis/samd21/source/gcc/startup_samd21.o
I2S_Handler                                       src/ASF/sam0/utils/cmsis/samd21/source/gcc/startup_samd21.o
NMI_Handler                                       src/ASF/sam0/utils/cmsis/samd21/source/gcc/startup_samd21.o
NVMCTRL_Handler                                   src/ASF/sam0/utils/cmsis/samd21/source/gcc/startup_samd21.o
PM_Handler                                        src/ASF/sam0/utils/cmsis/samd21/source/gcc/startup_samd21.o
PTC_Handler                                       src/ASF/sam0/utils/cmsis/samd21/source/gcc/startup_samd21.o
PendSV_Handler                                    src/ASF/sam0/utils/cmsis/samd21/source/gcc/startup_samd21.o
RTC_Handler                                       src/ASF/sam0/utils/cmsis/samd21/source/gcc/startup_samd21.o
Reset_Handler                                     src/ASF/sam0/utils/cmsis/samd21/source/gcc/startup_samd21.o
SERCOM0_Handler                                   src/ASF/sam0/drivers/sercom/sercom_interrupt.o
SERCOM1_Handler                                   src/ASF/sam0/drivers/sercom/sercom_interrupt.o
SERCOM2_Handler                                   src/ASF/sam0/drivers/sercom/sercom_interrupt.o
SERCOM3_Handler                                   src/ASF/sam0/drivers/sercom/sercom_interrupt.o
SERCOM4_Handler                                   src/ASF/sam0/drivers/sercom/sercom_interrupt.o
SERCOM5_Handler                                   src/ASF/sam0/drivers/sercom/sercom_interrupt.o
SVC_Handler                                       src/ASF/sam0/utils/cmsis/samd21/source/gcc/startup_samd21.o
SYSCTRL_Handler                                   src/ASF/sam0/utils/cmsis/samd21/source/gcc/startup_samd21.o
SysTick_Handler                                   src/ASF/sam0/utils/cmsis/samd21/source/gcc/startup_samd21.o
SystemCoreClock                                   src/ASF/sam0/utils/cmsis/samd21/source/system_samd21.o
SystemCoreClockUpdate                             src/ASF/sam0/utils/cmsis/samd21/source/system_samd21.o
SystemInit                                        src/ASF/sam0/utils/cmsis/samd21/source/system_samd21.o
TC3_Handler                                       src/ASF/sam0/utils/cmsis/samd21/source/gcc/startup_samd21.o
TC4_Handler                                       src/ASF/sam0/utils/cmsis/samd21/source/gcc/startup_samd21.o
TC5_Handler                                       src/ASF/sam0/utils/cmsis/samd21/source/gcc/startup_samd21.o
TCC0_Handler                                      src/ASF/sam0/utils/cmsis/samd21/source/gcc/startup_samd21.o
TCC1_Handler                                      src/ASF/sam0/utils/cmsis/samd21/source/gcc/startup_samd21.o
TCC2_Handler                                      src/ASF/sam0/utils/cmsis/samd21/source/gcc/startup_samd21.o
USB_Handler                                       src/ASF/sam0/utils/cmsis/samd21/source/gcc/startup_samd21.o
WDT_Handler                                       src/ASF/sam0/utils/cmsis/samd21/source/gcc/startup_samd21.o
_Jv_RegisterClasses                               c:/program files (x86)/atmel/studio/7.0/toolchain/arm/arm-gnu-toolchain/bin/../lib/gcc/arm-none-eabi/5.3.1/armv6-m/crtbegin.o
__aeabi_idiv0                                     c:/program files (x86)/atmel/studio/7.0/toolchain/arm/arm-gnu-toolchain/bin/../lib/gcc/arm-none-eabi/5.3.1/armv6-m\libgcc.a(_dvmd_tls.o)
                                                  c:/program files (x86)/atmel/studio/7.0/toolchain/arm/arm-gnu-toolchain/bin/../lib/gcc/arm-none-eabi/5.3.1/armv6-m\libgcc.a(_udivsi3.o)
__aeabi_ldiv0                                     c:/program files (x86)/atmel/studio/7.0/toolchain/arm/arm-gnu-toolchain/bin/../lib/gcc/arm-none-eabi/5.3.1/armv6-m\libgcc.a(_dvmd_tls.o)
__aeabi_lmul                                      c:/program files (x86)/atmel/studio/7.0/toolchain/arm/arm-gnu-toolchain/bin/../lib/gcc/arm-none-eabi/5.3.1/armv6-m\libgcc.a(_muldi3.o)
                                                  src/ASF/sam0/drivers/sercom/sercom.o
__aeabi_uidiv                                     c:/program files (x86)/atmel/studio/7.0/toolchain/arm/arm-gnu-toolchain/bin/../lib/gcc/arm-none-eabi/5.3.1/armv6-m\libgcc.a(_udivsi3.o)
                                                  src/ASF/sam0/drivers/system/clock/clock_samd21_r21_da_ha1/gclk.o
                                                  src/ASF/sam0/drivers/system/clock/clock_samd21_r21_da_ha1/clock.o
                                                  src/ASF/common2/services/delay/sam0/systick_counter.o
__aeabi_uidivmod                                  c:/program files (x86)/atmel/studio/7.0/toolchain/arm/arm-gnu-toolchain/bin/../lib/gcc/arm-none-eabi/5.3.1/armv6-m\libgcc.a(_udivsi3.o)
__bss_end__                                       c:/program files (x86)/atmel/studio/7.0/toolchain/arm/arm-gnu-toolchain/bin/../lib/gcc/arm-none-eabi/5.3.1/../../../../arm-none-eabi/lib/armv6-m/crt0.o
__bss_start__                                     c:/program files (x86)/atmel/studio/7.0/toolchain/arm/arm-gnu-toolchain/bin/../lib/gcc/arm-none-eabi/5.3.1/../../../../arm-none-eabi/lib/armv6-m/crt0.o
__call_exitprocs                                  c:/program files (x86)/atmel/studio/7.0/toolchain/arm/arm-gnu-toolchain/bin/../lib/gcc/arm-none-eabi/5.3.1/../../../../arm-none-eabi/lib/armv6-m\libc_nano.a(lib_a-exit.o)
__deregister_frame_info                           c:/program files (x86)/atmel/studio/7.0/toolchain/arm/arm-gnu-toolchain/bin/../lib/gcc/arm-none-eabi/5.3.1/armv6-m/crtbegin.o
__dso_handle                                      c:/program files (x86)/atmel/studio/7.0/toolchain/arm/arm-gnu-toolchain/bin/../lib/gcc/arm-none-eabi/5.3.1/armv6-m/crtbegin.o
__fp_lock_all                                     c:/program files (x86)/atmel/studio/7.0/toolchain/arm/arm-gnu-toolchain/bin/../lib/gcc/arm-none-eabi/5.3.1/../../../../arm-none-eabi/lib/armv6-m\libc_nano.a(lib_a-findfp.o)
__fp_unlock_all                                   c:/program files (x86)/atmel/studio/7.0/toolchain/arm/arm-gnu-toolchain/bin/../lib/gcc/arm-none-eabi/5.3.1/../../../../arm-none-eabi/lib/armv6-m\libc_nano.a(lib_a-findfp.o)
__init_array_end                                  c:/program files (x86)/atmel/studio/7.0/toolchain/arm/arm-gnu-toolchain/bin/../lib/gcc/arm-none-eabi/5.3.1/../../../../arm-none-eabi/lib/armv6-m\libc_nano.a(lib_a-init.o)
__init_array_start                                c:/program files (x86)/atmel/studio/7.0/toolchain/arm/arm-gnu-toolchain/bin/../lib/gcc/arm-none-eabi/5.3.1/../../../../arm-none-eabi/lib/armv6-m\libc_nano.a(lib_a-init.o)
__libc_fini_array                                 c:/program files (x86)/atmel/studio/7.0/toolchain/arm/arm-gnu-toolchain/bin/../lib/gcc/arm-none-eabi/5.3.1/../../../../arm-none-eabi/lib/armv6-m/crt0.o
__libc_init_array                                 c:/program files (x86)/atmel/studio/7.0/toolchain/arm/arm-gnu-toolchain/bin/../lib/gcc/arm-none-eabi/5.3.1/../../../../arm-none-eabi/lib/armv6-m\libc_nano.a(lib_a-init.o)
                                                  src/ASF/sam0/utils/cmsis/samd21/source/gcc/startup_samd21.o
                                                  c:/program files (x86)/atmel/studio/7.0/toolchain/arm/arm-gnu-toolchain/bin/../lib/gcc/arm-none-eabi/5.3.1/../../../../arm-none-eabi/lib/armv6-m/crt0.o
__malloc_free_list                                c:/program files (x86)/atmel/studio/7.0/toolchain/arm/arm-gnu-toolchain/bin/../lib/gcc/arm-none-eabi/5.3.1/../../../../arm-none-eabi/lib/armv6-m\libc_nano.a(lib_a-nano-mallocr.o)
                                                  c:/program files (x86)/atmel/studio/7.0/toolchain/arm/arm-gnu-toolchain/bin/../lib/gcc/arm-none-eabi/5.3.1/../../../../arm-none-eabi/lib/armv6-m\libc_nano.a(lib_a-nano-freer.o)
__malloc_sbrk_start                               c:/program files (x86)/atmel/studio/7.0/toolchain/arm/arm-gnu-toolchain/bin/../lib/gcc/arm-none-eabi/5.3.1/../../../../arm-none-eabi/lib/armv6-m\libc_nano.a(lib_a-nano-mallocr.o)
__muldi3                                          c:/program files (x86)/atmel/studio/7.0/toolchain/arm/arm-gnu-toolchain/bin/../lib/gcc/arm-none-eabi/5.3.1/armv6-m\libgcc.a(_muldi3.o)
__preinit_array_end                               c:/program files (x86)/atmel/studio/7.0/toolchain/arm/arm-gnu-toolchain/bin/../lib/gcc/arm-none-eabi/5.3.1/../../../../arm-none-eabi/lib/armv6-m\libc_nano.a(lib_a-init.o)
__preinit_array_start                             c:/program files (x86)/atmel/studio/7.0/toolchain/arm/arm-gnu-toolchain/bin/../lib/gcc/arm-none-eabi/5.3.1/../../../../arm-none-eabi/lib/armv6-m\libc_nano.a(lib_a-init.o)
__register_frame_info                             c:/program files (x86)/atmel/studio/7.0/toolchain/arm/arm-gnu-toolchain/bin/../lib/gcc/arm-none-eabi/5.3.1/armv6-m/crtbegin.o
__sclose                                          c:/program files (x86)/atmel/studio/7.0/toolchain/arm/arm-gnu-toolchain/bin/../lib/gcc/arm-none-eabi/5.3.1/../../../../arm-none-eabi/lib/armv6-m\libc_nano.a(lib_a-stdio.o)
                                                  c:/program files (x86)/atmel/studio/7.0/toolchain/arm/arm-gnu-toolchain/bin/../lib/gcc/arm-none-eabi/5.3.1/../../../../arm-none-eabi/lib/armv6-m\libc_nano.a(lib_a-findfp.o)
__seofread                                        c:/program files (x86)/atmel/studio/7.0/toolchain/arm/arm-gnu-toolchain/bin/../lib/gcc/arm-none-eabi/5.3.1/../../../../arm-none-eabi/lib/armv6-m\libc_nano.a(lib_a-stdio.o)
__sf_fake_stderr                                  c:/program files (x86)/atmel/studio/7.0/toolchain/arm/arm-gnu-toolchain/bin/../lib/gcc/arm-none-eabi/5.3.1/../../../../arm-none-eabi/lib/armv6-m\libc_nano.a(lib_a-findfp.o)
                                                  c:/program files (x86)/atmel/studio/7.0/toolchain/arm/arm-gnu-toolchain/bin/../lib/gcc/arm-none-eabi/5.3.1/../../../../arm-none-eabi/lib/armv6-m\libc_nano.a(lib_a-fflush.o)
                                                  c:/program files (x86)/atmel/studio/7.0/toolchain/arm/arm-gnu-toolchain/bin/../lib/gcc/arm-none-eabi/5.3.1/../../../../arm-none-eabi/lib/armv6-m\libc_nano.a(lib_a-wsetup.o)
                                                  c:/program files (x86)/atmel/studio/7.0/toolchain/arm/arm-gnu-toolchain/bin/../lib/gcc/arm-none-eabi/5.3.1/../../../../arm-none-eabi/lib/armv6-m\libc_nano.a(lib_a-wbuf.o)
                                                  c:/program files (x86)/atmel/studio/7.0/toolchain/arm/arm-gnu-toolchain/bin/../lib/gcc/arm-none-eabi/5.3.1/../../../../arm-none-eabi/lib/armv6-m\libc_nano.a(lib_a-setvbuf.o)
                                                  c:/program files (x86)/atmel/studio/7.0/toolchain/arm/arm-gnu-toolchain/bin/../lib/gcc/arm-none-eabi/5.3.1/../../../../arm-none-eabi/lib/armv6-m\libc_nano.a(lib_a-puts.o)
                                                  c:/program files (x86)/atmel/studio/7.0/toolchain/arm/arm-gnu-toolchain/bin/../lib/gcc/arm-none-eabi/5.3.1/../../../../arm-none-eabi/lib/armv6-m\libc_nano.a(lib_a-impure.o)
__sf_fake_stdin                                   c:/program files (x86)/atmel/studio/7.0/toolchain/arm/arm-gnu-toolchain/bin/../lib/gcc/arm-none-eabi/5.3.1/../../../../arm-none-eabi/lib/armv6-m\libc_nano.a(lib_a-findfp.o)
                                                  c:/program files (x86)/atmel/studio/7.0/toolchain/arm/arm-gnu-toolchain/bin/../lib/gcc/arm-none-eabi/5.3.1/../../../../arm-none-eabi/lib/armv6-m\libc_nano.a(lib_a-fflush.o)
                                                  c:/program files (x86)/atmel/studio/7.0/toolchain/arm/arm-gnu-toolchain/bin/../lib/gcc/arm-none-eabi/5.3.1/../../../../arm-none-eabi/lib/armv6-m\libc_nano.a(lib_a-wsetup.o)
                                                  c:/program files (x86)/atmel/studio/7.0/toolchain/arm/arm-gnu-toolchain/bin/../lib/gcc/arm-none-eabi/5.3.1/../../../../arm-none-eabi/lib/armv6-m\libc_nano.a(lib_a-wbuf.o)
                                                  c:/program files (x86)/atmel/studio/7.0/toolchain/arm/arm-gnu-toolchain/bin/../lib/gcc/arm-none-eabi/5.3.1/../../../../arm-none-eabi/lib/armv6-m\libc_nano.a(lib_a-setvbuf.o)
                                                  c:/program files (x86)/atmel/studio/7.0/toolchain/arm/arm-gnu-toolchain/bin/../lib/gcc/arm-none-eabi/5.3.1/../../../../arm-none-eabi/lib/armv6-m\libc_nano.a(lib_a-puts.o)
                                                  c:/program files (x86)/atmel/studio/7.0/toolchain/arm/arm-gnu-toolchain/bin/../lib/gcc/arm-none-eabi/5.3.1/../../../../arm-none-eabi/lib/armv6-m\libc_nano.a(lib_a-impure.o)
__sf_fake_stdout                                  c:/program files (x86)/atmel/studio/7.0/toolchain/arm/arm-gnu-toolchain/bin/../lib/gcc/arm-none-eabi/5.3.1/../../../../arm-none-eabi/lib/armv6-m\libc_nano.a(lib_a-findfp.o)
                                                  c:/program files (x86)/atmel/studio/7.0/toolchain/arm/arm-gnu-toolchain/bin/../lib/gcc/arm-none-eabi/5.3.1/../../../../arm-none-eabi/lib/armv6-m\libc_nano.a(lib_a-fflush.o)
                                                  c:/program files (x86)/atmel/studio/7.0/toolchain/arm/arm-gnu-toolchain/bin/../lib/gcc/arm-none-eabi/5.3.1/../../../../arm-none-eabi/lib/armv6-m\libc_nano.a(lib_a-wsetup.o)
                                                  c:/program files (x86)/atmel/studio/7.0/toolchain/arm/arm-gnu-toolchain/bin/../lib/gcc/arm-none-eabi/5.3.1/../../../../arm-none-eabi/lib/armv6-m\libc_nano.a(lib_a-wbuf.o)
                                                  c:/program files (x86)/atmel/studio/7.0/toolchain/arm/arm-gnu-toolchain/bin/../lib/gcc/arm-none-eabi/5.3.1/../../../../arm-none-eabi/lib/armv6-m\libc_nano.a(lib_a-setvbuf.o)
                                                  c:/program files (x86)/atmel/studio/7.0/toolchain/arm/arm-gnu-toolchain/bin/../lib/gcc/arm-none-eabi/5.3.1/../../../../arm-none-eabi/lib/armv6-m\libc_nano.a(lib_a-puts.o)
                                                  c:/program files (x86)/atmel/studio/7.0/toolchain/arm/arm-gnu-toolchain/bin/../lib/gcc/arm-none-eabi/5.3.1/../../../../arm-none-eabi/lib/armv6-m\libc_nano.a(lib_a-impure.o)
__sflush_r                                        c:/program files (x86)/atmel/studio/7.0/toolchain/arm/arm-gnu-toolchain/bin/../lib/gcc/arm-none-eabi/5.3.1/../../../../arm-none-eabi/lib/armv6-m\libc_nano.a(lib_a-fflush.o)
__sfmoreglue                                      c:/program files (x86)/atmel/studio/7.0/toolchain/arm/arm-gnu-toolchain/bin/../lib/gcc/arm-none-eabi/5.3.1/../../../../arm-none-eabi/lib/armv6-m\libc_nano.a(lib_a-findfp.o)