Archive member included to satisfy reference by file (symbol)

c:/program files (x86)/atmel/studio/7.0/toolchain/arm/arm-gnu-toolchain/bin/../lib/gcc/arm-none-eabi/6.2.1/thumb/v6-m\libgcc.a(_udivsi3.o)
                              src/ASF/common2/services/delay/sam0/systick_counter.o (__aeabi_uidiv)
c:/program files (x86)/atmel/studio/7.0/toolchain/arm/arm-gnu-toolchain/bin/../lib/gcc/arm-none-eabi/6.2.1/thumb/v6-m\libgcc.a(_dvmd_tls.o)
                              c:/program files (x86)/atmel/studio/7.0/toolchain/arm/arm-gnu-toolchain/bin/../lib/gcc/arm-none-eabi/6.2.1/thumb/v6-m\libgcc.a(_udivsi3.o) (__aeabi_idiv0)
c:/program files (x86)/atmel/studio/7.0/toolchain/arm/arm-gnu-toolchain/bin/../lib/gcc/arm-none-eabi/6.2.1/thumb/v6-m\libgcc.a(_muldi3.o)
                              src/ASF/sam0/drivers/sercom/sercom.o (__aeabi_lmul)
c:/program files (x86)/atmel/studio/7.0/toolchain/arm/arm-gnu-toolchain/bin/../lib/gcc/arm-none-eabi/6.2.1/../../../../arm-none-eabi/lib/thumb/v6-m\libc_nano.a(lib_a-exit.o)
                              c:/program files (x86)/atmel/studio/7.0/toolchain/arm/arm-gnu-toolchain/bin/../lib/gcc/arm-none-eabi/6.2.1/../../../../arm-none-eabi/lib/thumb/v6-m/crt0.o (exit)
c:/program files (x86)/atmel/studio/7.0/toolchain/arm/arm-gnu-toolchain/bin/../lib/gcc/arm-none-eabi/6.2.1/../../../../arm-none-eabi/lib/thumb/v6-m\libc_nano.a(lib_a-impure.o)
                              c:/program files (x86)/atmel/studio/7.0/toolchain/arm/arm-gnu-toolchain/bin/../lib/gcc/arm-none-eabi/6.2.1/../../../../arm-none-eabi/lib/thumb/v6-m\libc_nano.a(lib_a-exit.o) (_global_impure_ptr)
c:/program files (x86)/atmel/studio/7.0/toolchain/arm/arm-gnu-toolchain/bin/../lib/gcc/arm-none-eabi/6.2.1/../../../../arm-none-eabi/lib/thumb/v6-m\libc_nano.a(lib_a-init.o)
                              c:/program files (x86)/atmel/studio/7.0/toolchain/arm/arm-gnu-toolchain/bin/../lib/gcc/arm-none-eabi/6.2.1/../../../../arm-none-eabi/lib/thumb/v6-m/crt0.o (__libc_init_array)
c:/program files (x86)/atmel/studio/7.0/toolchain/arm/arm-gnu-toolchain/bin/../lib/gcc/arm-none-eabi/6.2.1/../../../../arm-none-eabi/lib/thumb/v6-m\libc_nano.a(lib_a-memcpy-stub.o)
                              src/ASF/sam0/drivers/sercom/sercom_interrupt.o (memcpy)
c:/program files (x86)/atmel/studio/7.0/toolchain/arm/arm-gnu-toolchain/bin/../lib/gcc/arm-none-eabi/6.2.1/../../../../arm-none-eabi/lib/thumb/v6-m\libc_nano.a(lib_a-memset.o)
                              c:/program files (x86)/atmel/studio/7.0/toolchain/arm/arm-gnu-toolchain/bin/../lib/gcc/arm-none-eabi/6.2.1/../../../../arm-none-eabi/lib/thumb/v6-m/crt0.o (memset)
c:/program files (x86)/atmel/studio/7.0/toolchain/arm/arm-gnu-toolchain/bin/../lib/gcc/arm-none-eabi/6.2.1/../../../../arm-none-eabi/lib/thumb/v6-m\libc_nano.a(lib_a-printf.o)
                              src/main.o (printf)
c:/program files (x86)/atmel/studio/7.0/toolchain/arm/arm-gnu-toolchain/bin/../lib/gcc/arm-none-eabi/6.2.1/../../../../arm-none-eabi/lib/thumb/v6-m\libc_nano.a(lib_a-puts.o)
                              src/main.o (puts)
c:/program files (x86)/atmel/studio/7.0/toolchain/arm/arm-gnu-toolchain/bin/../lib/gcc/arm-none-eabi/6.2.1/../../../../arm-none-eabi/lib/thumb/v6-m\libc_nano.a(lib_a-setbuf.o)
                              src/main.o (setbuf)
c:/program files (x86)/atmel/studio/7.0/toolchain/arm/arm-gnu-toolchain/bin/../lib/gcc/arm-none-eabi/6.2.1/../../../../arm-none-eabi/lib/thumb/v6-m\libc_nano.a(lib_a-setvbuf.o)
                              c:/program files (x86)/atmel/studio/7.0/toolchain/arm/arm-gnu-toolchain/bin/../lib/gcc/arm-none-eabi/6.2.1/../../../../arm-none-eabi/lib/thumb/v6-m\libc_nano.a(lib_a-setbuf.o) (setvbuf)
c:/program files (x86)/atmel/studio/7.0/toolchain/arm/arm-gnu-toolchain/bin/../lib/gcc/arm-none-eabi/6.2.1/../../../../arm-none-eabi/lib/thumb/v6-m\libc_nano.a(lib_a-wbuf.o)
                              c:/program files (x86)/atmel/studio/7.0/toolchain/arm/arm-gnu-toolchain/bin/../lib/gcc/arm-none-eabi/6.2.1/../../../../arm-none-eabi/lib/thumb/v6-m\libc_nano.a(lib_a-puts.o) (__swbuf_r)
c:/program files (x86)/atmel/studio/7.0/toolchain/arm/arm-gnu-toolchain/bin/../lib/gcc/arm-none-eabi/6.2.1/../../../../arm-none-eabi/lib/thumb/v6-m\libc_nano.a(lib_a-wsetup.o)
                              c:/program files (x86)/atmel/studio/7.0/toolchain/arm/arm-gnu-toolchain/bin/../lib/gcc/arm-none-eabi/6.2.1/../../../../arm-none-eabi/lib/thumb/v6-m\libc_nano.a(lib_a-puts.o) (__swsetup_r)
c:/program files (x86)/atmel/studio/7.0/toolchain/arm/arm-gnu-toolchain/bin/../lib/gcc/arm-none-eabi/6.2.1/../../../../arm-none-eabi/lib/thumb/v6-m\libc_nano.a(lib_a-fflush.o)
                              c:/program files (x86)/atmel/studio/7.0/toolchain/arm/arm-gnu-toolchain/bin/../lib/gcc/arm-none-eabi/6.2.1/../../../../arm-none-eabi/lib/thumb/v6-m\libc_nano.a(lib_a-setvbuf.o) (_fflush_r)
[...]
Memory Configuration

Name             Origin             Length             Attributes
rom              0x00000000         0x00040000         xr
ram              0x20000000         0x00008000         xrw
*default*        0x00000000         0xffffffff

Linker script and memory map

LOAD c:/program files (x86)/atmel/studio/7.0/toolchain/arm/arm-gnu-toolchain/bin/../lib/gcc/arm-none-eabi/6.2.1/thumb/v6-m/crti.o
LOAD c:/program files (x86)/atmel/studio/7.0/toolchain/arm/arm-gnu-toolchain/bin/../lib/gcc/arm-none-eabi/6.2.1/thumb/v6-m/crtbegin.o
LOAD c:/program files (x86)/atmel/studio/7.0/toolchain/arm/arm-gnu-toolchain/bin/../lib/gcc/arm-none-eabi/6.2.1/../../../../arm-none-eabi/lib/thumb/v6-m/crt0.o
LOAD src/ASF/common2/boards/user_board/init.o
LOAD src/ASF/common2/services/delay/sam0/systick_counter.o
LOAD src/ASF/common/utils/interrupt/interrupt_sam_nvic.o
LOAD src/ASF/sam0/drivers/nvm/nvm.o
LOAD src/ASF/sam0/drivers/port/port.o
LOAD src/ASF/sam0/drivers/sercom/sercom.o
LOAD src/ASF/sam0/drivers/sercom/sercom_interrupt.o
LOAD src/ASF/sam0/drivers/sercom/spi/spi.o
LOAD src/ASF/sam0/drivers/sercom/spi/spi_interrupt.o
LOAD src/ASF/sam0/drivers/sercom/usart/usart.o
LOAD src/ASF/sam0/drivers/sercom/usart/usart_interrupt.o
LOAD src/ASF/sam0/drivers/system/clock/clock_samd21_r21_da_ha1/clock.o
LOAD src/ASF/sam0/drivers/system/clock/clock_samd21_r21_da_ha1/gclk.o
LOAD src/ASF/sam0/drivers/system/interrupt/system_interrupt.o
LOAD src/ASF/sam0/drivers/system/pinmux/pinmux.o
LOAD src/ASF/sam0/drivers/system/system.o
LOAD src/ASF/sam0/utils/cmsis/samd21/source/gcc/startup_samd21.o
LOAD src/ASF/sam0/utils/cmsis/samd21/source/system_samd21.o
LOAD src/ASF/sam0/utils/stdio/read.o
LOAD src/ASF/sam0/utils/stdio/write.o
LOAD src/ASF/sam0/utils/syscalls/gcc/syscalls.o
LOAD src/main.o
START GROUP
LOAD ../src/ASF/thirdparty/CMSIS/Lib/GCC\libarm_cortexM0l_math.a
LOAD c:/program files (x86)/atmel/studio/7.0/toolchain/arm/arm-gnu-toolchain/bin/../lib/gcc/arm-none-eabi/6.2.1/../../../../arm-none-eabi/lib/thumb/v6-m\libm.a
END GROUP
START GROUP
LOAD c:/program files (x86)/atmel/studio/7.0/toolchain/arm/arm-gnu-toolchain/bin/../lib/gcc/arm-none-eabi/6.2.1/thumb/v6-m\libgcc.a
LOAD c:/program files (x86)/atmel/studio/7.0/toolchain/arm/arm-gnu-toolchain/bin/../lib/gcc/arm-none-eabi/6.2.1/../../../../arm-none-eabi/lib/thumb/v6-m\libc_nano.a
END GROUP
START GROUP
LOAD c:/program files (x86)/atmel/studio/7.0/toolchain/arm/arm-gnu-toolchain/bin/../lib/gcc/arm-none-eabi/6.2.1/thumb/v6-m\libgcc.a
LOAD c:/program files (x86)/atmel/studio/7.0/toolchain/arm/arm-gnu-toolchain/bin/../lib/gcc/arm-none-eabi/6.2.1/../../../../arm-none-eabi/lib/thumb/v6-m\libc_nano.a
END GROUP
LOAD c:/program files (x86)/atmel/studio/7.0/toolchain/arm/arm-gnu-toolchain/bin/../lib/gcc/arm-none-eabi/6.2.1/thumb/v6-m/crtend.o
LOAD c:/program files (x86)/atmel/studio/7.0/toolchain/arm/arm-gnu-toolchain/bin/../lib/gcc/arm-none-eabi/6.2.1/thumb/v6-m/crtn.o
                0x00002000                STACK_SIZE = DEFINED (STACK_SIZE)?STACK_SIZE:DEFINED (__stack_size__)?__stack_size__:0x2000

.text           0x00000000     0x4680
                0x00000000                . = ALIGN (0x4)
                0x00000000                _sfixed = .
 *(.vectors .vectors.*)
 .vectors       0x00000000       0xb4 src/ASF/sam0/utils/cmsis/samd21/source/gcc/startup_samd21.o
                0x00000000                exception_table
 *(.text .text.* .gnu.linkonce.t.*)
 .text          0x000000b4       0x60 c:/program files (x86)/atmel/studio/7.0/toolchain/arm/arm-gnu-toolchain/bin/../lib/gcc/arm-none-eabi/6.2.1/thumb/v6-m/crtbegin.o
 .text.system_board_init
                0x00000114        0xa src/ASF/common2/boards/user_board/init.o
                0x00000114                board_init
                0x00000114                system_board_init
 *fill*         0x0000011e        0x2 
 .text.delay_cycles
                0x00000120       0x34 src/ASF/common2/services/delay/sam0/systick_counter.o
 .text.delay_init
                0x00000154       0x58 src/ASF/common2/services/delay/sam0/systick_counter.o
                0x00000154                delay_init
 .text.delay_cycles_ms
                0x000001ac       0x30 src/ASF/common2/services/delay/sam0/systick_counter.o
                0x000001ac                delay_cycles_ms
 .text.cpu_irq_enter_critical
                0x000001dc       0x54 src/ASF/common/utils/interrupt/interrupt_sam_nvic.o
                0x000001dc                cpu_irq_enter_critical
 .text.cpu_irq_leave_critical
                0x00000230       0x40 src/ASF/common/utils/interrupt/interrupt_sam_nvic.o
                0x00000230                cpu_irq_leave_critical
 .text.nvm_is_ready
                0x00000270       0x28 src/ASF/sam0/drivers/nvm/nvm.o
 .text.system_apb_clock_set_mask
                0x00000298       0x5c src/ASF/sam0/drivers/nvm/nvm.o
 .text.nvm_set_config
                0x000002f4       0xe0 src/ASF/sam0/drivers/nvm/nvm.o
                0x000002f4                nvm_set_config
 .text.nvm_execute_command
                0x000003d4      0x110 src/ASF/sam0/drivers/nvm/nvm.o
                0x000003d4                nvm_execute_command
 .text.nvm_write_buffer
                0x000004e4      0x154 src/ASF/sam0/drivers/nvm/nvm.o
                0x000004e4                nvm_write_buffer
 .text.nvm_erase_row
                0x00000638       0x9c src/ASF/sam0/drivers/nvm/nvm.o
                0x00000638                nvm_erase_row
 .text.system_pinmux_get_config_defaults
                0x000006d4       0x28 src/ASF/sam0/drivers/port/port.o
 .text.port_pin_set_config
                0x000006fc       0x60 src/ASF/sam0/drivers/port/port.o
                0x000006fc                port_pin_set_config
 .text.system_gclk_chan_get_config_defaults
                0x0000075c       0x16 src/ASF/sam0/drivers/sercom/sercom.o
 .text.long_division
                0x00000772       0xe0 src/ASF/sam0/drivers/sercom/sercom.o
 .text._sercom_get_sync_baud_val
                0x00000852       0x7c src/ASF/sam0/drivers/sercom/sercom.o
                0x00000852                _sercom_get_sync_baud_val
 *fill*         0x000008ce        0x2 
 .text._sercom_get_async_baud_val
                0x000008d0      0x1c0 src/ASF/sam0/drivers/sercom/sercom.o
                0x000008d0                _sercom_get_async_baud_val
 .text.sercom_set_gclk_generator
                0x00000a90       0x8c src/ASF/sam0/drivers/sercom/sercom.o
                0x00000a90                sercom_set_gclk_generator
 .text._sercom_get_default_pad
                0x00000b1c      0x1bc src/ASF/sam0/drivers/sercom/sercom.o
                0x00000b1c                _sercom_get_default_pad
 .text._sercom_get_sercom_inst_index
                0x00000cd8       0x50 src/ASF/sam0/drivers/sercom/sercom.o
                0x00000cd8                _sercom_get_sercom_inst_index
 .text._sercom_default_handler
                0x00000d28       0x14 src/ASF/sam0/drivers/sercom/sercom_interrupt.o
 .text._sercom_set_handler
                0x00000d3c       0x6c src/ASF/sam0/drivers/sercom/sercom_interrupt.o
                0x00000d3c                _sercom_set_handler
 .text._sercom_get_interrupt_vector
                0x00000da8       0x4c src/ASF/sam0/drivers/sercom/sercom_interrupt.o
                0x00000da8                _sercom_get_interrupt_vector
 .text.SERCOM0_Handler
                0x00000df4       0x18 src/ASF/sam0/drivers/sercom/sercom_interrupt.o
                0x00000df4                SERCOM0_Handler
 .text.SERCOM1_Handler
                0x00000e0c       0x18 src/ASF/sam0/drivers/sercom/sercom_interrupt.o
                0x00000e0c                SERCOM1_Handler
 .text.SERCOM2_Handler
                0x00000e24       0x18 src/ASF/sam0/drivers/sercom/sercom_interrupt.o
                0x00000e24                SERCOM2_Handler
 .text.SERCOM3_Handler
                0x00000e3c       0x18 src/ASF/sam0/drivers/sercom/sercom_interrupt.o
                0x00000e3c                SERCOM3_Handler
 .text.SERCOM4_Handler
                0x00000e54       0x18 src/ASF/sam0/drivers/sercom/sercom_interrupt.o
                0x00000e54                SERCOM4_Handler
 .text.SERCOM5_Handler
                0x00000e6c       0x18 src/ASF/sam0/drivers/sercom/sercom_interrupt.o
                0x00000e6c                SERCOM5_Handler
 .text.system_gclk_chan_get_config_defaults
                0x00000e84       0x16 src/ASF/sam0/drivers/sercom/usart/usart.o
 *fill*         0x00000e9a        0x2 
 .text.system_apb_clock_set_mask
                0x00000e9c       0x5c src/ASF/sam0/drivers/sercom/usart/usart.o
 .text.system_pinmux_get_config_defaults
                0x00000ef8       0x28 src/ASF/sam0/drivers/sercom/usart/usart.o
 .text.system_is_debugger_present
                0x00000f20       0x20 src/ASF/sam0/drivers/sercom/usart/usart.o
 .text.usart_is_syncing
                0x00000f40       0x20 src/ASF/sam0/drivers/sercom/usart/usart.o
 .text._usart_wait_for_sync
                0x00000f60       0x24 src/ASF/sam0/drivers/sercom/usart/usart.o
 .text._usart_set_config
                0x00000f84      0x2dc src/ASF/sam0/drivers/sercom/usart/usart.o
 .text.usart_init
                0x00001260      0x274 src/ASF/sam0/drivers/sercom/usart/usart.o
                0x00001260                usart_init
 .text.usart_write_wait
                0x000014d4       0x64 src/ASF/sam0/drivers/sercom/usart/usart.o
                0x000014d4                usart_write_wait
 .text.usart_read_wait
                0x00001538       0xec src/ASF/sam0/drivers/sercom/usart/usart.o
                0x00001538                usart_read_wait
 .text.usart_is_syncing
                0x00001624       0x20 src/ASF/sam0/drivers/sercom/usart/usart_interrupt.o
 .text._usart_wait_for_sync
                0x00001644       0x24 src/ASF/sam0/drivers/sercom/usart/usart_interrupt.o
 .text._usart_interrupt_handler
                0x00001668      0x340 src/ASF/sam0/drivers/sercom/usart/usart_interrupt.o
                0x00001668                _usart_interrupt_handler
 .text.system_gclk_gen_get_config_defaults
                0x000019a8       0x2e src/ASF/sam0/drivers/system/clock/clock_samd21_r21_da_ha1/clock.o
 .text.system_gclk_chan_get_config_defaults
                0x000019d6       0x16 src/ASF/sam0/drivers/system/clock/clock_samd21_r21_da_ha1/clock.o
 .text.system_clock_source_osc8m_get_config_defaults
                0x000019ec       0x22 src/ASF/sam0/drivers/system/clock/clock_samd21_r21_da_ha1/clock.o
 *fill*         0x00001a0e        0x2 
 .text.system_cpu_clock_set_divider
                0x00001a10       0x20 src/ASF/sam0/drivers/system/clock/clock_samd21_r21_da_ha1/clock.o
 .text.system_apb_clock_set_divider
                0x00001a30       0x54 src/ASF/sam0/drivers/system/clock/clock_samd21_r21_da_ha1/clock.o
 .text.system_clock_source_dpll_get_config_defaults
                0x00001a84       0x58 src/ASF/sam0/drivers/system/clock/clock_samd21_r21_da_ha1/clock.o
 .text.system_flash_set_waitstates
                0x00001adc       0x34 src/ASF/sam0/drivers/system/clock/clock_samd21_r21_da_ha1/clock.o
 .text._system_dfll_wait_for_sync
                0x00001b10       0x1c src/ASF/sam0/drivers/system/clock/clock_samd21_r21_da_ha1/clock.o
 .text._system_clock_source_dfll_set_config_errata_9905
                0x00001b2c       0x44 src/ASF/sam0/drivers/system/clock/clock_samd21_r21_da_ha1/clock.o
 .text.system_clock_source_get_hz
                0x00001b70       0xbc src/ASF/sam0/drivers/system/clock/clock_samd21_r21_da_ha1/clock.o
                0x00001b70                system_clock_source_get_hz
 .text.system_clock_source_osc8m_set_config
                0x00001c2c       0x78 src/ASF/sam0/drivers/system/clock/clock_samd21_r21_da_ha1/clock.o
                0x00001c2c                system_clock_source_osc8m_set_config
 .text.system_clock_source_dpll_set_config
                0x00001ca4      0x10c src/ASF/sam0/drivers/system/clock/clock_samd21_r21_da_ha1/clock.o
                0x00001ca4                system_clock_source_dpll_set_config
 .text.system_clock_source_enable
                0x00001db0       0xac src/ASF/sam0/drivers/system/clock/clock_samd21_r21_da_ha1/clock.o
                0x00001db0                system_clock_source_enable
 .text.system_clock_source_is_ready
                0x00001e5c       0x84 src/ASF/sam0/drivers/system/clock/clock_samd21_r21_da_ha1/clock.o
                0x00001e5c                system_clock_source_is_ready
 .text._switch_peripheral_gclk
                0x00001ee0       0x38 src/ASF/sam0/drivers/system/clock/clock_samd21_r21_da_ha1/clock.o
 .text.system_clock_init
                0x00001f18      0x1ec src/ASF/sam0/drivers/system/clock/clock_samd21_r21_da_ha1/clock.o
                0x00001f18                system_clock_init
 .text.system_apb_clock_set_mask
                0x00002104       0x5c src/ASF/sam0/drivers/system/clock/clock_samd21_r21_da_ha1/gclk.o
 .text.system_interrupt_enter_critical_section
                0x00002160       0x14 src/ASF/sam0/drivers/system/clock/clock_samd21_r21_da_ha1/gclk.o
 .text.system_interrupt_leave_critical_section
                0x00002174       0x14 src/ASF/sam0/drivers/system/clock/clock_samd21_r21_da_ha1/gclk.o
 .text.system_gclk_is_syncing
                0x00002188       0x20 src/ASF/sam0/drivers/system/clock/clock_samd21_r21_da_ha1/gclk.o
 .text.system_gclk_init
                0x000021a8       0x30 src/ASF/sam0/drivers/system/clock/clock_samd21_r21_da_ha1/gclk.o
                0x000021a8                system_gclk_init
 .text.system_gclk_gen_set_config
                0x000021d8      0x124 src/ASF/sam0/drivers/system/clock/clock_samd21_r21_da_ha1/gclk.o
                0x000021d8                system_gclk_gen_set_config
 .text.system_gclk_gen_enable
                0x000022fc       0x5c src/ASF/sam0/drivers/system/clock/clock_samd21_r21_da_ha1/gclk.o
                0x000022fc                system_gclk_gen_enable
 .text.system_gclk_gen_get_hz
                0x00002358       0xd8 src/ASF/sam0/drivers/system/clock/clock_samd21_r21_da_ha1/gclk.o
                0x00002358                system_gclk_gen_get_hz
 .text.system_gclk_chan_set_config
                0x00002430       0x44 src/ASF/sam0/drivers/system/clock/clock_samd21_r21_da_ha1/gclk.o
                0x00002430                system_gclk_chan_set_config
 .text.system_gclk_chan_enable
                0x00002474       0x48 src/ASF/sam0/drivers/system/clock/clock_samd21_r21_da_ha1/gclk.o
                0x00002474                system_gclk_chan_enable
 .text.system_gclk_chan_disable
                0x000024bc       0x98 src/ASF/sam0/drivers/system/clock/clock_samd21_r21_da_ha1/gclk.o
                0x000024bc                system_gclk_chan_disable
 .text.system_gclk_chan_get_hz
                0x00002554       0x58 src/ASF/sam0/drivers/system/clock/clock_samd21_r21_da_ha1/gclk.o
                0x00002554                system_gclk_chan_get_hz
 .text.system_pinmux_get_group_from_gpio_pin
                0x000025ac       0x60 src/ASF/sam0/drivers/system/pinmux/pinmux.o
 .text._system_pinmux_config
                0x0000260c      0x110 src/ASF/sam0/drivers/system/pinmux/pinmux.o
 .text.system_pinmux_pin_set_config
                0x0000271c       0x48 src/ASF/sam0/drivers/system/pinmux/pinmux.o
                0x0000271c                system_pinmux_pin_set_config
 .text._system_dummy_init
                0x00002764        0xa src/ASF/sam0/drivers/system/system.o
                0x00002764                _system_extint_init
                0x00002764                _system_events_init
                0x00002764                _system_dummy_init
                0x00002764                _system_divas_init
 *fill*         0x0000276e        0x2 
 .text.system_init
                0x00002770       0x34 src/ASF/sam0/drivers/system/system.o
                0x00002770                system_init
 .text.Reset_Handler
                0x000027a4       0xf8 src/ASF/sam0/utils/cmsis/samd21/source/gcc/startup_samd21.o
                0x000027a4                Reset_Handler
 .text.Dummy_Handler
                0x0000289c        0x6 src/ASF/sam0/utils/cmsis/samd21/source/gcc/startup_samd21.o
                0x0000289c                DMAC_Handler
                0x0000289c                HardFault_Handler
                0x0000289c                AC_Handler
                0x0000289c                SysTick_Handler
                0x0000289c                PendSV_Handler
                0x0000289c                NMI_Handler
                0x0000289c                ADC_Handler
                0x0000289c                TCC1_Handler
                0x0000289c                TCC0_Handler
                0x0000289c                RTC_Handler
                0x0000289c                EIC_Handler
                0x0000289c                WDT_Handler
                0x0000289c                TC4_Handler
                0x0000289c                USB_Handler
                0x0000289c                TC3_Handler
                0x0000289c                Dummy_Handler
                0x0000289c                PM_Handler
                0x0000289c                SVC_Handler
                0x0000289c                TCC2_Handler
                0x0000289c                EVSYS_Handler
                0x0000289c                I2S_Handler
                0x0000289c                NVMCTRL_Handler
                0x0000289c                DAC_Handler
                0x0000289c                PTC_Handler
                0x0000289c                TC5_Handler
                0x0000289c                SYSCTRL_Handler
 *fill*         0x000028a2        0x2 
 .text._read    0x000028a4       0x54 src/ASF/sam0/utils/stdio/read.o
                0x000028a4                _read
 .text._write   0x000028f8       0x6c src/ASF/sam0/utils/stdio/write.o
                0x000028f8                _write
 .text._sbrk    0x00002964       0x3c src/ASF/sam0/utils/syscalls/gcc/syscalls.o
                0x00002964                _sbrk
 .text._close   0x000029a0       0x14 src/ASF/sam0/utils/syscalls/gcc/syscalls.o
                0x000029a0                _close
 .text._fstat   0x000029b4       0x1c src/ASF/sam0/utils/syscalls/gcc/syscalls.o
                0x000029b4                _fstat
 .text._isatty  0x000029d0       0x12 src/ASF/sam0/utils/syscalls/gcc/syscalls.o
                0x000029d0                _isatty
 .text._lseek   0x000029e2       0x16 src/ASF/sam0/utils/syscalls/gcc/syscalls.o
                0x000029e2                _lseek
 .text.nvm_get_config_defaults
                0x000029f8       0x3c src/main.o
 .text.system_pinmux_get_group_from_gpio_pin
                0x00002a34       0x60 src/main.o
 .text.port_get_group_from_gpio_pin
                0x00002a94       0x24 src/main.o
 .text.port_get_config_defaults
                0x00002ab8       0x22 src/main.o
 *fill*         0x00002ada        0x2 
 .text.port_pin_get_input_level
                0x00002adc       0x44 src/main.o
 .text.system_interrupt_enable_global
                0x00002b20       0x1c src/main.o
 .text.system_interrupt_enable
                0x00002b3c       0x2c src/main.o
 .text.usart_is_syncing
                0x00002b68       0x20 src/main.o
 .text._usart_wait_for_sync
                0x00002b88       0x24 src/main.o
 .text.usart_get_config_defaults
                0x00002bac       0xbe src/main.o
 *fill*         0x00002c6a        0x2 
 .text.usart_enable
                0x00002c6c       0x48 src/main.o
 .text.usart_serial_init
                0x00002cb4       0x30 src/main.o
 .text.usart_serial_putchar
                0x00002ce4       0x34 src/main.o
 .text.usart_serial_getchar
                0x00002d18       0x40 src/main.o
 .text.stdio_serial_init
                0x00002d58       0x70 src/main.o
 .text.configure_console
                0x00002dc8       0x74 src/main.o
 .text.getFWStat
                0x00002e3c       0x40 src/main.o
 .text.writeFWStat
                0x00002e7c       0xa0 src/main.o
 .text.upgradeFW
                0x00002f1c       0x58 src/main.o
 .text.configure_nvm
                0x00002f74       0x2c src/main.o
 .text.main     0x00002fa0      0x17c src/main.o
                0x00002fa0                main
 .text          0x0000311c      0x114 c:/program files (x86)/atmel/studio/7.0/toolchain/arm/arm-gnu-toolchain/bin/../lib/gcc/arm-none-eabi/6.2.1/thumb/v6-m\libgcc.a(_udivsi3.o)
                0x0000311c                __aeabi_uidiv
                0x0000311c                __udivsi3
                0x00003228                __aeabi_uidivmod
 .text          0x00003230        0x4 c:/program files (x86)/atmel/studio/7.0/toolchain/arm/arm-gnu-toolchain/bin/../lib/gcc/arm-none-eabi/6.2.1/thumb/v6-m\libgcc.a(_dvmd_tls.o)
                0x00003230                __aeabi_idiv0
                0x00003230                __aeabi_ldiv0
 .text          0x00003234       0x54 c:/program files (x86)/atmel/studio/7.0/toolchain/arm/arm-gnu-toolchain/bin/../lib/gcc/arm-none-eabi/6.2.1/thumb/v6-m\libgcc.a(_muldi3.o)
                0x00003234                __muldi3
                0x00003234                __aeabi_lmul
 .text.__libc_init_array
                0x00003288       0x48 c:/program files (x86)/atmel/studio/7.0/toolchain/arm/arm-gnu-toolchain/bin/../lib/gcc/arm-none-eabi/6.2.1/../../../../arm-none-eabi/lib/thumb/v6-m\libc_nano.a(lib_a-init.o)
                0x00003288                __libc_init_array
 .text.memcpy   0x000032d0       0x12 c:/program files (x86)/atmel/studio/7.0/toolchain/arm/arm-gnu-toolchain/bin/../lib/gcc/arm-none-eabi/6.2.1/../../../../arm-none-eabi/lib/thumb/v6-m\libc_nano.a(lib_a-memcpy-stub.o)
                0x000032d0                memcpy
 .text.memset   0x000032e2       0x10 c:/program files (x86)/atmel/studio/7.0/toolchain/arm/arm-gnu-toolchain/bin/../lib/gcc/arm-none-eabi/6.2.1/../../../../arm-none-eabi/lib/thumb/v6-m\libc_nano.a(lib_a-memset.o)
                0x000032e2                memset
 *fill*         0x000032f2        0x2 
 .text.printf   0x000032f4       0x34 c:/program files (x86)/atmel/studio/7.0/toolchain/arm/arm-gnu-toolchain/bin/../lib/gcc/arm-none-eabi/6.2.1/../../../../arm-none-eabi/lib/thumb/v6-m\libc_nano.a(lib_a-printf.o)
                0x000032f4                iprintf
                0x000032f4                printf
 .text._puts_r  0x00003328       0xc0 c:/program files (x86)/atmel/studio/7.0/toolchain/arm/arm-gnu-toolchain/bin/../lib/gcc/arm-none-eabi/6.2.1/../../../../arm-none-eabi/lib/thumb/v6-m\libc_nano.a(lib_a-puts.o)
                0x00003328                _puts_r
 .text.puts     0x000033e8       0x14 c:/program files (x86)/atmel/studio/7.0/toolchain/arm/arm-gnu-toolchain/bin/../lib/gcc/arm-none-eabi/6.2.1/../../../../arm-none-eabi/lib/thumb/v6-m\libc_nano.a(lib_a-puts.o)
                0x000033e8                puts
 .text.setbuf   0x000033fc       0x12 c:/program files (x86)/atmel/studio/7.0/toolchain/arm/arm-gnu-toolchain/bin/../lib/gcc/arm-none-eabi/6.2.1/../../../../arm-none-eabi/lib/thumb/v6-m\libc_nano.a(lib_a-setbuf.o)
                0x000033fc                setbuf
 *fill*         0x0000340e        0x2 
 .text.setvbuf  0x00003410      0x158 c:/program files (x86)/atmel/studio/7.0/toolchain/arm/arm-gnu-toolchain/bin/../lib/gcc/arm-none-eabi/6.2.1/../../../../arm-none-eabi/lib/thumb/v6-m\libc_nano.a(lib_a-setvbuf.o)
                0x00003410                setvbuf
 .text.__swbuf_r
                0x00003568       0xac c:/program files (x86)/atmel/studio/7.0/toolchain/arm/arm-gnu-toolchain/bin/../lib/gcc/arm-none-eabi/6.2.1/../../../../arm-none-eabi/lib/thumb/v6-m\libc_nano.a(lib_a-wbuf.o)
                0x00003568                __swbuf_r
 .text.__swsetup_r
                0x00003614       0xec c:/program files (x86)/atmel/studio/7.0/toolchain/arm/arm-gnu-toolchain/bin/../lib/gcc/arm-none-eabi/6.2.1/../../../../arm-none-eabi/lib/thumb/v6-m\libc_nano.a(lib_a-wsetup.o)
                0x00003614                __swsetup_r
 .text.__sflush_r
                0x00003700      0x114 c:/program files (x86)/atmel/studio/7.0/toolchain/arm/arm-gnu-toolchain/bin/../lib/gcc/arm-none-eabi/6.2.1/../../../../arm-none-eabi/lib/thumb/v6-m\libc_nano.a(lib_a-fflush.o)
                0x00003700                __sflush_r
 .text._fflush_r
                0x00003814       0x58 c:/program files (x86)/atmel/studio/7.0/toolchain/arm/arm-gnu-toolchain/bin/../lib/gcc/arm-none-eabi/6.2.1/../../../../arm-none-eabi/lib/thumb/v6-m\libc_nano.a(lib_a-fflush.o)
                0x00003814                _fflush_r
 .text._cleanup_r
                0x0000386c       0x10 c:/program files (x86)/atmel/studio/7.0/toolchain/arm/arm-gnu-toolchain/bin/../lib/gcc/arm-none-eabi/6.2.1/../../../../arm-none-eabi/lib/thumb/v6-m\libc_nano.a(lib_a-findfp.o)
                0x0000386c                _cleanup_r
 .text.std.isra.0
                0x0000387c       0x48 c:/program files (x86)/atmel/studio/7.0/toolchain/arm/arm-gnu-toolchain/bin/../lib/gcc/arm-none-eabi/6.2.1/../../../../arm-none-eabi/lib/thumb/v6-m\libc_nano.a(lib_a-findfp.o)
 .text.__sfmoreglue
                0x000038c4       0x2c c:/program files (x86)/atmel/studio/7.0/toolchain/arm/arm-gnu-toolchain/bin/../lib/gcc/arm-none-eabi/6.2.1/../../../../arm-none-eabi/lib/thumb/v6-m\libc_nano.a(lib_a-findfp.o)
                0x000038c4                __sfmoreglue
 .text.__sinit  0x000038f0       0x68 c:/program files (x86)/atmel/studio/7.0/toolchain/arm/arm-gnu-toolchain/bin/../lib/gcc/arm-none-eabi/6.2.1/../../../../arm-none-eabi/lib/thumb/v6-m\libc_nano.a(lib_a-findfp.o)
                0x000038f0                __sinit
 .text.__sfp    0x00003958       0x80 c:/program files (x86)/atmel/studio/7.0/toolchain/arm/arm-gnu-toolchain/bin/../lib/gcc/arm-none-eabi/6.2.1/../../../../arm-none-eabi/lib/thumb/v6-m\libc_nano.a(lib_a-findfp.o)
                0x00003958                __sfp
 .text._fwalk_reent
                0x000039d8       0x42 c:/program files (x86)/atmel/studio/7.0/toolchain/arm/arm-gnu-toolchain/bin/../lib/gcc/arm-none-eabi/6.2.1/../../../../arm-none-eabi/lib/thumb/v6-m\libc_nano.a(lib_a-fwalk.o)
                0x000039d8                _fwalk_reent
 *fill*         0x00003a1a        0x2 
 .text.__swhatbuf_r
                0x00003a1c       0x50 c:/program files (x86)/atmel/studio/7.0/toolchain/arm/arm-gnu-toolchain/bin/../lib/gcc/arm-none-eabi/6.2.1/../../../../arm-none-eabi/lib/thumb/v6-m\libc_nano.a(lib_a-makebuf.o)
                0x00003a1c                __swhatbuf_r
 .text.__smakebuf_r
                0x00003a6c       0x7c c:/program files (x86)/atmel/studio/7.0/toolchain/arm/arm-gnu-toolchain/bin/../lib/gcc/arm-none-eabi/6.2.1/../../../../arm-none-eabi/lib/thumb/v6-m\libc_nano.a(lib_a-makebuf.o)
                0x00003a6c                __smakebuf_r
 .text.malloc   0x00003ae8       0x14 c:/program files (x86)/atmel/studio/7.0/toolchain/arm/arm-gnu-toolchain/bin/../lib/gcc/arm-none-eabi/6.2.1/../../../../arm-none-eabi/lib/thumb/v6-m\libc_nano.a(lib_a-malloc.o)
                0x00003ae8                malloc
 .text._free_r  0x00003afc       0x94 c:/program files (x86)/atmel/studio/7.0/toolchain/arm/arm-gnu-toolchain/bin/../lib/gcc/arm-none-eabi/6.2.1/../../../../arm-none-eabi/lib/thumb/v6-m\libc_nano.a(lib_a-nano-freer.o)
                0x00003afc                _free_r
 .text._malloc_r
                0x00003b90       0xbc c:/program files (x86)/atmel/studio/7.0/toolchain/arm/arm-gnu-toolchain/bin/../lib/gcc/arm-none-eabi/6.2.1/../../../../arm-none-eabi/lib/thumb/v6-m\libc_nano.a(lib_a-nano-mallocr.o)
                0x00003b90                _malloc_r
 .text.__sfputc_r
                0x00003c4c       0x2a c:/program files (x86)/atmel/studio/7.0/toolchain/arm/arm-gnu-toolchain/bin/../lib/gcc/arm-none-eabi/6.2.1/../../../../arm-none-eabi/lib/thumb/v6-m\libc_nano.a(lib_a-nano-vfprintf.o)
 .text.__sfputs_r
                0x00003c76       0x24 c:/program files (x86)/atmel/studio/7.0/toolchain/arm/arm-gnu-toolchain/bin/../lib/gcc/arm-none-eabi/6.2.1/../../../../arm-none-eabi/lib/thumb/v6-m\libc_nano.a(lib_a-nano-vfprintf.o)
                0x00003c76                __sfputs_r
 *fill*         0x00003c9a        0x2 
 .text._vfprintf_r
                0x00003c9c      0x238 c:/program files (x86)/atmel/studio/7.0/toolchain/arm/arm-gnu-toolchain/bin/../lib/gcc/arm-none-eabi/6.2.1/../../../../arm-none-eabi/lib/thumb/v6-m\libc_nano.a(lib_a-nano-vfprintf.o)
                0x00003c9c                _vfprintf_r
                0x00003c9c                _vfiprintf_r
 .text._printf_common
                0x00003ed4       0xda c:/program files (x86)/atmel/studio/7.0/toolchain/arm/arm-gnu-toolchain/bin/../lib/gcc/arm-none-eabi/6.2.1/../../../../arm-none-eabi/lib/thumb/v6-m\libc_nano.a(lib_a-nano-vfprintf_i.o)
                0x00003ed4                _printf_common
 *fill*         0x00003fae        0x2 
 .text._printf_i
                0x00003fb0      0x234 c:/program files (x86)/atmel/studio/7.0/toolchain/arm/arm-gnu-toolchain/bin/../lib/gcc/arm-none-eabi/6.2.1/../../../../arm-none-eabi/lib/thumb/v6-m\libc_nano.a(lib_a-nano-vfprintf_i.o)
                0x00003fb0                _printf_i
 .text._sbrk_r  0x000041e4       0x24 c:/program files (x86)/atmel/studio/7.0/toolchain/arm/arm-gnu-toolchain/bin/../lib/gcc/arm-none-eabi/6.2.1/../../../../arm-none-eabi/lib/thumb/v6-m\libc_nano.a(lib_a-sbrkr.o)
                0x000041e4                _sbrk_r
 .text.__sread  0x00004208       0x28 c:/program files (x86)/atmel/studio/7.0/toolchain/arm/arm-gnu-toolchain/bin/../lib/gcc/arm-none-eabi/6.2.1/../../../../arm-none-eabi/lib/thumb/v6-m\libc_nano.a(lib_a-stdio.o)
                0x00004208                __sread
 .text.__swrite
                0x00004230       0x38 c:/program files (x86)/atmel/studio/7.0/toolchain/arm/arm-gnu-toolchain/bin/../lib/gcc/arm-none-eabi/6.2.1/../../../../arm-none-eabi/lib/thumb/v6-m\libc_nano.a(lib_a-stdio.o)
                0x00004230                __swrite
 .text.__sseek  0x00004268       0x2c c:/program files (x86)/atmel/studio/7.0/toolchain/arm/arm-gnu-toolchain/bin/../lib/gcc/arm-none-eabi/6.2.1/../../../../arm-none-eabi/lib/thumb/v6-m\libc_nano.a(lib_a-stdio.o)
                0x00004268                __sseek
 .text.__sclose
                0x00004294        0xc c:/program files (x86)/atmel/studio/7.0/toolchain/arm/arm-gnu-toolchain/bin/../lib/gcc/arm-none-eabi/6.2.1/../../../../arm-none-eabi/lib/thumb/v6-m\libc_nano.a(lib_a-stdio.o)
                0x00004294                __sclose
 .text._write_r
                0x000042a0       0x28 c:/program files (x86)/atmel/studio/7.0/toolchain/arm/arm-gnu-toolchain/bin/../lib/gcc/arm-none-eabi/6.2.1/../../../../arm-none-eabi/lib/thumb/v6-m\libc_nano.a(lib_a-writer.o)
                0x000042a0                _write_r
 .text._close_r
                0x000042c8       0x24 c:/program files (x86)/atmel/studio/7.0/toolchain/arm/arm-gnu-toolchain/bin/../lib/gcc/arm-none-eabi/6.2.1/../../../../arm-none-eabi/lib/thumb/v6-m\libc_nano.a(lib_a-closer.o)
                0x000042c8                _close_r
 .text._fstat_r
                0x000042ec       0x24 c:/program files (x86)/atmel/studio/7.0/toolchain/arm/arm-gnu-toolchain/bin/../lib/gcc/arm-none-eabi/6.2.1/../../../../arm-none-eabi/lib/thumb/v6-m\libc_nano.a(lib_a-fstatr.o)
                0x000042ec                _fstat_r
 .text._isatty_r
                0x00004310       0x24 c:/program files (x86)/atmel/studio/7.0/toolchain/arm/arm-gnu-toolchain/bin/../lib/gcc/arm-none-eabi/6.2.1/../../../../arm-none-eabi/lib/thumb/v6-m\libc_nano.a(lib_a-isattyr.o)
                0x00004310                _isatty_r
 .text._lseek_r
                0x00004334       0x28 c:/program files (x86)/atmel/studio/7.0/toolchain/arm/arm-gnu-toolchain/bin/../lib/gcc/arm-none-eabi/6.2.1/../../../../arm-none-eabi/lib/thumb/v6-m\libc_nano.a(lib_a-lseekr.o)
                0x00004334                _lseek_r
 .text.memchr   0x0000435c       0x16 c:/program files (x86)/atmel/studio/7.0/toolchain/arm/arm-gnu-toolchain/bin/../lib/gcc/arm-none-eabi/6.2.1/../../../../arm-none-eabi/lib/thumb/v6-m\libc_nano.a(lib_a-memchr-stub.o)
                0x0000435c                memchr
 .text.__malloc_lock
                0x00004372        0x2 c:/program files (x86)/atmel/studio/7.0/toolchain/arm/arm-gnu-toolchain/bin/../lib/gcc/arm-none-eabi/6.2.1/../../../../arm-none-eabi/lib/thumb/v6-m\libc_nano.a(lib_a-mlock.o)
                0x00004372                __malloc_lock
 .text.__malloc_unlock
                0x00004374        0x2 c:/program files (x86)/atmel/studio/7.0/toolchain/arm/arm-gnu-toolchain/bin/../lib/gcc/arm-none-eabi/6.2.1/../../../../arm-none-eabi/lib/thumb/v6-m\libc_nano.a(lib_a-mlock.o)
                0x00004374                __malloc_unlock
 *fill*         0x00004376        0x2 
 .text._read_r  0x00004378       0x28 c:/program files (x86)/atmel/studio/7.0/toolchain/arm/arm-gnu-toolchain/bin/../lib/gcc/arm-none-eabi/6.2.1/../../../../arm-none-eabi/lib/thumb/v6-m\libc_nano.a(lib_a-readr.o)
                0x00004378                _read_r
 *(.glue_7t)
 .glue_7t       0x000043a0        0x0 linker stubs
 *(.glue_7)
 .glue_7        0x000043a0        0x0 linker stubs
 *(.rodata .rodata* .gnu.linkonce.r.*)
 .rodata.nvm_execute_command
                0x000043a0      0x118 src/ASF/sam0/drivers/nvm/nvm.o
 .rodata        0x000044b8       0x18 src/ASF/sam0/drivers/sercom/sercom.o
 .rodata        0x000044d0        0x6 src/ASF/sam0/drivers/sercom/sercom_interrupt.o
 *fill*         0x000044d6        0x2 
 .rodata.system_clock_source_get_hz
                0x000044d8       0x24 src/ASF/sam0/drivers/system/clock/clock_samd21_r21_da_ha1/clock.o
 .rodata.system_clock_source_enable
                0x000044fc       0x24 src/ASF/sam0/drivers/system/clock/clock_samd21_r21_da_ha1/clock.o
 .rodata.system_clock_source_is_ready
                0x00004520       0x24 src/ASF/sam0/drivers/system/clock/clock_samd21_r21_da_ha1/clock.o
 .rodata        0x00004544       0x84 src/main.o
 .rodata._global_impure_ptr
                0x000045c8        0x4 c:/program files (x86)/atmel/studio/7.0/toolchain/arm/arm-gnu-toolchain/bin/../lib/gcc/arm-none-eabi/6.2.1/../../../../arm-none-eabi/lib/thumb/v6-m\libc_nano.a(lib_a-impure.o)
                0x000045c8                _global_impure_ptr
 .rodata.__sf_fake_stderr
                0x000045cc       0x20 c:/program files (x86)/atmel/studio/7.0/toolchain/arm/arm-gnu-toolchain/bin/../lib/gcc/arm-none-eabi/6.2.1/../../../../arm-none-eabi/lib/thumb/v6-m\libc_nano.a(lib_a-findfp.o)
                0x000045cc                __sf_fake_stderr
 .rodata.__sf_fake_stdin
                0x000045ec       0x20 c:/program files (x86)/atmel/studio/7.0/toolchain/arm/arm-gnu-toolchain/bin/../lib/gcc/arm-none-eabi/6.2.1/../../../../arm-none-eabi/lib/thumb/v6-m\libc_nano.a(lib_a-findfp.o)
                0x000045ec                __sf_fake_stdin
 .rodata.__sf_fake_stdout
                0x0000460c       0x20 c:/program files (x86)/atmel/studio/7.0/toolchain/arm/arm-gnu-toolchain/bin/../lib/gcc/arm-none-eabi/6.2.1/../../../../arm-none-eabi/lib/thumb/v6-m\libc_nano.a(lib_a-findfp.o)
                0x0000460c                __sf_fake_stdout
 .rodata._vfprintf_r.str1.1
                0x0000462c       0x11 c:/program files (x86)/atmel/studio/7.0/toolchain/arm/arm-gnu-toolchain/bin/../lib/gcc/arm-none-eabi/6.2.1/../../../../arm-none-eabi/lib/thumb/v6-m\libc_nano.a(lib_a-nano-vfprintf.o)
 .rodata._printf_i.str1.1
                0x0000463d       0x22 c:/program files (x86)/atmel/studio/7.0/toolchain/arm/arm-gnu-toolchain/bin/../lib/gcc/arm-none-eabi/6.2.1/../../../../arm-none-eabi/lib/thumb/v6-m\libc_nano.a(lib_a-nano-vfprintf_i.o)
 *(.ARM.extab* .gnu.linkonce.armextab.*)
                0x00004660                . = ALIGN (0x4)
 *fill*         0x0000465f        0x1 
 *(.init)
 .init          0x00004660        0x4 c:/program files (x86)/atmel/studio/7.0/toolchain/arm/arm-gnu-toolchain/bin/../lib/gcc/arm-none-eabi/6.2.1/thumb/v6-m/crti.o
                0x00004660                _init
 .init          0x00004664        0x8 c:/program files (x86)/atmel/studio/7.0/toolchain/arm/arm-gnu-toolchain/bin/../lib/gcc/arm-none-eabi/6.2.1/thumb/v6-m/crtn.o
                0x0000466c                . = ALIGN (0x4)
                0x0000466c                __preinit_array_start = .
 *(.preinit_array)
                0x0000466c                __preinit_array_end = .
                0x0000466c                . = ALIGN (0x4)
                0x0000466c                __init_array_start = .
 *(SORT(.init_array.*))
 *(.init_array)
 .init_array    0x0000466c        0x4 c:/program files (x86)/atmel/studio/7.0/toolchain/arm/arm-gnu-toolchain/bin/../lib/gcc/arm-none-eabi/6.2.1/thumb/v6-m/crtbegin.o
                0x00004670                __init_array_end = .
                0x00004670                . = ALIGN (0x4)
 *crtbegin.o(.ctors)
 *(EXCLUDE_FILE(*crtend.o) .ctors)
 *(SORT(.ctors.*))
 *crtend.o(.ctors)
                0x00004670                . = ALIGN (0x4)
 *(.fini)
 .fini          0x00004670        0x4 c:/program files (x86)/atmel/studio/7.0/toolchain/arm/arm-gnu-toolchain/bin/../lib/gcc/arm-none-eabi/6.2.1/thumb/v6-m/crti.o
                0x00004670                _fini
 .fini          0x00004674        0x8 c:/program files (x86)/atmel/studio/7.0/toolchain/arm/arm-gnu-toolchain/bin/../lib/gcc/arm-none-eabi/6.2.1/thumb/v6-m/crtn.o
                0x0000467c                . = ALIGN (0x4)
                0x0000467c                __fini_array_start = .
 *(.fini_array)
 .fini_array    0x0000467c        0x4 c:/program files (x86)/atmel/studio/7.0/toolchain/arm/arm-gnu-toolchain/bin/../lib/gcc/arm-none-eabi/6.2.1/thumb/v6-m/crtbegin.o
 *(SORT(.fini_array.*))
                0x00004680                __fini_array_end = .
 *crtbegin.o(.dtors)
 *(EXCLUDE_FILE(*crtend.o) .dtors)
 *(SORT(.dtors.*))
 *crtend.o(.dtors)
                0x00004680                . = ALIGN (0x4)
                0x00004680                _efixed = .
                [!provide]                PROVIDE (__exidx_start, .)

.vfp11_veneer   0x00004680        0x0
 .vfp11_veneer  0x00004680        0x0 linker stubs

.v4_bx          0x00004680        0x0
 .v4_bx         0x00004680        0x0 linker stubs

.iplt           0x00004680        0x0
 .iplt          0x00004680        0x0 c:/program files (x86)/atmel/studio/7.0/toolchain/arm/arm-gnu-toolchain/bin/../lib/gcc/arm-none-eabi/6.2.1/thumb/v6-m/crtbegin.o

.eh_frame       0x00004680        0x0
 .eh_frame      0x00004680        0x0 c:/program files (x86)/atmel/studio/7.0/toolchain/arm/arm-gnu-toolchain/bin/../lib/gcc/arm-none-eabi/6.2.1/thumb/v6-m/crtbegin.o

.rel.dyn        0x00004680        0x0
 .rel.iplt      0x00004680        0x0 c:/program files (x86)/atmel/studio/7.0/toolchain/arm/arm-gnu-toolchain/bin/../lib/gcc/arm-none-eabi/6.2.1/thumb/v6-m/crtbegin.o

.jcr            0x00004680        0x0
 .jcr           0x00004680        0x0 c:/program files (x86)/atmel/studio/7.0/toolchain/arm/arm-gnu-toolchain/bin/../lib/gcc/arm-none-eabi/6.2.1/thumb/v6-m/crtbegin.o

.igot.plt       0x00004680        0x0
 .igot.plt      0x00004680        0x0 c:/program files (x86)/atmel/studio/7.0/toolchain/arm/arm-gnu-toolchain/bin/../lib/gcc/arm-none-eabi/6.2.1/thumb/v6-m/crtbegin.o

.ARM.exidx
 *(.ARM.exidx* .gnu.linkonce.armexidx.*)
                [!provide]                PROVIDE (__exidx_end, .)
                0x00004680                . = ALIGN (0x4)
                0x00004680                _etext = .

.relocate       0x20000000       0x70 load address 0x00004680
                0x20000000                . = ALIGN (0x4)
                0x20000000                _srelocate = .
 *(.ramfunc .ramfunc.*)
 *(.data .data.*)
 .data.cycles_per_ms
                0x20000000        0x4 src/ASF/common2/services/delay/sam0/systick_counter.o
 .data.cycles_per_us
                0x20000004        0x4 src/ASF/common2/services/delay/sam0/systick_counter.o
 .data.g_interrupt_enabled
                0x20000008        0x1 src/ASF/common/utils/interrupt/interrupt_sam_nvic.o
                0x20000008                g_interrupt_enabled
 *fill*         0x20000009        0x3 
 .data._impure_ptr
                0x2000000c        0x4 c:/program files (x86)/atmel/studio/7.0/toolchain/arm/arm-gnu-toolchain/bin/../lib/gcc/arm-none-eabi/6.2.1/../../../../arm-none-eabi/lib/thumb/v6-m\libc_nano.a(lib_a-impure.o)
                0x2000000c                _impure_ptr
 .data.impure_data
                0x20000010       0x60 c:/program files (x86)/atmel/studio/7.0/toolchain/arm/arm-gnu-toolchain/bin/../lib/gcc/arm-none-eabi/6.2.1/../../../../arm-none-eabi/lib/thumb/v6-m\libc_nano.a(lib_a-impure.o)
                0x20000070                . = ALIGN (0x4)
                0x20000070                _erelocate = .

.bss            0x20000070       0xc8 load address 0x000046f0
                0x20000070                . = ALIGN (0x4)
                0x20000070                _sbss = .
                0x20000070                _szero = .
 *(.bss .bss.*)
 .bss           0x20000070       0x1c c:/program files (x86)/atmel/studio/7.0/toolchain/arm/arm-gnu-toolchain/bin/../lib/gcc/arm-none-eabi/6.2.1/thumb/v6-m/crtbegin.o
 .bss.cpu_irq_critical_section_counter
                0x2000008c        0x4 src/ASF/common/utils/interrupt/interrupt_sam_nvic.o
 .bss.cpu_irq_prev_interrupt_state
                0x20000090        0x1 src/ASF/common/utils/interrupt/interrupt_sam_nvic.o
 *fill*         0x20000091        0x3 
 .bss._nvm_dev  0x20000094        0x6 src/ASF/sam0/drivers/nvm/nvm.o
 *fill*         0x2000009a        0x2 
 .bss._sercom_config
                0x2000009c        0x2 src/ASF/sam0/drivers/sercom/sercom.o
 .bss._handler_table_initialized
                0x2000009e        0x1 src/ASF/sam0/drivers/sercom/sercom_interrupt.o
 *fill*         0x2000009f        0x1 
 .bss._sercom_interrupt_handlers
                0x200000a0       0x18 src/ASF/sam0/drivers/sercom/sercom_interrupt.o
 .bss._system_clock_inst
                0x200000b8       0x18 src/ASF/sam0/drivers/system/clock/clock_samd21_r21_da_ha1/clock.o
 .bss.heap.5276
                0x200000d0        0x4 src/ASF/sam0/utils/syscalls/gcc/syscalls.o
 .bss.__malloc_free_list
                0x200000d4        0x4 c:/program files (x86)/atmel/studio/7.0/toolchain/arm/arm-gnu-toolchain/bin/../lib/gcc/arm-none-eabi/6.2.1/../../../../arm-none-eabi/lib/thumb/v6-m\libc_nano.a(lib_a-nano-mallocr.o)
                0x200000d4                __malloc_free_list
 .bss.__malloc_sbrk_start
                0x200000d8        0x4 c:/program files (x86)/atmel/studio/7.0/toolchain/arm/arm-gnu-toolchain/bin/../lib/gcc/arm-none-eabi/6.2.1/../../../../arm-none-eabi/lib/thumb/v6-m\libc_nano.a(lib_a-nano-mallocr.o)
                0x200000d8                __malloc_sbrk_start
 *(COMMON)
 COMMON         0x200000dc       0x18 src/ASF/sam0/drivers/sercom/sercom_interrupt.o
                0x200000dc                _sercom_instances
 COMMON         0x200000f4        0x4 src/ASF/sam0/utils/stdio/read.o
                0x200000f4                ptr_get
 COMMON         0x200000f8        0x8 src/ASF/sam0/utils/stdio/write.o
                0x200000f8                ptr_put
                0x200000fc                stdio_base
 COMMON         0x20000100       0x34 src/main.o
                0x20000100                usart_instance
 COMMON         0x20000134        0x4 c:/program files (x86)/atmel/studio/7.0/toolchain/arm/arm-gnu-toolchain/bin/../lib/gcc/arm-none-eabi/6.2.1/../../../../arm-none-eabi/lib/thumb/v6-m\libc_nano.a(lib_a-reent.o)
                0x20000134                errno
                0x20000138                . = ALIGN (0x4)
                0x20000138                _ebss = .
                0x20000138                _ezero = .

.stack          0x20000138     0x2000 load address 0x000047b8
                0x20000138                . = ALIGN (0x8)
                0x20000138                _sstack = .
                0x20002138                . = (. + STACK_SIZE)
 *fill*         0x20000138     0x2000 
                0x20002138                . = ALIGN (0x8)
                0x20002138                _estack = .
                0x20002138                . = ALIGN (0x4)
                0x20002138                _end = .
OUTPUT(ESE680A_Bootloader.elf elf32-littlearm)

.ARM.attributes
                0x00000000       0x28
 .ARM.attributes
                0x00000000       0x1e c:/program files (x86)/atmel/studio/7.0/toolchain/arm/arm-gnu-toolchain/bin/../lib/gcc/arm-none-eabi/6.2.1/thumb/v6-m/crti.o
 .ARM.attributes
                0x0000001e       0x2c c:/program files (x86)/atmel/studio/7.0/toolchain/arm/arm-gnu-toolchain/bin/../lib/gcc/arm-none-eabi/6.2.1/thumb/v6-m/crtbegin.o
 .ARM.attributes
                0x0000004a       0x32 src/ASF/common2/boards/user_board/init.o
 .ARM.attributes
                0x0000007c       0x32 src/ASF/common2/services/delay/sam0/systick_counter.o
 .ARM.attributes
                0x000000ae       0x32 src/ASF/common/utils/interrupt/interrupt_sam_nvic.o
 .ARM.attributes
                0x000000e0       0x32 src/ASF/sam0/drivers/nvm/nvm.o
 .ARM.attributes
                0x00000112       0x32 src/ASF/sam0/drivers/port/port.o
 .ARM.attributes
                0x00000144       0x32 src/ASF/sam0/drivers/sercom/sercom.o
 .ARM.attributes
                0x00000176       0x32 src/ASF/sam0/drivers/sercom/sercom_interrupt.o
 .ARM.attributes
                0x000001a8       0x32 src/ASF/sam0/drivers/sercom/usart/usart.o
 .ARM.attributes
                0x000001da       0x32 src/ASF/sam0/drivers/sercom/usart/usart_interrupt.o
 .ARM.attributes
                0x0000020c       0x32 src/ASF/sam0/drivers/system/clock/clock_samd21_r21_da_ha1/clock.o
 .ARM.attributes
                0x0000023e       0x32 src/ASF/sam0/drivers/system/clock/clock_samd21_r21_da_ha1/gclk.o
 .ARM.attributes
                0x00000270       0x32 src/ASF/sam0/drivers/system/pinmux/pinmux.o
 .ARM.attributes
                0x000002a2       0x32 src/ASF/sam0/drivers/system/system.o
 .ARM.attributes
                0x000002d4       0x32 src/ASF/sam0/utils/cmsis/samd21/source/gcc/startup_samd21.o
 .ARM.attributes
                0x00000306       0x32 src/ASF/sam0/utils/stdio/read.o
 .ARM.attributes
                0x00000338       0x32 src/ASF/sam0/utils/stdio/write.o
 .ARM.attributes
                0x0000036a       0x32 src/ASF/sam0/utils/syscalls/gcc/syscalls.o
 .ARM.attributes
                0x0000039c       0x32 src/main.o
 .ARM.attributes
                0x000003ce       0x1e c:/program files (x86)/atmel/studio/7.0/toolchain/arm/arm-gnu-toolchain/bin/../lib/gcc/arm-none-eabi/6.2.1/thumb/v6-m\libgcc.a(_udivsi3.o)
 .ARM.attributes
                0x000003ec       0x1e c:/program files (x86)/atmel/studio/7.0/toolchain/arm/arm-gnu-toolchain/bin/../lib/gcc/arm-none-eabi/6.2.1/thumb/v6-m\libgcc.a(_dvmd_tls.o)
 .ARM.attributes
                0x0000040a       0x2c c:/program files (x86)/atmel/studio/7.0/toolchain/arm/arm-gnu-toolchain/bin/../lib/gcc/arm-none-eabi/6.2.1/thumb/v6-m\libgcc.a(_muldi3.o)
 .ARM.attributes
                0x00000436       0x2c c:/program files (x86)/atmel/studio/7.0/toolchain/arm/arm-gnu-toolchain/bin/../lib/gcc/arm-none-eabi/6.2.1/../../../../arm-none-eabi/lib/thumb/v6-m\libc_nano.a(lib_a-impure.o)
 .ARM.attributes
                0x00000462       0x2c c:/program files (x86)/atmel/studio/7.0/toolchain/arm/arm-gnu-toolchain/bin/../lib/gcc/arm-none-eabi/6.2.1/../../../../arm-none-eabi/lib/thumb/v6-m\libc_nano.a(lib_a-init.o)
 .ARM.attributes
                0x0000048e       0x2c c:/program files (x86)/atmel/studio/7.0/toolchain/arm/arm-gnu-toolchain/bin/../lib/gcc/arm-none-eabi/6.2.1/../../../../arm-none-eabi/lib/thumb/v6-m\libc_nano.a(lib_a-memcpy-stub.o)
 .ARM.attributes
                0x000004ba       0x2c c:/program files (x86)/atmel/studio/7.0/toolchain/arm/arm-gnu-toolchain/bin/../lib/gcc/arm-none-eabi/6.2.1/../../../../arm-none-eabi/lib/thumb/v6-m\libc_nano.a(lib_a-memset.o)
 .ARM.attributes
                0x000004e6       0x2c c:/program files (x86)/atmel/studio/7.0/toolchain/arm/arm-gnu-toolchain/bin/../lib/gcc/arm-none-eabi/6.2.1/../../../../arm-none-eabi/lib/thumb/v6-m\libc_nano.a(lib_a-printf.o)
 .ARM.attributes
                0x00000512       0x2c c:/program files (x86)/atmel/studio/7.0/toolchain/arm/arm-gnu-toolchain/bin/../lib/gcc/arm-none-eabi/6.2.1/../../../../arm-none-eabi/lib/thumb/v6-m\libc_nano.a(lib_a-puts.o)
 .ARM.attributes
                0x0000053e       0x2c c:/program files (x86)/atmel/studio/7.0/toolchain/arm/arm-gnu-toolchain/bin/../lib/gcc/arm-none-eabi/6.2.1/../../../../arm-none-eabi/lib/thumb/v6-m\libc_nano.a(lib_a-setbuf.o)
 .ARM.attributes
                0x0000056a       0x2c c:/program files (x86)/atmel/studio/7.0/toolchain/arm/arm-gnu-toolchain/bin/../lib/gcc/arm-none-eabi/6.2.1/../../../../arm-none-eabi/lib/thumb/v6-m\libc_nano.a(lib_a-setvbuf.o)
 .ARM.attributes
                0x00000596       0x2c c:/program files (x86)/atmel/studio/7.0/toolchain/arm/arm-gnu-toolchain/bin/../lib/gcc/arm-none-eabi/6.2.1/../../../../arm-none-eabi/lib/thumb/v6-m\libc_nano.a(lib_a-wbuf.o)
 .ARM.attributes
                0x000005c2       0x2c c:/program files (x86)/atmel/studio/7.0/toolchain/arm/arm-gnu-toolchain/bin/../lib/gcc/arm-none-eabi/6.2.1/../../../../arm-none-eabi/lib/thumb/v6-m\libc_nano.a(lib_a-wsetup.o)
 .ARM.attributes
                0x000005ee       0x2c c:/program files (x86)/atmel/studio/7.0/toolchain/arm/arm-gnu-toolchain/bin/../lib/gcc/arm-none-eabi/6.2.1/../../../../arm-none-eabi/lib/thumb/v6-m\libc_nano.a(lib_a-fflush.o)
 .ARM.attributes
                0x0000061a       0x2c c:/program files (x86)/atmel/studio/7.0/toolchain/arm/arm-gnu-toolchain/bin/../lib/gcc/arm-none-eabi/6.2.1/../../../../arm-none-eabi/lib/thumb/v6-m\libc_nano.a(lib_a-findfp.o)
 .ARM.attributes
                0x00000646       0x2c c:/program files (x86)/atmel/studio/7.0/toolchain/arm/arm-gnu-toolchain/bin/../lib/gcc/arm-none-eabi/6.2.1/../../../../arm-none-eabi/lib/thumb/v6-m\libc_nano.a(lib_a-fwalk.o)
 .ARM.attributes
                0x00000672       0x2c c:/program files (x86)/atmel/studio/7.0/toolchain/arm/arm-gnu-toolchain/bin/../lib/gcc/arm-none-eabi/6.2.1/../../../../arm-none-eabi/lib/thumb/v6-m\libc_nano.a(lib_a-makebuf.o)
 .ARM.attributes
                0x0000069e       0x2c c:/program files (x86)/atmel/studio/7.0/toolchain/arm/arm-gnu-toolchain/bin/../lib/gcc/arm-none-eabi/6.2.1/../../../../arm-none-eabi/lib/thumb/v6-m\libc_nano.a(lib_a-malloc.o)
 .ARM.attributes
                0x000006ca       0x2c c:/program files (x86)/atmel/studio/7.0/toolchain/arm/arm-gnu-toolchain/bin/../lib/gcc/arm-none-eabi/6.2.1/../../../../arm-none-eabi/lib/thumb/v6-m\libc_nano.a(lib_a-nano-freer.o)
 .ARM.attributes
                0x000006f6       0x2c c:/program files (x86)/atmel/studio/7.0/toolchain/arm/arm-gnu-toolchain/bin/../lib/gcc/arm-none-eabi/6.2.1/../../../../arm-none-eabi/lib/thumb/v6-m\libc_nano.a(lib_a-nano-mallocr.o)
 .ARM.attributes
                0x00000722       0x2c c:/program files (x86)/atmel/studio/7.0/toolchain/arm/arm-gnu-toolchain/bin/../lib/gcc/arm-none-eabi/6.2.1/../../../../arm-none-eabi/lib/thumb/v6-m\libc_nano.a(lib_a-nano-vfprintf.o)
 .ARM.attributes
                0x0000074e       0x2c c:/program files (x86)/atmel/studio/7.0/toolchain/arm/arm-gnu-toolchain/bin/../lib/gcc/arm-none-eabi/6.2.1/../../../../arm-none-eabi/lib/thumb/v6-m\libc_nano.a(lib_a-nano-vfprintf_i.o)
 .ARM.attributes
                0x0000077a       0x2c c:/program files (x86)/atmel/studio/7.0/toolchain/arm/arm-gnu-toolchain/bin/../lib/gcc/arm-none-eabi/6.2.1/../../../../arm-none-eabi/lib/thumb/v6-m\libc_nano.a(lib_a-sbrkr.o)
 .ARM.attributes
                0x000007a6       0x2c c:/program files (x86)/atmel/studio/7.0/toolchain/arm/arm-gnu-toolchain/bin/../lib/gcc/arm-none-eabi/6.2.1/../../../../arm-none-eabi/lib/thumb/v6-m\libc_nano.a(lib_a-stdio.o)
 .ARM.attributes
                0x000007d2       0x2c c:/program files (x86)/atmel/studio/7.0/toolchain/arm/arm-gnu-toolchain/bin/../lib/gcc/arm-none-eabi/6.2.1/../../../../arm-none-eabi/lib/thumb/v6-m\libc_nano.a(lib_a-writer.o)
 .ARM.attributes
                0x000007fe       0x2c c:/program files (x86)/atmel/studio/7.0/toolchain/arm/arm-gnu-toolchain/bin/../lib/gcc/arm-none-eabi/6.2.1/../../../../arm-none-eabi/lib/thumb/v6-m\libc_nano.a(lib_a-closer.o)
 .ARM.attributes
                0x0000082a       0x2c c:/program files (x86)/atmel/studio/7.0/toolchain/arm/arm-gnu-toolchain/bin/../lib/gcc/arm-none-eabi/6.2.1/../../../../arm-none-eabi/lib/thumb/v6-m\libc_nano.a(lib_a-fstatr.o)
 .ARM.attributes
                0x00000856       0x2c c:/program files (x86)/atmel/studio/7.0/toolchain/arm/arm-gnu-toolchain/bin/../lib/gcc/arm-none-eabi/6.2.1/../../../../arm-none-eabi/lib/thumb/v6-m\libc_nano.a(lib_a-isattyr.o)
 .ARM.attributes
                0x00000882       0x2c c:/program files (x86)/atmel/studio/7.0/toolchain/arm/arm-gnu-toolchain/bin/../lib/gcc/arm-none-eabi/6.2.1/../../../../arm-none-eabi/lib/thumb/v6-m\libc_nano.a(lib_a-lseekr.o)
 .ARM.attributes
                0x000008ae       0x2c c:/program files (x86)/atmel/studio/7.0/toolchain/arm/arm-gnu-toolchain/bin/../lib/gcc/arm-none-eabi/6.2.1/../../../../arm-none-eabi/lib/thumb/v6-m\libc_nano.a(lib_a-memchr-stub.o)
 .ARM.attributes
                0x000008da       0x2c c:/program files (x86)/atmel/studio/7.0/toolchain/arm/arm-gnu-toolchain/bin/../lib/gcc/arm-none-eabi/6.2.1/../../../../arm-none-eabi/lib/thumb/v6-m\libc_nano.a(lib_a-mlock.o)
 .ARM.attributes
                0x00000906       0x2c c:/program files (x86)/atmel/studio/7.0/toolchain/arm/arm-gnu-toolchain/bin/../lib/gcc/arm-none-eabi/6.2.1/../../../../arm-none-eabi/lib/thumb/v6-m\libc_nano.a(lib_a-readr.o)
 .ARM.attributes
                0x00000932       0x2c c:/program files (x86)/atmel/studio/7.0/toolchain/arm/arm-gnu-toolchain/bin/../lib/gcc/arm-none-eabi/6.2.1/../../../../arm-none-eabi/lib/thumb/v6-m\libc_nano.a(lib_a-reent.o)
 .ARM.attributes
                0x0000095e       0x1e c:/program files (x86)/atmel/studio/7.0/toolchain/arm/arm-gnu-toolchain/bin/../lib/gcc/arm-none-eabi/6.2.1/thumb/v6-m/crtn.o

.comment        0x00000000       0x59
 .comment       0x00000000       0x59 src/ASF/common2/boards/user_board/init.o
                                 0x5a (size before relaxing)
 .comment       0x00000059       0x5a src/ASF/common2/services/delay/sam0/systick_counter.o
 .comment       0x00000059       0x5a src/ASF/common/utils/interrupt/interrupt_sam_nvic.o
 .comment       0x00000059       0x5a src/ASF/sam0/drivers/nvm/nvm.o
 .comment       0x00000059       0x5a src/ASF/sam0/drivers/port/port.o
 .comment       0x00000059       0x5a src/ASF/sam0/drivers/sercom/sercom.o
 .comment       0x00000059       0x5a src/ASF/sam0/drivers/sercom/sercom_interrupt.o
 .comment       0x00000059       0x5a src/ASF/sam0/drivers/sercom/usart/usart.o
 .comment       0x00000059       0x5a src/ASF/sam0/drivers/sercom/usart/usart_interrupt.o
 .comment       0x00000059       0x5a src/ASF/sam0/drivers/system/clock/clock_samd21_r21_da_ha1/clock.o
 .comment       0x00000059       0x5a src/ASF/sam0/drivers/system/clock/clock_samd21_r21_da_ha1/gclk.o
 .comment       0x00000059       0x5a src/ASF/sam0/drivers/system/pinmux/pinmux.o
 .comment       0x00000059       0x5a src/ASF/sam0/drivers/system/system.o
 .comment       0x00000059       0x5a src/ASF/sam0/utils/cmsis/samd21/source/gcc/startup_samd21.o
 .comment       0x00000059       0x5a src/ASF/sam0/utils/stdio/read.o
 .comment       0x00000059       0x5a src/ASF/sam0/utils/stdio/write.o
 .comment       0x00000059       0x5a src/ASF/sam0/utils/syscalls/gcc/syscalls.o
 .comment       0x00000059       0x5a src/main.o

.debug_info     0x00000000    0x23ec6
 .debug_info    0x00000000      0xab6 src/ASF/common2/boards/user_board/init.o
 .debug_info    0x00000ab6      0xb54 src/ASF/common2/services/delay/sam0/systick_counter.o
 .debug_info    0x0000160a      0xb00 src/ASF/common/utils/interrupt/interrupt_sam_nvic.o
 .debug_info    0x0000210a     0x244d src/ASF/sam0/drivers/nvm/nvm.o
 .debug_info    0x00004557     0x1270 src/ASF/sam0/drivers/port/port.o
 .debug_info    0x000057c7     0x2d8a src/ASF/sam0/drivers/sercom/sercom.o
 .debug_info    0x00008551     0x2b75 src/ASF/sam0/drivers/sercom/sercom_interrupt.o
 .debug_info    0x0000b0c6     0x4877 src/ASF/sam0/drivers/sercom/usart/usart.o
 .debug_info    0x0000f93d     0x2f52 src/ASF/sam0/drivers/sercom/usart/usart_interrupt.o
 .debug_info    0x0001288f     0x37dd src/ASF/sam0/drivers/system/clock/clock_samd21_r21_da_ha1/clock.o
 .debug_info    0x0001606c     0x1d09 src/ASF/sam0/drivers/system/clock/clock_samd21_r21_da_ha1/gclk.o
 .debug_info    0x00017d75     0x13b4 src/ASF/sam0/drivers/system/pinmux/pinmux.o
 .debug_info    0x00019129      0xa68 src/ASF/sam0/drivers/system/system.o
 .debug_info    0x00019b91     0x3a4c src/ASF/sam0/utils/cmsis/samd21/source/gcc/startup_samd21.o
 .debug_info    0x0001d5dd      0xab3 src/ASF/sam0/utils/stdio/read.o
 .debug_info    0x0001e090      0xabc src/ASF/sam0/utils/stdio/write.o
 .debug_info    0x0001eb4c      0xd95 src/ASF/sam0/utils/syscalls/gcc/syscalls.o
 .debug_info    0x0001f8e1     0x45e5 src/main.o

.debug_abbrev   0x00000000     0x308d
 .debug_abbrev  0x00000000      0x1c3 src/ASF/common2/boards/user_board/init.o
 .debug_abbrev  0x000001c3      0x22d src/ASF/common2/services/delay/sam0/systick_counter.o
 .debug_abbrev  0x000003f0      0x22e src/ASF/common/utils/interrupt/interrupt_sam_nvic.o
 .debug_abbrev  0x0000061e      0x36f src/ASF/sam0/drivers/nvm/nvm.o
 .debug_abbrev  0x0000098d      0x27b src/ASF/sam0/drivers/port/port.o
 .debug_abbrev  0x00000c08      0x30e src/ASF/sam0/drivers/sercom/sercom.o
 .debug_abbrev  0x00000f16      0x2cd src/ASF/sam0/drivers/sercom/sercom_interrupt.o
 .debug_abbrev  0x000011e3      0x377 src/ASF/sam0/drivers/sercom/usart/usart.o
 .debug_abbrev  0x0000155a      0x344 src/ASF/sam0/drivers/sercom/usart/usart_interrupt.o
 .debug_abbrev  0x0000189e      0x3ab src/ASF/sam0/drivers/system/clock/clock_samd21_r21_da_ha1/clock.o
 .debug_abbrev  0x00001c49      0x35e src/ASF/sam0/drivers/system/clock/clock_samd21_r21_da_ha1/gclk.o
 .debug_abbrev  0x00001fa7      0x2f1 src/ASF/sam0/drivers/system/pinmux/pinmux.o
 .debug_abbrev  0x00002298      0x1e1 src/ASF/sam0/drivers/system/system.o
 .debug_abbrev  0x00002479      0x227 src/ASF/sam0/utils/cmsis/samd21/source/gcc/startup_samd21.o
 .debug_abbrev  0x000026a0      0x1f4 src/ASF/sam0/utils/stdio/read.o
 .debug_abbrev  0x00002894      0x1f4 src/ASF/sam0/utils/stdio/write.o
 .debug_abbrev  0x00002a88      0x22a src/ASF/sam0/utils/syscalls/gcc/syscalls.o
 .debug_abbrev  0x00002cb2      0x3db src/main.o

.debug_loc      0x00000000     0x1fa7
 .debug_loc     0x00000000       0x2c src/ASF/common2/boards/user_board/init.o
 .debug_loc     0x0000002c       0xd4 src/ASF/common2/services/delay/sam0/systick_counter.o
 .debug_loc     0x00000100       0x64 src/ASF/common/utils/interrupt/interrupt_sam_nvic.o
 .debug_loc     0x00000164      0x332 src/ASF/sam0/drivers/nvm/nvm.o
 .debug_loc     0x00000496       0xa8 src/ASF/sam0/drivers/port/port.o
 .debug_loc     0x0000053e      0x18c src/ASF/sam0/drivers/sercom/sercom.o
 .debug_loc     0x000006ca      0x1b0 src/ASF/sam0/drivers/sercom/sercom_interrupt.o
 .debug_loc     0x0000087a      0x297 src/ASF/sam0/drivers/sercom/usart/usart.o
 .debug_loc     0x00000b11      0x330 src/ASF/sam0/drivers/sercom/usart/usart_interrupt.o
 .debug_loc     0x00000e41      0x4e6 src/ASF/sam0/drivers/system/clock/clock_samd21_r21_da_ha1/clock.o
 .debug_loc     0x00001327      0x388 src/ASF/sam0/drivers/system/clock/clock_samd21_r21_da_ha1/gclk.o
 .debug_loc     0x000016af      0x150 src/ASF/sam0/drivers/system/pinmux/pinmux.o
 .debug_loc     0x000017ff       0x58 src/ASF/sam0/drivers/system/system.o
 .debug_loc     0x00001857       0x64 src/ASF/sam0/utils/cmsis/samd21/source/gcc/startup_samd21.o
 .debug_loc     0x000018bb       0x38 src/ASF/sam0/utils/stdio/read.o
 .debug_loc     0x000018f3       0x38 src/ASF/sam0/utils/stdio/write.o
 .debug_loc     0x0000192b      0x1ec src/ASF/sam0/utils/syscalls/gcc/syscalls.o
 .debug_loc     0x00001b17      0x490 src/main.o

.debug_aranges  0x00000000      0x660
 .debug_aranges
                0x00000000       0x20 src/ASF/common2/boards/user_board/init.o
 .debug_aranges
                0x00000020       0x38 src/ASF/common2/services/delay/sam0/systick_counter.o
 .debug_aranges
                0x00000058       0x28 src/ASF/common/utils/interrupt/interrupt_sam_nvic.o
 .debug_aranges
                0x00000080       0x90 src/ASF/sam0/drivers/nvm/nvm.o
 .debug_aranges
                0x00000110       0x30 src/ASF/sam0/drivers/port/port.o
 .debug_aranges
                0x00000140       0x50 src/ASF/sam0/drivers/sercom/sercom.o
 .debug_aranges
                0x00000190       0x60 src/ASF/sam0/drivers/sercom/sercom_interrupt.o
 .debug_aranges
                0x000001f0       0x78 src/ASF/sam0/drivers/sercom/usart/usart.o
 .debug_aranges
                0x00000268       0x90 src/ASF/sam0/drivers/sercom/usart/usart_interrupt.o
 .debug_aranges
                0x000002f8       0xd0 src/ASF/sam0/drivers/system/clock/clock_samd21_r21_da_ha1/clock.o
 .debug_aranges
                0x000003c8       0xa0 src/ASF/sam0/drivers/system/clock/clock_samd21_r21_da_ha1/gclk.o
 .debug_aranges
                0x00000468       0x48 src/ASF/sam0/drivers/system/pinmux/pinmux.o
 .debug_aranges
                0x000004b0       0x28 src/ASF/sam0/drivers/system/system.o
 .debug_aranges
                0x000004d8       0x28 src/ASF/sam0/utils/cmsis/samd21/source/gcc/startup_samd21.o
 .debug_aranges
                0x00000500       0x20 src/ASF/sam0/utils/stdio/read.o
 .debug_aranges
                0x00000520       0x20 src/ASF/sam0/utils/stdio/write.o
 .debug_aranges
                0x00000540       0x60 src/ASF/sam0/utils/syscalls/gcc/syscalls.o
 .debug_aranges
                0x000005a0       0xc0 src/main.o

.debug_ranges   0x00000000      0x540
 .debug_ranges  0x00000000       0x10 src/ASF/common2/boards/user_board/init.o
 .debug_ranges  0x00000010       0x28 src/ASF/common2/services/delay/sam0/systick_counter.o
 .debug_ranges  0x00000038       0x18 src/ASF/common/utils/interrupt/interrupt_sam_nvic.o
 .debug_ranges  0x00000050       0x80 src/ASF/sam0/drivers/nvm/nvm.o
 .debug_ranges  0x000000d0       0x20 src/ASF/sam0/drivers/port/port.o
 .debug_ranges  0x000000f0       0x40 src/ASF/sam0/drivers/sercom/sercom.o
 .debug_ranges  0x00000130       0x50 src/ASF/sam0/drivers/sercom/sercom_interrupt.o
 .debug_ranges  0x00000180       0x68 src/ASF/sam0/drivers/sercom/usart/usart.o
 .debug_ranges  0x000001e8       0x80 src/ASF/sam0/drivers/sercom/usart/usart_interrupt.o
 .debug_ranges  0x00000268       0xc0 src/ASF/sam0/drivers/system/clock/clock_samd21_r21_da_ha1/clock.o
 .debug_ranges  0x00000328       0x90 src/ASF/sam0/drivers/system/clock/clock_samd21_r21_da_ha1/gclk.o
 .debug_ranges  0x000003b8       0x38 src/ASF/sam0/drivers/system/pinmux/pinmux.o
 .debug_ranges  0x000003f0       0x18 src/ASF/sam0/drivers/system/system.o
 .debug_ranges  0x00000408       0x18 src/ASF/sam0/utils/cmsis/samd21/source/gcc/startup_samd21.o
 .debug_ranges  0x00000420       0x10 src/ASF/sam0/utils/stdio/read.o
 .debug_ranges  0x00000430       0x10 src/ASF/sam0/utils/stdio/write.o
 .debug_ranges  0x00000440       0x50 src/ASF/sam0/utils/syscalls/gcc/syscalls.o
 .debug_ranges  0x00000490       0xb0 src/main.o

.debug_macro    0x00000000    0x19d2e
 .debug_macro   0x00000000      0x670 src/ASF/common2/boards/user_board/init.o
 .debug_macro   0x00000670      0x8b6 src/ASF/common2/boards/user_board/init.o
 .debug_macro   0x00000f26      0x16d src/ASF/common2/boards/user_board/init.o
 .debug_macro   0x00001093      0x64b src/ASF/common2/boards/user_board/init.o
 .debug_macro   0x000016de       0x22 src/ASF/common2/boards/user_board/init.o
 .debug_macro   0x00001700       0x87 src/ASF/common2/boards/user_board/init.o
 .debug_macro   0x00001787       0x51 src/ASF/common2/boards/user_board/init.o
 .debug_macro   0x000017d8       0xef src/ASF/common2/boards/user_board/init.o
 .debug_macro   0x000018c7       0x6a src/ASF/common2/boards/user_board/init.o
 .debug_macro   0x00001931      0x1df src/ASF/common2/boards/user_board/init.o
 .debug_macro   0x00001b10       0x10 src/ASF/common2/boards/user_board/init.o
 .debug_macro   0x00001b20       0x76 src/ASF/common2/boards/user_board/init.o
 .debug_macro   0x00001b96       0x16 src/ASF/common2/boards/user_board/init.o
 .debug_macro   0x00001bac      0x6e5 src/ASF/common2/boards/user_board/init.o
 .debug_macro   0x00002291      0xde2 src/ASF/common2/boards/user_board/init.o
 .debug_macro   0x00003073       0x22 src/ASF/common2/boards/user_board/init.o
 .debug_macro   0x00003095       0x40 src/ASF/common2/boards/user_board/init.o
 .debug_macro   0x000030d5       0x3a src/ASF/common2/boards/user_board/init.o
 .debug_macro   0x0000310f       0x1f src/ASF/common2/boards/user_board/init.o
 .debug_macro   0x0000312e      0x250 src/ASF/common2/boards/user_board/init.o
 .debug_macro   0x0000337e      0x682 src/ASF/common2/boards/user_board/init.o
 .debug_macro   0x00003a00      0x8bf src/ASF/common2/boards/user_board/init.o
 .debug_macro   0x000042bf      0x235 src/ASF/common2/boards/user_board/init.o
 .debug_macro   0x000044f4      0xd6a src/ASF/common2/boards/user_board/init.o
 .debug_macro   0x0000525e      0x4ce src/ASF/common2/boards/user_board/init.o
 .debug_macro   0x0000572c      0x9f8 src/ASF/common2/boards/user_board/init.o
 .debug_macro   0x00006124      0x82b src/ASF/common2/boards/user_board/init.o
 .debug_macro   0x0000694f      0x45f src/ASF/common2/boards/user_board/init.o
 .debug_macro   0x00006dae       0x5e src/ASF/common2/boards/user_board/init.o
 .debug_macro   0x00006e0c      0x906 src/ASF/common2/boards/user_board/init.o
 .debug_macro   0x00007712      0x225 src/ASF/common2/boards/user_board/init.o
 .debug_macro   0x00007937      0x963 src/ASF/common2/boards/user_board/init.o
 .debug_macro   0x0000829a       0x5e src/ASF/common2/boards/user_board/init.o
 .debug_macro   0x000082f8      0x671 src/ASF/common2/boards/user_board/init.o
 .debug_macro   0x00008969      0x3af src/ASF/common2/boards/user_board/init.o
 .debug_macro   0x00008d18      0xc7f src/ASF/common2/boards/user_board/init.o
 .debug_macro   0x00009997     0x1092 src/ASF/common2/boards/user_board/init.o
 .debug_macro   0x0000aa29      0xc4a src/ASF/common2/boards/user_board/init.o
 .debug_macro   0x0000b673      0x6bf src/ASF/common2/boards/user_board/init.o
 .debug_macro   0x0000bd32     0x1bc9 src/ASF/common2/boards/user_board/init.o
 .debug_macro   0x0000d8fb     0x144a src/ASF/common2/boards/user_board/init.o
 .debug_macro   0x0000ed45      0x34e src/ASF/common2/boards/user_board/init.o
 .debug_macro   0x0000f093       0x7c src/ASF/common2/boards/user_board/init.o
 .debug_macro   0x0000f10f       0xa0 src/ASF/common2/boards/user_board/init.o
 .debug_macro   0x0000f1af       0x4c src/ASF/common2/boards/user_board/init.o
 .debug_macro   0x0000f1fb       0xca src/ASF/common2/boards/user_board/init.o
 .debug_macro   0x0000f2c5       0x94 src/ASF/common2/boards/user_board/init.o
 .debug_macro   0x0000f359       0x58 src/ASF/common2/boards/user_board/init.o
 .debug_macro   0x0000f3b1      0x387 src/ASF/common2/boards/user_board/init.o
 .debug_macro   0x0000f738       0x82 src/ASF/common2/boards/user_board/init.o
 .debug_macro   0x0000f7ba      0x197 src/ASF/common2/boards/user_board/init.o
 .debug_macro   0x0000f951       0xb8 src/ASF/common2/boards/user_board/init.o
 .debug_macro   0x0000fa09       0xa0 src/ASF/common2/boards/user_board/init.o
 .debug_macro   0x0000faa9       0xb8 src/ASF/common2/boards/user_board/init.o
 .debug_macro   0x0000fb61       0x1c src/ASF/common2/boards/user_board/init.o
 .debug_macro   0x0000fb7d       0x1c src/ASF/common2/boards/user_board/init.o
 .debug_macro   0x0000fb99       0x1c src/ASF/common2/boards/user_board/init.o
 .debug_macro   0x0000fbb5       0x82 src/ASF/common2/boards/user_board/init.o
 .debug_macro   0x0000fc37      0x161 src/ASF/common2/boards/user_board/init.o
 .debug_macro   0x0000fd98       0xdc src/ASF/common2/boards/user_board/init.o
 .debug_macro   0x0000fe74      0x12f src/ASF/common2/boards/user_board/init.o
 .debug_macro   0x0000ffa3      0x12f src/ASF/common2/boards/user_board/init.o
 .debug_macro   0x000100d2      0x12f src/ASF/common2/boards/user_board/init.o
 .debug_macro   0x00010201      0x12f src/ASF/common2/boards/user_board/init.o
 .debug_macro   0x00010330      0x12f src/ASF/common2/boards/user_board/init.o
 .debug_macro   0x0001045f      0x12f src/ASF/common2/boards/user_board/init.o
 .debug_macro   0x0001058e      0x124 src/ASF/common2/boards/user_board/init.o
 .debug_macro   0x000106b2       0xe2 src/ASF/common2/boards/user_board/init.o
 .debug_macro   0x00010794       0xe2 src/ASF/common2/boards/user_board/init.o
 .debug_macro   0x00010876       0xe2 src/ASF/common2/boards/user_board/init.o
 .debug_macro   0x00010958      0x133 src/ASF/common2/boards/user_board/init.o
 .debug_macro   0x00010a8b      0x106 src/ASF/common2/boards/user_board/init.o
 .debug_macro   0x00010b91       0xfa src/ASF/common2/boards/user_board/init.o
 .debug_macro   0x00010c8b      0x40f src/ASF/common2/boards/user_board/init.o
 .debug_macro   0x0001109a       0x40 src/ASF/common2/boards/user_board/init.o
 .debug_macro   0x000110da      0x361 src/ASF/common2/boards/user_board/init.o
 .debug_macro   0x0001143b     0x16ed src/ASF/common2/boards/user_board/init.o
 .debug_macro   0x00012b28       0x6d src/ASF/common2/boards/user_board/init.o
 .debug_macro   0x00012b95       0x52 src/ASF/common2/boards/user_board/init.o
 .debug_macro   0x00012be7       0x35 src/ASF/common2/boards/user_board/init.o
 .debug_macro   0x00012c1c       0x9c src/ASF/common2/boards/user_board/init.o
 .debug_macro   0x00012cb8       0x16 src/ASF/common2/boards/user_board/init.o
 .debug_macro   0x00012cce       0x35 src/ASF/common2/boards/user_board/init.o
 .debug_macro   0x00012d03      0x330 src/ASF/common2/boards/user_board/init.o
 .debug_macro   0x00013033       0x10 src/ASF/common2/boards/user_board/init.o
 .debug_macro   0x00013043       0x52 src/ASF/common2/boards/user_board/init.o
 .debug_macro   0x00013095       0x1f src/ASF/common2/boards/user_board/init.o
 .debug_macro   0x000130b4       0x43 src/ASF/common2/boards/user_board/init.o
 .debug_macro   0x000130f7       0x20 src/ASF/common2/boards/user_board/init.o
 .debug_macro   0x00013117      0x187 src/ASF/common2/boards/user_board/init.o
 .debug_macro   0x0001329e       0x10 src/ASF/common2/boards/user_board/init.o
 .debug_macro   0x000132ae       0x1c src/ASF/common2/boards/user_board/init.o
 .debug_macro   0x000132ca       0x52 src/ASF/common2/boards/user_board/init.o
 .debug_macro   0x0001331c       0x40 src/ASF/common2/boards/user_board/init.o
 .debug_macro   0x0001335c       0x10 src/ASF/common2/boards/user_board/init.o
 .debug_macro   0x0001336c       0x40 src/ASF/common2/boards/user_board/init.o
 .debug_macro   0x000133ac       0xd7 src/ASF/common2/boards/user_board/init.o
 .debug_macro   0x00013483       0x16 src/ASF/common2/boards/user_board/init.o
 .debug_macro   0x00013499      0x18b src/ASF/common2/boards/user_board/init.o
 .debug_macro   0x00013624       0x16 src/ASF/common2/boards/user_board/init.o
 .debug_macro   0x0001363a       0x16 src/ASF/common2/boards/user_board/init.o
 .debug_macro   0x00013650       0x29 src/ASF/common2/boards/user_board/init.o
 .debug_macro   0x00013679       0x51 src/ASF/common2/boards/user_board/init.o
 .debug_macro   0x000136ca       0x3f src/ASF/common2/boards/user_board/init.o
 .debug_macro   0x00013709      0x3df src/ASF/common2/boards/user_board/init.o
 .debug_macro   0x00013ae8       0x11 src/ASF/common2/boards/user_board/init.o
 .debug_macro   0x00013af9       0x16 src/ASF/common2/boards/user_board/init.o
 .debug_macro   0x00013b0f       0x16 src/ASF/common2/boards/user_board/init.o
 .debug_macro   0x00013b25      0x2c6 src/ASF/common2/boards/user_board/init.o
 .debug_macro   0x00013deb       0x11 src/ASF/common2/boards/user_board/init.o
 .debug_macro   0x00013dfc       0x18 src/ASF/common2/boards/user_board/init.o
 .debug_macro   0x00013e14       0x12 src/ASF/common2/boards/user_board/init.o
 .debug_macro   0x00013e26       0x16 src/ASF/common2/boards/user_board/init.o
 .debug_macro   0x00013e3c       0x2e src/ASF/common2/boards/user_board/init.o
 .debug_macro   0x00013e6a       0xb2 src/ASF/common2/boards/user_board/init.o
 .debug_macro   0x00013f1c       0x10 src/ASF/common2/boards/user_board/init.o
 .debug_macro   0x00013f2c       0x16 src/ASF/common2/boards/user_board/init.o
 .debug_macro   0x00013f42       0x16 src/ASF/common2/boards/user_board/init.o
 .debug_macro   0x00013f58       0x35 src/ASF/common2/boards/user_board/init.o
 .debug_macro   0x00013f8d       0x49 src/ASF/common2/boards/user_board/init.o
 .debug_macro   0x00013fd6      0x539 src/ASF/common2/services/delay/sam0/systick_counter.o
 .debug_macro   0x0001450f      0x4fe src/ASF/common/utils/interrupt/interrupt_sam_nvic.o
 .debug_macro   0x00014a0d      0x599 src/ASF/sam0/drivers/nvm/nvm.o
 .debug_macro   0x00014fa6      0x518 src/ASF/sam0/drivers/port/port.o
 .debug_macro   0x000154be      0x58b src/ASF/sam0/drivers/sercom/sercom.o
 .debug_macro   0x00015a49      0x588 src/ASF/sam0/drivers/sercom/sercom_interrupt.o
 .debug_macro   0x00015fd1      0x59c src/ASF/sam0/drivers/sercom/usart/usart.o
 .debug_macro   0x0001656d       0x51 src/ASF/sam0/drivers/sercom/usart/usart.o
 .debug_macro   0x000165be      0x59c src/ASF/sam0/drivers/sercom/usart/usart_interrupt.o
 .debug_macro   0x00016b5a      0x56f src/ASF/sam0/drivers/system/clock/clock_samd21_r21_da_ha1/clock.o
 .debug_macro   0x000170c9      0x29d src/ASF/sam0/drivers/system/clock/clock_samd21_r21_da_ha1/clock.o
 .debug_macro   0x00017366      0x534 src/ASF/sam0/drivers/system/clock/clock_samd21_r21_da_ha1/gclk.o
 .debug_macro   0x0001789a      0x50e src/ASF/sam0/drivers/system/pinmux/pinmux.o
 .debug_macro   0x00017da8       0x12 src/ASF/sam0/drivers/system/pinmux/pinmux.o
 .debug_macro   0x00017dba      0x541 src/ASF/sam0/drivers/system/system.o
 .debug_macro   0x000182fb      0x2e5 src/ASF/sam0/utils/cmsis/samd21/source/gcc/startup_samd21.o
 .debug_macro   0x000185e0       0x3a src/ASF/sam0/utils/cmsis/samd21/source/gcc/startup_samd21.o
 .debug_macro   0x0001861a      0x4fe src/ASF/sam0/utils/stdio/read.o
 .debug_macro   0x00018b18      0x4fe src/ASF/sam0/utils/stdio/write.o
 .debug_macro   0x00019016      0x1d6 src/ASF/sam0/utils/syscalls/gcc/syscalls.o
 .debug_macro   0x000191ec       0x4c src/ASF/sam0/utils/syscalls/gcc/syscalls.o
 .debug_macro   0x00019238       0x8d src/ASF/sam0/utils/syscalls/gcc/syscalls.o
 .debug_macro   0x000192c5       0x57 src/ASF/sam0/utils/syscalls/gcc/syscalls.o
 .debug_macro   0x0001931c       0x97 src/ASF/sam0/utils/syscalls/gcc/syscalls.o
 .debug_macro   0x000193b3       0xf6 src/ASF/sam0/utils/syscalls/gcc/syscalls.o
 .debug_macro   0x000194a9       0x4c src/ASF/sam0/utils/syscalls/gcc/syscalls.o
 .debug_macro   0x000194f5       0x16 src/ASF/sam0/utils/syscalls/gcc/syscalls.o
 .debug_macro   0x0001950b       0x10 src/ASF/sam0/utils/syscalls/gcc/syscalls.o
 .debug_macro   0x0001951b       0x10 src/ASF/sam0/utils/syscalls/gcc/syscalls.o
 .debug_macro   0x0001952b       0x35 src/ASF/sam0/utils/syscalls/gcc/syscalls.o
 .debug_macro   0x00019560      0x122 src/ASF/sam0/utils/syscalls/gcc/syscalls.o
 .debug_macro   0x00019682      0x6ac src/main.o

.debug_line     0x00000000     0xbf54
 .debug_line    0x00000000      0xd5f src/ASF/common2/boards/user_board/init.o
 .debug_line    0x00000d5f      0x9b6 src/ASF/common2/services/delay/sam0/systick_counter.o
 .debug_line    0x00001715      0x8c7 src/ASF/common/utils/interrupt/interrupt_sam_nvic.o
 .debug_line    0x00001fdc      0xd9b src/ASF/sam0/drivers/nvm/nvm.o
 .debug_line    0x00002d77      0x8f9 src/ASF/sam0/drivers/port/port.o
 .debug_line    0x00003670      0xc13 src/ASF/sam0/drivers/sercom/sercom.o
 .debug_line    0x00004283      0xb75 src/ASF/sam0/drivers/sercom/sercom_interrupt.o
 .debug_line    0x00004df8      0xd53 src/ASF/sam0/drivers/sercom/usart/usart.o
 .debug_line    0x00005b4b      0xcbd src/ASF/sam0/drivers/sercom/usart/usart_interrupt.o
 .debug_line    0x00006808      0xcfb src/ASF/sam0/drivers/system/clock/clock_samd21_r21_da_ha1/clock.o
 .debug_line    0x00007503      0xb9e src/ASF/sam0/drivers/system/clock/clock_samd21_r21_da_ha1/gclk.o
 .debug_line    0x000080a1      0x96b src/ASF/sam0/drivers/system/pinmux/pinmux.o
 .debug_line    0x00008a0c      0x9ea src/ASF/sam0/drivers/system/system.o
 .debug_line    0x000093f6      0x650 src/ASF/sam0/utils/cmsis/samd21/source/gcc/startup_samd21.o
 .debug_line    0x00009a46      0x8a6 src/ASF/sam0/utils/stdio/read.o
 .debug_line    0x0000a2ec      0x8a3 src/ASF/sam0/utils/stdio/write.o
 .debug_line    0x0000ab8f      0x415 src/ASF/sam0/utils/syscalls/gcc/syscalls.o
 .debug_line    0x0000afa4      0xfb0 src/main.o

.debug_str      0x00000000    0x87952
 .debug_str     0x00000000    0x7fdb3 src/ASF/common2/boards/user_board/init.o
                              0x8068c (size before relaxing)
 .debug_str     0x0007fdb3       0xbc src/ASF/common2/services/delay/sam0/systick_counter.o
                              0x7f399 (size before relaxing)
 .debug_str     0x0007fe6f       0x94 src/ASF/common/utils/interrupt/interrupt_sam_nvic.o
                              0x7f189 (size before relaxing)
 .debug_str     0x0007ff03     0x1373 src/ASF/sam0/drivers/nvm/nvm.o
                              0x80907 (size before relaxing)
 .debug_str     0x00081276      0x3c1 src/ASF/sam0/drivers/port/port.o
                              0x7f5b5 (size before relaxing)
 .debug_str     0x00081637      0xad5 src/ASF/sam0/drivers/sercom/sercom.o
                              0x8086a (size before relaxing)
 .debug_str     0x0008210c      0x533 src/ASF/sam0/drivers/sercom/sercom_interrupt.o
                              0x806d4 (size before relaxing)
 .debug_str     0x0008263f      0xb15 src/ASF/sam0/drivers/sercom/usart/usart.o
                              0x81635 (size before relaxing)
 .debug_str     0x00083154      0x198 src/ASF/sam0/drivers/sercom/usart/usart_interrupt.o
                              0x8087b (size before relaxing)
 .debug_str     0x000832ec     0x26d4 src/ASF/sam0/drivers/system/clock/clock_samd21_r21_da_ha1/clock.o
                              0x823a7 (size before relaxing)
 .debug_str     0x000859c0      0x1e3 src/ASF/sam0/drivers/system/clock/clock_samd21_r21_da_ha1/gclk.o
                              0x7fe4c (size before relaxing)
 .debug_str     0x00085ba3      0x1c1 src/ASF/sam0/drivers/system/pinmux/pinmux.o
                              0x7f62b (size before relaxing)
 .debug_str     0x00085d64       0x47 src/ASF/sam0/drivers/system/system.o
                              0x7f266 (size before relaxing)
 .debug_str     0x00085dab      0xf28 src/ASF/sam0/utils/cmsis/samd21/source/gcc/startup_samd21.o
                              0x6b2f0 (size before relaxing)
 .debug_str     0x00086cd3       0x2a src/ASF/sam0/utils/stdio/read.o
                              0x7f130 (size before relaxing)
 .debug_str     0x00086cfd       0x24 src/ASF/sam0/utils/stdio/write.o
                              0x7f131 (size before relaxing)
 .debug_str     0x00086d21      0x75b src/ASF/sam0/utils/syscalls/gcc/syscalls.o
                               0x7241 (size before relaxing)
 .debug_str     0x0008747c      0x4d6 src/main.o
                              0x828ed (size before relaxing)

.debug_frame    0x00000000     0x1be4
 .debug_frame   0x00000000       0x2c src/ASF/common2/boards/user_board/init.o
 .debug_frame   0x0000002c       0x8c src/ASF/common2/services/delay/sam0/systick_counter.o
 .debug_frame   0x000000b8       0x4c src/ASF/common/utils/interrupt/interrupt_sam_nvic.o
 .debug_frame   0x00000104      0x1e8 src/ASF/sam0/drivers/nvm/nvm.o
 .debug_frame   0x000002ec       0x70 src/ASF/sam0/drivers/port/port.o
 .debug_frame   0x0000035c       0xf8 src/ASF/sam0/drivers/sercom/sercom.o
 .debug_frame   0x00000454      0x118 src/ASF/sam0/drivers/sercom/sercom_interrupt.o
 .debug_frame   0x0000056c      0x190 src/ASF/sam0/drivers/sercom/usart/usart.o
 .debug_frame   0x000006fc      0x1e8 src/ASF/sam0/drivers/sercom/usart/usart_interrupt.o
 .debug_frame   0x000008e4      0x2e4 src/ASF/sam0/drivers/system/clock/clock_samd21_r21_da_ha1/clock.o
 .debug_frame   0x00000bc8      0x220 src/ASF/sam0/drivers/system/clock/clock_samd21_r21_da_ha1/gclk.o
 .debug_frame   0x00000de8       0xd0 src/ASF/sam0/drivers/system/pinmux/pinmux.o
 .debug_frame   0x00000eb8       0x48 src/ASF/sam0/drivers/system/system.o
 .debug_frame   0x00000f00       0x4c src/ASF/sam0/utils/cmsis/samd21/source/gcc/startup_samd21.o
 .debug_frame   0x00000f4c       0x30 src/ASF/sam0/utils/stdio/read.o
 .debug_frame   0x00000f7c       0x30 src/ASF/sam0/utils/stdio/write.o
 .debug_frame   0x00000fac      0x12c src/ASF/sam0/utils/syscalls/gcc/syscalls.o
 .debug_frame   0x000010d8      0x2ac src/main.o
 .debug_frame   0x00001384       0x20 c:/program files (x86)/atmel/studio/7.0/toolchain/arm/arm-gnu-toolchain/bin/../lib/gcc/arm-none-eabi/6.2.1/thumb/v6-m\libgcc.a(_udivsi3.o)
 .debug_frame   0x000013a4       0x34 c:/program files (x86)/atmel/studio/7.0/toolchain/arm/arm-gnu-toolchain/bin/../lib/gcc/arm-none-eabi/6.2.1/thumb/v6-m\libgcc.a(_muldi3.o)
 .debug_frame   0x000013d8       0x2c c:/program files (x86)/atmel/studio/7.0/toolchain/arm/arm-gnu-toolchain/bin/../lib/gcc/arm-none-eabi/6.2.1/../../../../arm-none-eabi/lib/thumb/v6-m\libc_nano.a(lib_a-init.o)
 .debug_frame   0x00001404       0x28 c:/program files (x86)/atmel/studio/7.0/toolchain/arm/arm-gnu-toolchain/bin/../lib/gcc/arm-none-eabi/6.2.1/../../../../arm-none-eabi/lib/thumb/v6-m\libc_nano.a(lib_a-memcpy-stub.o)
 .debug_frame   0x0000142c       0x20 c:/program files (x86)/atmel/studio/7.0/toolchain/arm/arm-gnu-toolchain/bin/../lib/gcc/arm-none-eabi/6.2.1/../../../../arm-none-eabi/lib/thumb/v6-m\libc_nano.a(lib_a-memset.o)
 .debug_frame   0x0000144c       0x50 c:/program files (x86)/atmel/studio/7.0/toolchain/arm/arm-gnu-toolchain/bin/../lib/gcc/arm-none-eabi/6.2.1/../../../../arm-none-eabi/lib/thumb/v6-m\libc_nano.a(lib_a-printf.o)
 .debug_frame   0x0000149c       0x44 c:/program files (x86)/atmel/studio/7.0/toolchain/arm/arm-gnu-toolchain/bin/../lib/gcc/arm-none-eabi/6.2.1/../../../../arm-none-eabi/lib/thumb/v6-m\libc_nano.a(lib_a-puts.o)
 .debug_frame   0x000014e0       0x28 c:/program files (x86)/atmel/studio/7.0/toolchain/arm/arm-gnu-toolchain/bin/../lib/gcc/arm-none-eabi/6.2.1/../../../../arm-none-eabi/lib/thumb/v6-m\libc_nano.a(lib_a-setbuf.o)
 .debug_frame   0x00001508       0x30 c:/program files (x86)/atmel/studio/7.0/toolchain/arm/arm-gnu-toolchain/bin/../lib/gcc/arm-none-eabi/6.2.1/../../../../arm-none-eabi/lib/thumb/v6-m\libc_nano.a(lib_a-setvbuf.o)
 .debug_frame   0x00001538       0x48 c:/program files (x86)/atmel/studio/7.0/toolchain/arm/arm-gnu-toolchain/bin/../lib/gcc/arm-none-eabi/6.2.1/../../../../arm-none-eabi/lib/thumb/v6-m\libc_nano.a(lib_a-wbuf.o)
 .debug_frame   0x00001580       0x2c c:/program files (x86)/atmel/studio/7.0/toolchain/arm/arm-gnu-toolchain/bin/../lib/gcc/arm-none-eabi/6.2.1/../../../../arm-none-eabi/lib/thumb/v6-m\libc_nano.a(lib_a-wsetup.o)
 .debug_frame   0x000015ac       0x68 c:/program files (x86)/atmel/studio/7.0/toolchain/arm/arm-gnu-toolchain/bin/../lib/gcc/arm-none-eabi/6.2.1/../../../../arm-none-eabi/lib/thumb/v6-m\libc_nano.a(lib_a-fflush.o)
 .debug_frame   0x00001614      0x140 c:/program files (x86)/atmel/studio/7.0/toolchain/arm/arm-gnu-toolchain/bin/../lib/gcc/arm-none-eabi/6.2.1/../../../../arm-none-eabi/lib/thumb/v6-m\libc_nano.a(lib_a-findfp.o)
 .debug_frame   0x00001754       0x58 c:/program files (x86)/atmel/studio/7.0/toolchain/arm/arm-gnu-toolchain/bin/../lib/gcc/arm-none-eabi/6.2.1/../../../../arm-none-eabi/lib/thumb/v6-m\libc_nano.a(lib_a-fwalk.o)
 .debug_frame   0x000017ac       0x54 c:/program files (x86)/atmel/studio/7.0/toolchain/arm/arm-gnu-toolchain/bin/../lib/gcc/arm-none-eabi/6.2.1/../../../../arm-none-eabi/lib/thumb/v6-m\libc_nano.a(lib_a-makebuf.o)
 .debug_frame   0x00001800       0x40 c:/program files (x86)/atmel/studio/7.0/toolchain/arm/arm-gnu-toolchain/bin/../lib/gcc/arm-none-eabi/6.2.1/../../../../arm-none-eabi/lib/thumb/v6-m\libc_nano.a(lib_a-malloc.o)
 .debug_frame   0x00001840       0x2c c:/program files (x86)/atmel/studio/7.0/toolchain/arm/arm-gnu-toolchain/bin/../lib/gcc/arm-none-eabi/6.2.1/../../../../arm-none-eabi/lib/thumb/v6-m\libc_nano.a(lib_a-nano-freer.o)
 .debug_frame   0x0000186c       0x2c c:/program files (x86)/atmel/studio/7.0/toolchain/arm/arm-gnu-toolchain/bin/../lib/gcc/arm-none-eabi/6.2.1/../../../../arm-none-eabi/lib/thumb/v6-m\libc_nano.a(lib_a-nano-mallocr.o)
 .debug_frame   0x00001898       0x9c c:/program files (x86)/atmel/studio/7.0/toolchain/arm/arm-gnu-toolchain/bin/../lib/gcc/arm-none-eabi/6.2.1/../../../../arm-none-eabi/lib/thumb/v6-m\libc_nano.a(lib_a-nano-vfprintf.o)
 .debug_frame   0x00001934       0x54 c:/program files (x86)/atmel/studio/7.0/toolchain/arm/arm-gnu-toolchain/bin/../lib/gcc/arm-none-eabi/6.2.1/../../../../arm-none-eabi/lib/thumb/v6-m\libc_nano.a(lib_a-nano-vfprintf_i.o)
 .debug_frame   0x00001988       0x2c c:/program files (x86)/atmel/studio/7.0/toolchain/arm/arm-gnu-toolchain/bin/../lib/gcc/arm-none-eabi/6.2.1/../../../../arm-none-eabi/lib/thumb/v6-m\libc_nano.a(lib_a-sbrkr.o)
 .debug_frame   0x000019b4       0x90 c:/program files (x86)/atmel/studio/7.0/toolchain/arm/arm-gnu-toolchain/bin/../lib/gcc/arm-none-eabi/6.2.1/../../../../arm-none-eabi/lib/thumb/v6-m\libc_nano.a(lib_a-stdio.o)
 .debug_frame   0x00001a44       0x2c c:/program files (x86)/atmel/studio/7.0/toolchain/arm/arm-gnu-toolchain/bin/../lib/gcc/arm-none-eabi/6.2.1/../../../../arm-none-eabi/lib/thumb/v6-m\libc_nano.a(lib_a-writer.o)
 .debug_frame   0x00001a70       0x2c c:/program files (x86)/atmel/studio/7.0/toolchain/arm/arm-gnu-toolchain/bin/../lib/gcc/arm-none-eabi/6.2.1/../../../../arm-none-eabi/lib/thumb/v6-m\libc_nano.a(lib_a-closer.o)
 .debug_frame   0x00001a9c       0x2c c:/program files (x86)/atmel/studio/7.0/toolchain/arm/arm-gnu-toolchain/bin/../lib/gcc/arm-none-eabi/6.2.1/../../../../arm-none-eabi/lib/thumb/v6-m\libc_nano.a(lib_a-fstatr.o)
 .debug_frame   0x00001ac8       0x2c c:/program files (x86)/atmel/studio/7.0/toolchain/arm/arm-gnu-toolchain/bin/../lib/gcc/arm-none-eabi/6.2.1/../../../../arm-none-eabi/lib/thumb/v6-m\libc_nano.a(lib_a-isattyr.o)
 .debug_frame   0x00001af4       0x2c c:/program files (x86)/atmel/studio/7.0/toolchain/arm/arm-gnu-toolchain/bin/../lib/gcc/arm-none-eabi/6.2.1/../../../../arm-none-eabi/lib/thumb/v6-m\libc_nano.a(lib_a-lseekr.o)
 .debug_frame   0x00001b20       0x20 c:/program files (x86)/atmel/studio/7.0/toolchain/arm/arm-gnu-toolchain/bin/../lib/gcc/arm-none-eabi/6.2.1/../../../../arm-none-eabi/lib/thumb/v6-m\libc_nano.a(lib_a-memchr-stub.o)
 .debug_frame   0x00001b40       0x30 c:/program files (x86)/atmel/studio/7.0/toolchain/arm/arm-gnu-toolchain/bin/../lib/gcc/arm-none-eabi/6.2.1/../../../../arm-none-eabi/lib/thumb/v6-m\libc_nano.a(lib_a-mlock.o)
 .debug_frame   0x00001b70       0x2c c:/program files (x86)/atmel/studio/7.0/toolchain/arm/arm-gnu-toolchain/bin/../lib/gcc/arm-none-eabi/6.2.1/../../../../arm-none-eabi/lib/thumb/v6-m\libc_nano.a(lib_a-readr.o)
 .debug_frame   0x00001b9c       0x48 c:/program files (x86)/atmel/studio/7.0/toolchain/arm/arm-gnu-toolchain/bin/../lib/gcc/arm-none-eabi/6.2.1/../../../../arm-none-eabi/lib/thumb/v6-m\libc_nano.a(lib_a-reent.o)

Cross Reference Table

Symbol                                            File
AC_Handler                                        src/ASF/sam0/utils/cmsis/samd21/source/gcc/startup_samd21.o
ADC_Handler                                       src/ASF/sam0/utils/cmsis/samd21/source/gcc/startup_samd21.o
DAC_Handler                                       src/ASF/sam0/utils/cmsis/samd21/source/gcc/startup_samd21.o
DMAC_Handler                                      src/ASF/sam0/utils/cmsis/samd21/source/gcc/startup_samd21.o
Dummy_Handler                                     src/ASF/sam0/utils/cmsis/samd21/source/gcc/startup_samd21.o
EIC_Handler                                       src/ASF/sam0/utils/cmsis/samd21/source/gcc/startup_samd21.o
EVSYS_Handler                                     src/ASF/sam0/utils/cmsis/samd21/source/gcc/startup_samd21.o
HardFault_Handler                                 src/ASF/sam0/utils/cmsis/samd21/source/gcc/startup_samd21.o
I2S_Handler                                       src/ASF/sam0/utils/cmsis/samd21/source/gcc/startup_samd21.o
NMI_Handler                                       src/ASF/sam0/utils/cmsis/samd21/source/gcc/startup_samd21.o
NVMCTRL_Handler                                   src/ASF/sam0/utils/cmsis/samd21/source/gcc/startup_samd21.o
PM_Handler                                        src/ASF/sam0/utils/cmsis/samd21/source/gcc/startup_samd21.o
PTC_Handler                                       src/ASF/sam0/utils/cmsis/samd21/source/gcc/startup_samd21.o
PendSV_Handler                                    src/ASF/sam0/utils/cmsis/samd21/source/gcc/startup_samd21.o
RTC_Handler                                       src/ASF/sam0/utils/cmsis/samd21/source/gcc/startup_samd21.o
Reset_Handler                                     src/ASF/sam0/utils/cmsis/samd21/source/gcc/startup_samd21.o
SERCOM0_Handler                                   src/ASF/sam0/drivers/sercom/sercom_interrupt.o
SERCOM1_Handler                                   src/ASF/sam0/drivers/sercom/sercom_interrupt.o
SERCOM2_Handler                                   src/ASF/sam0/drivers/sercom/sercom_interrupt.o
SERCOM3_Handler                                   src/ASF/sam0/drivers/sercom/sercom_interrupt.o
SERCOM4_Handler                                   src/ASF/sam0/drivers/sercom/sercom_interrupt.o
SERCOM5_Handler                                   src/ASF/sam0/drivers/sercom/sercom_interrupt.o
SVC_Handler                                       src/ASF/sam0/utils/cmsis/samd21/source/gcc/startup_samd21.o
SYSCTRL_Handler                                   src/ASF/sam0/utils/cmsis/samd21/source/gcc/startup_samd21.o
SysTick_Handler                                   src/ASF/sam0/utils/cmsis/samd21/source/gcc/startup_samd21.o
SystemCoreClock                                   src/ASF/sam0/utils/cmsis/samd21/source/system_samd21.o
SystemCoreClockUpdate                             src/ASF/sam0/utils/cmsis/samd21/source/system_samd21.o
SystemInit                                        src/ASF/sam0/utils/cmsis/samd21/source/system_samd21.o
TC3_Handler                                       src/ASF/sam0/utils/cmsis/samd21/source/gcc/startup_samd21.o
TC4_Handler                                       src/ASF/sam0/utils/cmsis/samd21/source/gcc/startup_samd21.o
TC5_Handler                                       src/ASF/sam0/utils/cmsis/samd21/source/gcc/startup_samd21.o
TCC0_Handler                                      src/ASF/sam0/utils/cmsis/samd21/source/gcc/startup_samd21.o
TCC1_Handler                                      src/ASF/sam0/utils/cmsis/samd21/source/gcc/startup_samd21.o
TCC2_Handler                                      src/ASF/sam0/utils/cmsis/samd21/source/gcc/startup_samd21.o
USB_Handler                                       src/ASF/sam0/utils/cmsis/samd21/source/gcc/startup_samd21.o
WDT_Handler                                       src/ASF/sam0/utils/cmsis/samd21/source/gcc/startup_samd21.o
_Jv_RegisterClasses                               c:/program files (x86)/atmel/studio/7.0/toolchain/arm/arm-gnu-toolchain/bin/../lib/gcc/arm-none-eabi/6.2.1/thumb/v6-m/crtbegin.o
__aeabi_idiv                                      c:/program files (x86)/atmel/studio/7.0/toolchain/arm/arm-gnu-toolchain/bin/../lib/gcc/arm-none-eabi/6.2.1/thumb/v6-m\libgcc.a(_divsi3.o)
                                                  c:/program files (x86)/atmel/studio/7.0/toolchain/arm/arm-gnu-toolchain/bin/../lib/gcc/arm-none-eabi/6.2.1/../../../../arm-none-eabi/lib/thumb/v6-m\libc_nano.a(lib_a-fvwrite.o)
__aeabi_idiv0                                     c:/program files (x86)/atmel/studio/7.0/toolchain/arm/arm-gnu-toolchain/bin/../lib/gcc/arm-none-eabi/6.2.1/thumb/v6-m\libgcc.a(_dvmd_tls.o)
                                                  c:/program files (x86)/atmel/studio/7.0/toolchain/arm/arm-gnu-toolchain/bin/../lib/gcc/arm-none-eabi/6.2.1/thumb/v6-m\libgcc.a(_divsi3.o)
                                                  c:/program files (x86)/atmel/studio/7.0/toolchain/arm/arm-gnu-toolchain/bin/../lib/gcc/arm-none-eabi/6.2.1/thumb/v6-m\libgcc.a(_udivsi3.o)
__aeabi_idivmod                                   c:/program files (x86)/atmel/studio/7.0/toolchain/arm/arm-gnu-toolchain/bin/../lib/gcc/arm-none-eabi/6.2.1/thumb/v6-m\libgcc.a(_divsi3.o)
__aeabi_ldiv0                                     c:/program files (x86)/atmel/studio/7.0/toolchain/arm/arm-gnu-toolchain/bin/../lib/gcc/arm-none-eabi/6.2.1/thumb/v6-m\libgcc.a(_dvmd_tls.o)
__aeabi_lmul                                      c:/program files (x86)/atmel/studio/7.0/toolchain/arm/arm-gnu-toolchain/bin/../lib/gcc/arm-none-eabi/6.2.1/thumb/v6-m\libgcc.a(_muldi3.o)
                                                  src/ASF/sam0/drivers/sercom/sercom.o
__aeabi_uidiv                                     c:/program files (x86)/atmel/studio/7.0/toolchain/arm/arm-gnu-toolchain/bin/../lib/gcc/arm-none-eabi/6.2.1/thumb/v6-m\libgcc.a(_udivsi3.o)
                                                  c:/program files (x86)/atmel/studio/7.0/toolchain/arm/arm-gnu-toolchain/bin/../lib/gcc/arm-none-eabi/6.2.1/../../../../arm-none-eabi/lib/thumb/v6-m\libc_nano.a(lib_a-nano-vfprintf_i.o)
                                                  src/ASF/sam0/drivers/system/clock/clock_samd21_r21_da_ha1/gclk.o
                                                  src/ASF/sam0/drivers/system/clock/clock_samd21_r21_da_ha1/clock.o
                                                  src/ASF/sam0/drivers/nvm/nvm.o
                                                  src/ASF/common2/services/delay/sam0/systick_counter.o
__aeabi_uidivmod                                  c:/program files (x86)/atmel/studio/7.0/toolchain/arm/arm-gnu-toolchain/bin/../lib/gcc/arm-none-eabi/6.2.1/thumb/v6-m\libgcc.a(_udivsi3.o)