Archive member included to satisfy reference by file (symbol)

c:/program files (x86)/atmel/studio/7.0/toolchain/arm/arm-gnu-toolchain/bin/../lib/gcc/arm-none-eabi/5.3.1/armv6-m\libgcc.a(_udivsi3.o)
                              src/ASF/common2/services/delay/sam0/systick_counter.o (__aeabi_uidiv)
c:/program files (x86)/atmel/studio/7.0/toolchain/arm/arm-gnu-toolchain/bin/../lib/gcc/arm-none-eabi/5.3.1/armv6-m\libgcc.a(_dvmd_tls.o)
                              c:/program files (x86)/atmel/studio/7.0/toolchain/arm/arm-gnu-toolchain/bin/../lib/gcc/arm-none-eabi/5.3.1/armv6-m\libgcc.a(_udivsi3.o) (__aeabi_idiv0)
c:/program files (x86)/atmel/studio/7.0/toolchain/arm/arm-gnu-toolchain/bin/../lib/gcc/arm-none-eabi/5.3.1/armv6-m\libgcc.a(_muldi3.o)
                              src/ASF/sam0/drivers/sercom/sercom.o (__aeabi_lmul)
c:/program files (x86)/atmel/studio/7.0/toolchain/arm/arm-gnu-toolchain/bin/../lib/gcc/arm-none-eabi/5.3.1/../../../../arm-none-eabi/lib/armv6-m\libc_nano.a(lib_a-exit.o)
                              c:/program files (x86)/atmel/studio/7.0/toolchain/arm/arm-gnu-toolchain/bin/../lib/gcc/arm-none-eabi/5.3.1/../../../../arm-none-eabi/lib/armv6-m/crt0.o (exit)
c:/program files (x86)/atmel/studio/7.0/toolchain/arm/arm-gnu-toolchain/bin/../lib/gcc/arm-none-eabi/5.3.1/../../../../arm-none-eabi/lib/armv6-m\libc_nano.a(lib_a-impure.o)
                              c:/program files (x86)/atmel/studio/7.0/toolchain/arm/arm-gnu-toolchain/bin/../lib/gcc/arm-none-eabi/5.3.1/../../../../arm-none-eabi/lib/armv6-m\libc_nano.a(lib_a-exit.o) (_global_impure_ptr)
c:/program files (x86)/atmel/studio/7.0/toolchain/arm/arm-gnu-toolchain/bin/../lib/gcc/arm-none-eabi/5.3.1/../../../../arm-none-eabi/lib/armv6-m\libc_nano.a(lib_a-init.o)
                              c:/program files (x86)/atmel/studio/7.0/toolchain/arm/arm-gnu-toolchain/bin/../lib/gcc/arm-none-eabi/5.3.1/../../../../arm-none-eabi/lib/armv6-m/crt0.o (__libc_init_array)
c:/program files (x86)/atmel/studio/7.0/toolchain/arm/arm-gnu-toolchain/bin/../lib/gcc/arm-none-eabi/5.3.1/../../../../arm-none-eabi/lib/armv6-m\libc_nano.a(lib_a-memcpy-stub.o)
                              src/ASF/sam0/drivers/sercom/sercom_interrupt.o (memcpy)
c:/program files (x86)/atmel/studio/7.0/toolchain/arm/arm-gnu-toolchain/bin/../lib/gcc/arm-none-eabi/5.3.1/../../../../arm-none-eabi/lib/armv6-m\libc_nano.a(lib_a-memset.o)
                              c:/program files (x86)/atmel/studio/7.0/toolchain/arm/arm-gnu-toolchain/bin/../lib/gcc/arm-none-eabi/5.3.1/../../../../arm-none-eabi/lib/armv6-m/crt0.o (memset)
c:/program files (x86)/atmel/studio/7.0/toolchain/arm/arm-gnu-toolchain/bin/../lib/gcc/arm-none-eabi/5.3.1/../../../../arm-none-eabi/lib/armv6-m\libc_nano.a(lib_a-printf.o)
                              src/main.o (printf)
c:/program files (x86)/atmel/studio/7.0/toolchain/arm/arm-gnu-toolchain/bin/../lib/gcc/arm-none-eabi/5.3.1/../../../../arm-none-eabi/lib/armv6-m\libc_nano.a(lib_a-puts.o)
                              src/main.o (puts)
c:/program files (x86)/atmel/studio/7.0/toolchain/arm/arm-gnu-toolchain/bin/../lib/gcc/arm-none-eabi/5.3.1/../../../../arm-none-eabi/lib/armv6-m\libc_nano.a(lib_a-setbuf.o)
                              src/main.o (setbuf)
c:/program files (x86)/atmel/studio/7.0/toolchain/arm/arm-gnu-toolchain/bin/../lib/gcc/arm-none-eabi/5.3.1/../../../../arm-none-eabi/lib/armv6-m\libc_nano.a(lib_a-setvbuf.o)
                              c:/program files (x86)/atmel/studio/7.0/toolchain/arm/arm-gnu-toolchain/bin/../lib/gcc/arm-none-eabi/5.3.1/../../../../arm-none-eabi/lib/armv6-m\libc_nano.a(lib_a-setbuf.o) (setvbuf)
c:/program files (x86)/atmel/studio/7.0/toolchain/arm/arm-gnu-toolchain/bin/../lib/gcc/arm-none-eabi/5.3.1/../../../../arm-none-eabi/lib/armv6-m\libc_nano.a(lib_a-wbuf.o)
                              c:/program files (x86)/atmel/studio/7.0/toolchain/arm/arm-gnu-toolchain/bin/../lib/gcc/arm-none-eabi/5.3.1/../../../../arm-none-eabi/lib/armv6-m\libc_nano.a(lib_a-puts.o) (__swbuf_r)
c:/program files (x86)/atmel/studio/7.0/toolchain/arm/arm-gnu-toolchain/bin/../lib/gcc/arm-none-eabi/5.3.1/../../../../arm-none-eabi/lib/armv6-m\libc_nano.a(lib_a-wsetup.o)
                              c:/program files (x86)/atmel/studio/7.0/toolchain/arm/arm-gnu-toolchain/bin/../lib/gcc/arm-none-eabi/5.3.1/../../../../arm-none-eabi/lib/armv6-m\libc_nano.a(lib_a-puts.o) (__swsetup_r)
c:/program files (x86)/atmel/studio/7.0/toolchain/arm/arm-gnu-toolchain/bin/../lib/gcc/arm-none-eabi/5.3.1/../../../../arm-none-eabi/lib/armv6-m\libc_nano.a(lib_a-fflush.o)
                              c:/program files (x86)/atmel/studio/7.0/toolchain/arm/arm-gnu-toolchain/bin/../lib/gcc/arm-none-eabi/5.3.1/../../../../arm-none-eabi/lib/armv6-m\libc_nano.a(lib_a-setvbuf.o) (_fflush_r)
c:/program files (x86)/atmel/studio/7.0/toolchain/arm/arm-gnu-toolchain/bin/../lib/gcc/arm-none-eabi/5.3.1/../../../../arm-none-eabi/lib/armv6-m\libc_nano.a(lib_a-findfp.o)
[...]
Memory Configuration

Name             Origin             Length             Attributes
rom              0x00000000         0x00040000         xr
ram              0x20000000         0x00008000         xrw
*default*        0x00000000         0xffffffff

Linker script and memory map

LOAD c:/program files (x86)/atmel/studio/7.0/toolchain/arm/arm-gnu-toolchain/bin/../lib/gcc/arm-none-eabi/5.3.1/armv6-m/crti.o
LOAD c:/program files (x86)/atmel/studio/7.0/toolchain/arm/arm-gnu-toolchain/bin/../lib/gcc/arm-none-eabi/5.3.1/armv6-m/crtbegin.o
LOAD c:/program files (x86)/atmel/studio/7.0/toolchain/arm/arm-gnu-toolchain/bin/../lib/gcc/arm-none-eabi/5.3.1/../../../../arm-none-eabi/lib/armv6-m/crt0.o
LOAD src/ASF/common2/components/memory/serial_flash/at25dfx/at25dfx.o
LOAD src/ASF/sam0/utils/stdio/read.o
LOAD src/ASF/sam0/utils/stdio/write.o
LOAD src/ASF/sam0/drivers/sercom/spi/spi.o
LOAD src/ASF/sam0/drivers/sercom/spi/spi_interrupt.o
LOAD src/ASF/common2/services/delay/sam0/systick_counter.o
LOAD src/ASF/sam0/drivers/sercom/sercom.o
LOAD src/ASF/sam0/drivers/sercom/usart/usart.o
LOAD src/ASF/sam0/drivers/sercom/usart/usart_interrupt.o
LOAD src/ASF/sam0/drivers/sercom/sercom_interrupt.o
LOAD src/ASF/sam0/drivers/nvm/nvm.o
LOAD src/ASF/sam0/drivers/port/port.o
LOAD src/ASF/common2/boards/user_board/init.o
LOAD src/ASF/common/utils/interrupt/interrupt_sam_nvic.o
LOAD src/ASF/sam0/drivers/system/clock/clock_samd21_r21_da_ha1/clock.o
LOAD src/ASF/sam0/drivers/system/clock/clock_samd21_r21_da_ha1/gclk.o
LOAD src/ASF/sam0/drivers/system/interrupt/system_interrupt.o
LOAD src/ASF/sam0/drivers/system/pinmux/pinmux.o
LOAD src/ASF/sam0/drivers/system/system.o
LOAD src/ASF/sam0/utils/cmsis/samd21/source/gcc/startup_samd21.o
LOAD src/ASF/sam0/utils/cmsis/samd21/source/system_samd21.o
LOAD src/ASF/sam0/utils/syscalls/gcc/syscalls.o
LOAD src/main.o
START GROUP
LOAD ../src/ASF/thirdparty/CMSIS/Lib/GCC\libarm_cortexM0l_math.a
LOAD c:/program files (x86)/atmel/studio/7.0/toolchain/arm/arm-gnu-toolchain/bin/../lib/gcc/arm-none-eabi/5.3.1/../../../../arm-none-eabi/lib/armv6-m\libm.a
END GROUP
START GROUP
LOAD c:/program files (x86)/atmel/studio/7.0/toolchain/arm/arm-gnu-toolchain/bin/../lib/gcc/arm-none-eabi/5.3.1/armv6-m\libgcc.a
LOAD c:/program files (x86)/atmel/studio/7.0/toolchain/arm/arm-gnu-toolchain/bin/../lib/gcc/arm-none-eabi/5.3.1/../../../../arm-none-eabi/lib/armv6-m\libc_nano.a
END GROUP
START GROUP
LOAD c:/program files (x86)/atmel/studio/7.0/toolchain/arm/arm-gnu-toolchain/bin/../lib/gcc/arm-none-eabi/5.3.1/armv6-m\libgcc.a
LOAD c:/program files (x86)/atmel/studio/7.0/toolchain/arm/arm-gnu-toolchain/bin/../lib/gcc/arm-none-eabi/5.3.1/../../../../arm-none-eabi/lib/armv6-m\libc_nano.a
END GROUP
LOAD c:/program files (x86)/atmel/studio/7.0/toolchain/arm/arm-gnu-toolchain/bin/../lib/gcc/arm-none-eabi/5.3.1/armv6-m/crtend.o
LOAD c:/program files (x86)/atmel/studio/7.0/toolchain/arm/arm-gnu-toolchain/bin/../lib/gcc/arm-none-eabi/5.3.1/armv6-m/crtn.o
                0x00002000                STACK_SIZE = DEFINED (STACK_SIZE)?STACK_SIZE:DEFINED (__stack_size__)?__stack_size__:0x2000

.text           0x00000000     0x63a0
                0x00000000                . = ALIGN (0x4)
                0x00000000                _sfixed = .
 *(.vectors .vectors.*)
 .vectors       0x00000000       0xb4 src/ASF/sam0/utils/cmsis/samd21/source/gcc/startup_samd21.o
                0x00000000                exception_table
 *(.text .text.* .gnu.linkonce.t.*)
 .text          0x000000b4       0x60 c:/program files (x86)/atmel/studio/7.0/toolchain/arm/arm-gnu-toolchain/bin/../lib/gcc/arm-none-eabi/5.3.1/armv6-m/crtbegin.o
 .text.system_pinmux_get_group_from_gpio_pin
                0x00000114       0x60 src/ASF/common2/components/memory/serial_flash/at25dfx/at25dfx.o
 .text.port_get_group_from_gpio_pin
                0x00000174       0x24 src/ASF/common2/components/memory/serial_flash/at25dfx/at25dfx.o
 .text.port_pin_set_output_level
                0x00000198       0x54 src/ASF/common2/components/memory/serial_flash/at25dfx/at25dfx.o
 .text.system_interrupt_enter_critical_section
                0x000001ec       0x14 src/ASF/common2/components/memory/serial_flash/at25dfx/at25dfx.o
 .text.system_interrupt_leave_critical_section
                0x00000200       0x14 src/ASF/common2/components/memory/serial_flash/at25dfx/at25dfx.o
 .text.spi_lock
                0x00000214       0x48 src/ASF/common2/components/memory/serial_flash/at25dfx/at25dfx.o
 .text.spi_unlock
                0x0000025c       0x18 src/ASF/common2/components/memory/serial_flash/at25dfx/at25dfx.o
 .text.spi_is_ready_to_write
                0x00000274       0x28 src/ASF/common2/components/memory/serial_flash/at25dfx/at25dfx.o
 .text.spi_is_ready_to_read
                0x0000029c       0x28 src/ASF/common2/components/memory/serial_flash/at25dfx/at25dfx.o
 .text.spi_write
                0x000002c4       0x48 src/ASF/common2/components/memory/serial_flash/at25dfx/at25dfx.o
 .text.spi_read
                0x0000030c       0x88 src/ASF/common2/components/memory/serial_flash/at25dfx/at25dfx.o
 .text._at25dfx_get_device_id
                0x00000394       0x7c src/ASF/common2/components/memory/serial_flash/at25dfx/at25dfx.o
 .text._at25dfx_get_device_size
                0x00000410       0x58 src/ASF/common2/components/memory/serial_flash/at25dfx/at25dfx.o
 .text._at25dfx_chip_select
                0x00000468       0x20 src/ASF/common2/components/memory/serial_flash/at25dfx/at25dfx.o
 .text._at25dfx_chip_deselect
                0x00000488       0x20 src/ASF/common2/components/memory/serial_flash/at25dfx/at25dfx.o
 .text._at25dfx_chip_issue_read_command_wait
                0x000004a8      0x108 src/ASF/common2/components/memory/serial_flash/at25dfx/at25dfx.o
 .text._at25dfx_chip_issue_write_command_wait
                0x000005b0      0x104 src/ASF/common2/components/memory/serial_flash/at25dfx/at25dfx.o
 .text._at25dfx_chip_get_nonbusy_status
                0x000006b4      0x124 src/ASF/common2/components/memory/serial_flash/at25dfx/at25dfx.o
 .text._at25dfx_chip_enable_write
                0x000007d8       0x54 src/ASF/common2/components/memory/serial_flash/at25dfx/at25dfx.o
 .text.at25dfx_chip_check_presence
                0x0000082c       0xac src/ASF/common2/components/memory/serial_flash/at25dfx/at25dfx.o
                0x0000082c                at25dfx_chip_check_presence
 .text.at25dfx_chip_read_buffer
                0x000008d8       0xb8 src/ASF/common2/components/memory/serial_flash/at25dfx/at25dfx.o
                0x000008d8                at25dfx_chip_read_buffer
 .text.at25dfx_chip_write_buffer
                0x00000990      0x1a8 src/ASF/common2/components/memory/serial_flash/at25dfx/at25dfx.o
                0x00000990                at25dfx_chip_write_buffer
 .text.at25dfx_chip_erase_block
                0x00000b38       0xfc src/ASF/common2/components/memory/serial_flash/at25dfx/at25dfx.o
                0x00000b38                at25dfx_chip_erase_block
 .text.at25dfx_chip_set_global_sector_protect
                0x00000c34       0xb4 src/ASF/common2/components/memory/serial_flash/at25dfx/at25dfx.o
                0x00000c34                at25dfx_chip_set_global_sector_protect
 .text.at25dfx_chip_set_sector_protect
                0x00000ce8       0xc4 src/ASF/common2/components/memory/serial_flash/at25dfx/at25dfx.o
                0x00000ce8                at25dfx_chip_set_sector_protect
 .text.at25dfx_chip_sleep
                0x00000dac       0x8c src/ASF/common2/components/memory/serial_flash/at25dfx/at25dfx.o
                0x00000dac                at25dfx_chip_sleep
 .text.at25dfx_chip_wake
                0x00000e38       0x8c src/ASF/common2/components/memory/serial_flash/at25dfx/at25dfx.o
                0x00000e38                at25dfx_chip_wake
 .text._read    0x00000ec4       0x54 src/ASF/sam0/utils/stdio/read.o
                0x00000ec4                _read
 .text._write   0x00000f18       0x6c src/ASF/sam0/utils/stdio/write.o
                0x00000f18                _write
 .text.system_pinmux_get_config_defaults
                0x00000f84       0x28 src/ASF/sam0/drivers/sercom/spi/spi.o
 .text.system_gclk_chan_get_config_defaults
                0x00000fac       0x18 src/ASF/sam0/drivers/sercom/spi/spi.o
 .text.system_apb_clock_set_mask
                0x00000fc4       0x5c src/ASF/sam0/drivers/sercom/spi/spi.o
 .text.system_is_debugger_present
                0x00001020       0x20 src/ASF/sam0/drivers/sercom/spi/spi.o
 .text.spi_is_write_complete
                0x00001040       0x28 src/ASF/sam0/drivers/sercom/spi/spi.o
 .text.spi_is_ready_to_write
                0x00001068       0x28 src/ASF/sam0/drivers/sercom/spi/spi.o
 .text.spi_is_ready_to_read
                0x00001090       0x28 src/ASF/sam0/drivers/sercom/spi/spi.o
 .text.spi_write
                0x000010b8       0x48 src/ASF/sam0/drivers/sercom/spi/spi.o
 .text.spi_read
                0x00001100       0x88 src/ASF/sam0/drivers/sercom/spi/spi.o
 .text._spi_clear_tx_complete_flag
                0x00001188       0x1c src/ASF/sam0/drivers/sercom/spi/spi.o
 .text._spi_set_config
                0x000011a4      0x250 src/ASF/sam0/drivers/sercom/spi/spi.o
 .text.spi_init
                0x000013f4      0x1a4 src/ASF/sam0/drivers/sercom/spi/spi.o
                0x000013f4                spi_init
 .text.spi_read_buffer_wait
                0x00001598      0x1bc src/ASF/sam0/drivers/sercom/spi/spi.o
                0x00001598                spi_read_buffer_wait
 .text.spi_write_buffer_wait
                0x00001754      0x324 src/ASF/sam0/drivers/sercom/spi/spi.o
                0x00001754                spi_write_buffer_wait
 .text._spi_write
                0x00001a78       0x7c src/ASF/sam0/drivers/sercom/spi/spi_interrupt.o
 .text._spi_write_dummy
                0x00001af4       0x34 src/ASF/sam0/drivers/sercom/spi/spi_interrupt.o
 .text._spi_read_dummy
                0x00001b28       0x38 src/ASF/sam0/drivers/sercom/spi/spi_interrupt.o
 .text._spi_read
                0x00001b60       0x70 src/ASF/sam0/drivers/sercom/spi/spi_interrupt.o
 .text._spi_interrupt_handler
                0x00001bd0      0x30c src/ASF/sam0/drivers/sercom/spi/spi_interrupt.o
                0x00001bd0                _spi_interrupt_handler
 .text.delay_cycles
                0x00001edc       0x34 src/ASF/common2/services/delay/sam0/systick_counter.o
 .text.delay_init
                0x00001f10       0x58 src/ASF/common2/services/delay/sam0/systick_counter.o
                0x00001f10                delay_init
 .text.delay_cycles_ms
                0x00001f68       0x30 src/ASF/common2/services/delay/sam0/systick_counter.o
                0x00001f68                delay_cycles_ms
 .text.system_gclk_chan_get_config_defaults
                0x00001f98       0x18 src/ASF/sam0/drivers/sercom/sercom.o
 .text.long_division
                0x00001fb0       0xe0 src/ASF/sam0/drivers/sercom/sercom.o
 .text._sercom_get_sync_baud_val
                0x00002090       0x7c src/ASF/sam0/drivers/sercom/sercom.o
                0x00002090                _sercom_get_sync_baud_val
 .text._sercom_get_async_baud_val
                0x0000210c      0x1c0 src/ASF/sam0/drivers/sercom/sercom.o
                0x0000210c                _sercom_get_async_baud_val
 .text.sercom_set_gclk_generator
                0x000022cc       0x8c src/ASF/sam0/drivers/sercom/sercom.o
                0x000022cc                sercom_set_gclk_generator
 .text._sercom_get_default_pad
                0x00002358      0x1bc src/ASF/sam0/drivers/sercom/sercom.o
                0x00002358                _sercom_get_default_pad
 .text._sercom_get_sercom_inst_index
                0x00002514       0x50 src/ASF/sam0/drivers/sercom/sercom.o
                0x00002514                _sercom_get_sercom_inst_index
 .text.system_gclk_chan_get_config_defaults
                0x00002564       0x18 src/ASF/sam0/drivers/sercom/usart/usart.o
 .text.system_apb_clock_set_mask
                0x0000257c       0x5c src/ASF/sam0/drivers/sercom/usart/usart.o
 .text.system_pinmux_get_config_defaults
                0x000025d8       0x28 src/ASF/sam0/drivers/sercom/usart/usart.o
 .text.system_is_debugger_present
                0x00002600       0x20 src/ASF/sam0/drivers/sercom/usart/usart.o
 .text.usart_is_syncing
                0x00002620       0x20 src/ASF/sam0/drivers/sercom/usart/usart.o
 .text._usart_wait_for_sync
                0x00002640       0x24 src/ASF/sam0/drivers/sercom/usart/usart.o
 .text._usart_set_config
                0x00002664      0x2dc src/ASF/sam0/drivers/sercom/usart/usart.o
 .text.usart_init
                0x00002940      0x274 src/ASF/sam0/drivers/sercom/usart/usart.o
                0x00002940                usart_init
 .text.usart_write_wait
                0x00002bb4       0x64 src/ASF/sam0/drivers/sercom/usart/usart.o
                0x00002bb4                usart_write_wait
 .text.usart_read_wait
                0x00002c18       0xec src/ASF/sam0/drivers/sercom/usart/usart.o
                0x00002c18                usart_read_wait
 .text.usart_is_syncing
                0x00002d04       0x20 src/ASF/sam0/drivers/sercom/usart/usart_interrupt.o
 .text._usart_wait_for_sync
                0x00002d24       0x24 src/ASF/sam0/drivers/sercom/usart/usart_interrupt.o
 .text._usart_interrupt_handler
                0x00002d48      0x340 src/ASF/sam0/drivers/sercom/usart/usart_interrupt.o
                0x00002d48                _usart_interrupt_handler
 .text._sercom_default_handler
                0x00003088       0x14 src/ASF/sam0/drivers/sercom/sercom_interrupt.o
 .text._sercom_set_handler
                0x0000309c       0x6c src/ASF/sam0/drivers/sercom/sercom_interrupt.o
                0x0000309c                _sercom_set_handler
 .text._sercom_get_interrupt_vector
                0x00003108       0x4c src/ASF/sam0/drivers/sercom/sercom_interrupt.o
                0x00003108                _sercom_get_interrupt_vector
 .text.SERCOM0_Handler
                0x00003154       0x18 src/ASF/sam0/drivers/sercom/sercom_interrupt.o
                0x00003154                SERCOM0_Handler
 .text.SERCOM1_Handler
                0x0000316c       0x18 src/ASF/sam0/drivers/sercom/sercom_interrupt.o
                0x0000316c                SERCOM1_Handler
 .text.SERCOM2_Handler
                0x00003184       0x18 src/ASF/sam0/drivers/sercom/sercom_interrupt.o
                0x00003184                SERCOM2_Handler
 .text.SERCOM3_Handler
                0x0000319c       0x18 src/ASF/sam0/drivers/sercom/sercom_interrupt.o
                0x0000319c                SERCOM3_Handler
 .text.SERCOM4_Handler
                0x000031b4       0x18 src/ASF/sam0/drivers/sercom/sercom_interrupt.o
                0x000031b4                SERCOM4_Handler
 .text.SERCOM5_Handler
                0x000031cc       0x18 src/ASF/sam0/drivers/sercom/sercom_interrupt.o
                0x000031cc                SERCOM5_Handler
 .text.nvm_is_ready
                0x000031e4       0x28 src/ASF/sam0/drivers/nvm/nvm.o
 .text.system_apb_clock_set_mask
                0x0000320c       0x5c src/ASF/sam0/drivers/nvm/nvm.o
 .text.nvm_set_config
                0x00003268       0xd8 src/ASF/sam0/drivers/nvm/nvm.o
                0x00003268                nvm_set_config
 .text.nvm_execute_command
                0x00003340      0x118 src/ASF/sam0/drivers/nvm/nvm.o
                0x00003340                nvm_execute_command
 .text.nvm_write_buffer
                0x00003458      0x14c src/ASF/sam0/drivers/nvm/nvm.o
                0x00003458                nvm_write_buffer
 .text.nvm_erase_row
                0x000035a4       0xa8 src/ASF/sam0/drivers/nvm/nvm.o
                0x000035a4                nvm_erase_row
 .text.system_pinmux_get_config_defaults
                0x0000364c       0x28 src/ASF/sam0/drivers/port/port.o
 .text.port_pin_set_config
                0x00003674       0x60 src/ASF/sam0/drivers/port/port.o
                0x00003674                port_pin_set_config
 .text.system_board_init
                0x000036d4        0xc src/ASF/common2/boards/user_board/init.o
                0x000036d4                board_init
                0x000036d4                system_board_init
 .text.cpu_irq_enter_critical
                0x000036e0       0x54 src/ASF/common/utils/interrupt/interrupt_sam_nvic.o
                0x000036e0                cpu_irq_enter_critical
 .text.cpu_irq_leave_critical
                0x00003734       0x40 src/ASF/common/utils/interrupt/interrupt_sam_nvic.o
                0x00003734                cpu_irq_leave_critical
 .text.system_gclk_gen_get_config_defaults
                0x00003774       0x30 src/ASF/sam0/drivers/system/clock/clock_samd21_r21_da_ha1/clock.o
 .text.system_clock_source_osc8m_get_config_defaults
                0x000037a4       0x24 src/ASF/sam0/drivers/system/clock/clock_samd21_r21_da_ha1/clock.o
 .text.system_cpu_clock_set_divider
                0x000037c8       0x20 src/ASF/sam0/drivers/system/clock/clock_samd21_r21_da_ha1/clock.o
 .text.system_apb_clock_set_divider
                0x000037e8       0x54 src/ASF/sam0/drivers/system/clock/clock_samd21_r21_da_ha1/clock.o
 .text.system_flash_set_waitstates
                0x0000383c       0x34 src/ASF/sam0/drivers/system/clock/clock_samd21_r21_da_ha1/clock.o
 .text._system_dfll_wait_for_sync
                0x00003870       0x1c src/ASF/sam0/drivers/system/clock/clock_samd21_r21_da_ha1/clock.o
 .text._system_clock_source_dfll_set_config_errata_9905
                0x0000388c       0x44 src/ASF/sam0/drivers/system/clock/clock_samd21_r21_da_ha1/clock.o
 .text.system_clock_source_get_hz
                0x000038d0       0xbc src/ASF/sam0/drivers/system/clock/clock_samd21_r21_da_ha1/clock.o
                0x000038d0                system_clock_source_get_hz
 .text.system_clock_source_osc8m_set_config
                0x0000398c       0x78 src/ASF/sam0/drivers/system/clock/clock_samd21_r21_da_ha1/clock.o
                0x0000398c                system_clock_source_osc8m_set_config
 .text.system_clock_source_enable
                0x00003a04       0xac src/ASF/sam0/drivers/system/clock/clock_samd21_r21_da_ha1/clock.o
                0x00003a04                system_clock_source_enable
 .text._switch_peripheral_gclk
                0x00003ab0       0x38 src/ASF/sam0/drivers/system/clock/clock_samd21_r21_da_ha1/clock.o
 .text.system_clock_init
                0x00003ae8       0xd4 src/ASF/sam0/drivers/system/clock/clock_samd21_r21_da_ha1/clock.o
                0x00003ae8                system_clock_init
 .text.system_apb_clock_set_mask
                0x00003bbc       0x5c src/ASF/sam0/drivers/system/clock/clock_samd21_r21_da_ha1/gclk.o
 .text.system_interrupt_enter_critical_section
                0x00003c18       0x14 src/ASF/sam0/drivers/system/clock/clock_samd21_r21_da_ha1/gclk.o
 .text.system_interrupt_leave_critical_section
                0x00003c2c       0x14 src/ASF/sam0/drivers/system/clock/clock_samd21_r21_da_ha1/gclk.o
 .text.system_gclk_is_syncing
                0x00003c40       0x20 src/ASF/sam0/drivers/system/clock/clock_samd21_r21_da_ha1/gclk.o
 .text.system_gclk_init
                0x00003c60       0x30 src/ASF/sam0/drivers/system/clock/clock_samd21_r21_da_ha1/gclk.o
                0x00003c60                system_gclk_init
 .text.system_gclk_gen_set_config
                0x00003c90      0x124 src/ASF/sam0/drivers/system/clock/clock_samd21_r21_da_ha1/gclk.o
                0x00003c90                system_gclk_gen_set_config
 .text.system_gclk_gen_enable
                0x00003db4       0x5c src/ASF/sam0/drivers/system/clock/clock_samd21_r21_da_ha1/gclk.o
                0x00003db4                system_gclk_gen_enable
 .text.system_gclk_gen_get_hz
                0x00003e10       0xd8 src/ASF/sam0/drivers/system/clock/clock_samd21_r21_da_ha1/gclk.o
                0x00003e10                system_gclk_gen_get_hz
 .text.system_gclk_chan_set_config
                0x00003ee8       0x44 src/ASF/sam0/drivers/system/clock/clock_samd21_r21_da_ha1/gclk.o
                0x00003ee8                system_gclk_chan_set_config
 .text.system_gclk_chan_enable
                0x00003f2c       0x48 src/ASF/sam0/drivers/system/clock/clock_samd21_r21_da_ha1/gclk.o
                0x00003f2c                system_gclk_chan_enable
 .text.system_gclk_chan_disable
                0x00003f74       0x98 src/ASF/sam0/drivers/system/clock/clock_samd21_r21_da_ha1/gclk.o
                0x00003f74                system_gclk_chan_disable
 .text.system_gclk_chan_get_hz
                0x0000400c       0x58 src/ASF/sam0/drivers/system/clock/clock_samd21_r21_da_ha1/gclk.o
                0x0000400c                system_gclk_chan_get_hz
 .text.system_pinmux_get_group_from_gpio_pin
                0x00004064       0x60 src/ASF/sam0/drivers/system/pinmux/pinmux.o
 .text._system_pinmux_config
                0x000040c4      0x110 src/ASF/sam0/drivers/system/pinmux/pinmux.o
 .text.system_pinmux_pin_set_config
                0x000041d4       0x48 src/ASF/sam0/drivers/system/pinmux/pinmux.o
                0x000041d4                system_pinmux_pin_set_config
 .text._system_dummy_init
                0x0000421c        0xc src/ASF/sam0/drivers/system/system.o
                0x0000421c                _system_extint_init
                0x0000421c                _system_events_init
                0x0000421c                _system_dummy_init
                0x0000421c                _system_divas_init
 .text.system_init
                0x00004228       0x34 src/ASF/sam0/drivers/system/system.o
                0x00004228                system_init
 .text.Reset_Handler
                0x0000425c       0xf8 src/ASF/sam0/utils/cmsis/samd21/source/gcc/startup_samd21.o
                0x0000425c                Reset_Handler
 .text.Dummy_Handler
                0x00004354        0x8 src/ASF/sam0/utils/cmsis/samd21/source/gcc/startup_samd21.o
                0x00004354                DMAC_Handler
                0x00004354                HardFault_Handler
                0x00004354                AC_Handler
                0x00004354                SysTick_Handler
                0x00004354                PendSV_Handler
                0x00004354                NMI_Handler
                0x00004354                ADC_Handler
                0x00004354                TCC1_Handler
                0x00004354                TCC0_Handler
                0x00004354                RTC_Handler
                0x00004354                EIC_Handler
                0x00004354                WDT_Handler
                0x00004354                TC4_Handler
                0x00004354                USB_Handler
                0x00004354                TC3_Handler
                0x00004354                Dummy_Handler
                0x00004354                PM_Handler
                0x00004354                SVC_Handler
                0x00004354                TCC2_Handler
                0x00004354                EVSYS_Handler
                0x00004354                I2S_Handler
                0x00004354                NVMCTRL_Handler
                0x00004354                DAC_Handler
                0x00004354                PTC_Handler
                0x00004354                TC5_Handler
                0x00004354                SYSCTRL_Handler
 .text._sbrk    0x0000435c       0x3c src/ASF/sam0/utils/syscalls/gcc/syscalls.o
                0x0000435c                _sbrk
 .text._close   0x00004398       0x14 src/ASF/sam0/utils/syscalls/gcc/syscalls.o
                0x00004398                _close
 .text._fstat   0x000043ac       0x1c src/ASF/sam0/utils/syscalls/gcc/syscalls.o
                0x000043ac                _fstat
 .text._isatty  0x000043c8       0x14 src/ASF/sam0/utils/syscalls/gcc/syscalls.o
                0x000043c8                _isatty
 .text._lseek   0x000043dc       0x18 src/ASF/sam0/utils/syscalls/gcc/syscalls.o
                0x000043dc                _lseek
 .text.system_pinmux_get_group_from_gpio_pin
                0x000043f4       0x60 src/main.o
 .text.port_get_group_from_gpio_pin
                0x00004454       0x24 src/main.o
 .text.port_get_config_defaults
                0x00004478       0x24 src/main.o
 .text.port_pin_get_input_level
                0x0000449c       0x44 src/main.o
 .text.port_pin_set_output_level
                0x000044e0       0x54 src/main.o
 .text.system_interrupt_enable_global
                0x00004534       0x1c src/main.o
 .text.system_interrupt_enable
                0x00004550       0x2c src/main.o
 .text.spi_is_syncing
                0x0000457c       0x20 src/main.o
 .text.spi_get_config_defaults
                0x0000459c       0x84 src/main.o
 .text.spi_enable
                0x00004620       0x50 src/main.o
 .text.at25dfx_spi_get_config_defaults
                0x00004670       0x1c src/main.o
 .text.at25dfx_chip_init
                0x0000468c       0x68 src/main.o
 .text.nvm_get_config_defaults
                0x000046f4       0x3c src/main.o
 .text.usart_is_syncing
                0x00004730       0x20 src/main.o
 .text._usart_wait_for_sync
                0x00004750       0x24 src/main.o
 .text.usart_get_config_defaults
                0x00004774       0xc0 src/main.o
 .text.usart_enable
                0x00004834       0x48 src/main.o
 .text.usart_serial_init
                0x0000487c       0x30 src/main.o
 .text.usart_serial_putchar
                0x000048ac       0x34 src/main.o
 .text.usart_serial_getchar
                0x000048e0       0x40 src/main.o
 .text.stdio_serial_init
                0x00004920       0x70 src/main.o
 .text.configure_console
                0x00004990       0x74 src/main.o
 .text.getFWStat
                0x00004a04       0x40 src/main.o
 .text.writeFWStat
                0x00004a44       0xa0 src/main.o
 .text.upgradeFW
                0x00004ae4       0x58 src/main.o
 .text.configure_nvm
                0x00004b3c       0x2c src/main.o
 .text.at25dfx_init
                0x00004b68       0xa0 src/main.o
 .text.main     0x00004c08      0x208 src/main.o
                0x00004c08                main
 .text          0x00004e10      0x114 c:/program files (x86)/atmel/studio/7.0/toolchain/arm/arm-gnu-toolchain/bin/../lib/gcc/arm-none-eabi/5.3.1/armv6-m\libgcc.a(_udivsi3.o)
                0x00004e10                __aeabi_uidiv
                0x00004e10                __udivsi3
                0x00004f1c                __aeabi_uidivmod
 .text          0x00004f24        0x4 c:/program files (x86)/atmel/studio/7.0/toolchain/arm/arm-gnu-toolchain/bin/../lib/gcc/arm-none-eabi/5.3.1/armv6-m\libgcc.a(_dvmd_tls.o)
                0x00004f24                __aeabi_idiv0
                0x00004f24                __aeabi_ldiv0
 .text          0x00004f28       0x58 c:/program files (x86)/atmel/studio/7.0/toolchain/arm/arm-gnu-toolchain/bin/../lib/gcc/arm-none-eabi/5.3.1/armv6-m\libgcc.a(_muldi3.o)
                0x00004f28                __muldi3
                0x00004f28                __aeabi_lmul
 .text.__libc_init_array
                0x00004f80       0x4c c:/program files (x86)/atmel/studio/7.0/toolchain/arm/arm-gnu-toolchain/bin/../lib/gcc/arm-none-eabi/5.3.1/../../../../arm-none-eabi/lib/armv6-m\libc_nano.a(lib_a-init.o)
                0x00004f80                __libc_init_array
 .text.memcpy   0x00004fcc       0x12 c:/program files (x86)/atmel/studio/7.0/toolchain/arm/arm-gnu-toolchain/bin/../lib/gcc/arm-none-eabi/5.3.1/../../../../arm-none-eabi/lib/armv6-m\libc_nano.a(lib_a-memcpy-stub.o)
                0x00004fcc                memcpy
 .text.memset   0x00004fde       0x10 c:/program files (x86)/atmel/studio/7.0/toolchain/arm/arm-gnu-toolchain/bin/../lib/gcc/arm-none-eabi/5.3.1/../../../../arm-none-eabi/lib/armv6-m\libc_nano.a(lib_a-memset.o)
                0x00004fde                memset
 *fill*         0x00004fee        0x2 
 .text.printf   0x00004ff0       0x34 c:/program files (x86)/atmel/studio/7.0/toolchain/arm/arm-gnu-toolchain/bin/../lib/gcc/arm-none-eabi/5.3.1/../../../../arm-none-eabi/lib/armv6-m\libc_nano.a(lib_a-printf.o)
                0x00004ff0                iprintf
                0x00004ff0                printf
 .text._puts_r  0x00005024       0xc4 c:/program files (x86)/atmel/studio/7.0/toolchain/arm/arm-gnu-toolchain/bin/../lib/gcc/arm-none-eabi/5.3.1/../../../../arm-none-eabi/lib/armv6-m\libc_nano.a(lib_a-puts.o)
                0x00005024                _puts_r
 .text.puts     0x000050e8       0x14 c:/program files (x86)/atmel/studio/7.0/toolchain/arm/arm-gnu-toolchain/bin/../lib/gcc/arm-none-eabi/5.3.1/../../../../arm-none-eabi/lib/armv6-m\libc_nano.a(lib_a-puts.o)
                0x000050e8                puts
 .text.setbuf   0x000050fc       0x12 c:/program files (x86)/atmel/studio/7.0/toolchain/arm/arm-gnu-toolchain/bin/../lib/gcc/arm-none-eabi/5.3.1/../../../../arm-none-eabi/lib/armv6-m\libc_nano.a(lib_a-setbuf.o)
                0x000050fc                setbuf
 *fill*         0x0000510e        0x2 
 .text.setvbuf  0x00005110      0x160 c:/program files (x86)/atmel/studio/7.0/toolchain/arm/arm-gnu-toolchain/bin/../lib/gcc/arm-none-eabi/5.3.1/../../../../arm-none-eabi/lib/armv6-m\libc_nano.a(lib_a-setvbuf.o)
                0x00005110                setvbuf
 .text.__swbuf_r
                0x00005270       0xb0 c:/program files (x86)/atmel/studio/7.0/toolchain/arm/arm-gnu-toolchain/bin/../lib/gcc/arm-none-eabi/5.3.1/../../../../arm-none-eabi/lib/armv6-m\libc_nano.a(lib_a-wbuf.o)
                0x00005270                __swbuf_r
 .text.__swsetup_r
                0x00005320       0xec c:/program files (x86)/atmel/studio/7.0/toolchain/arm/arm-gnu-toolchain/bin/../lib/gcc/arm-none-eabi/5.3.1/../../../../arm-none-eabi/lib/armv6-m\libc_nano.a(lib_a-wsetup.o)
                0x00005320                __swsetup_r
 .text.__sflush_r
                0x0000540c      0x10c c:/program files (x86)/atmel/studio/7.0/toolchain/arm/arm-gnu-toolchain/bin/../lib/gcc/arm-none-eabi/5.3.1/../../../../arm-none-eabi/lib/armv6-m\libc_nano.a(lib_a-fflush.o)
                0x0000540c                __sflush_r
 .text._fflush_r
                0x00005518       0x58 c:/program files (x86)/atmel/studio/7.0/toolchain/arm/arm-gnu-toolchain/bin/../lib/gcc/arm-none-eabi/5.3.1/../../../../arm-none-eabi/lib/armv6-m\libc_nano.a(lib_a-fflush.o)
                0x00005518                _fflush_r
 .text._cleanup_r
                0x00005570       0x10 c:/program files (x86)/atmel/studio/7.0/toolchain/arm/arm-gnu-toolchain/bin/../lib/gcc/arm-none-eabi/5.3.1/../../../../arm-none-eabi/lib/armv6-m\libc_nano.a(lib_a-findfp.o)
                0x00005570                _cleanup_r
 .text.std.isra.0
                0x00005580       0x48 c:/program files (x86)/atmel/studio/7.0/toolchain/arm/arm-gnu-toolchain/bin/../lib/gcc/arm-none-eabi/5.3.1/../../../../arm-none-eabi/lib/armv6-m\libc_nano.a(lib_a-findfp.o)
 .text.__sfmoreglue
                0x000055c8       0x2c c:/program files (x86)/atmel/studio/7.0/toolchain/arm/arm-gnu-toolchain/bin/../lib/gcc/arm-none-eabi/5.3.1/../../../../arm-none-eabi/lib/armv6-m\libc_nano.a(lib_a-findfp.o)
                0x000055c8                __sfmoreglue
 .text.__sinit  0x000055f4       0x68 c:/program files (x86)/atmel/studio/7.0/toolchain/arm/arm-gnu-toolchain/bin/../lib/gcc/arm-none-eabi/5.3.1/../../../../arm-none-eabi/lib/armv6-m\libc_nano.a(lib_a-findfp.o)
                0x000055f4                __sinit
 .text.__sfp    0x0000565c       0x7c c:/program files (x86)/atmel/studio/7.0/toolchain/arm/arm-gnu-toolchain/bin/../lib/gcc/arm-none-eabi/5.3.1/../../../../arm-none-eabi/lib/armv6-m\libc_nano.a(lib_a-findfp.o)
                0x0000565c                __sfp
 .text._fwalk_reent
                0x000056d8       0x42 c:/program files (x86)/atmel/studio/7.0/toolchain/arm/arm-gnu-toolchain/bin/../lib/gcc/arm-none-eabi/5.3.1/../../../../arm-none-eabi/lib/armv6-m\libc_nano.a(lib_a-fwalk.o)
                0x000056d8                _fwalk_reent
 *fill*         0x0000571a        0x2 
 .text.__swhatbuf_r
                0x0000571c       0x4c c:/program files (x86)/atmel/studio/7.0/toolchain/arm/arm-gnu-toolchain/bin/../lib/gcc/arm-none-eabi/5.3.1/../../../../arm-none-eabi/lib/armv6-m\libc_nano.a(lib_a-makebuf.o)
                0x0000571c                __swhatbuf_r
 .text.__smakebuf_r
                0x00005768       0x7c c:/program files (x86)/atmel/studio/7.0/toolchain/arm/arm-gnu-toolchain/bin/../lib/gcc/arm-none-eabi/5.3.1/../../../../arm-none-eabi/lib/armv6-m\libc_nano.a(lib_a-makebuf.o)
                0x00005768                __smakebuf_r
 .text.malloc   0x000057e4       0x14 c:/program files (x86)/atmel/studio/7.0/toolchain/arm/arm-gnu-toolchain/bin/../lib/gcc/arm-none-eabi/5.3.1/../../../../arm-none-eabi/lib/armv6-m\libc_nano.a(lib_a-malloc.o)
                0x000057e4                malloc
 .text._free_r  0x000057f8       0x8c c:/program files (x86)/atmel/studio/7.0/toolchain/arm/arm-gnu-toolchain/bin/../lib/gcc/arm-none-eabi/5.3.1/../../../../arm-none-eabi/lib/armv6-m\libc_nano.a(lib_a-nano-freer.o)
                0x000057f8                _free_r
 .text._malloc_r
                0x00005884       0xac c:/program files (x86)/atmel/studio/7.0/toolchain/arm/arm-gnu-toolchain/bin/../lib/gcc/arm-none-eabi/5.3.1/../../../../arm-none-eabi/lib/armv6-m\libc_nano.a(lib_a-nano-mallocr.o)
                0x00005884                _malloc_r
 .text.__sfputc_r
                0x00005930       0x2a c:/program files (x86)/atmel/studio/7.0/toolchain/arm/arm-gnu-toolchain/bin/../lib/gcc/arm-none-eabi/5.3.1/../../../../arm-none-eabi/lib/armv6-m\libc_nano.a(lib_a-nano-vfprintf.o)
 .text.__sfputs_r
                0x0000595a       0x24 c:/program files (x86)/atmel/studio/7.0/toolchain/arm/arm-gnu-toolchain/bin/../lib/gcc/arm-none-eabi/5.3.1/../../../../arm-none-eabi/lib/armv6-m\libc_nano.a(lib_a-nano-vfprintf.o)
                0x0000595a                __sfputs_r
 *fill*         0x0000597e        0x2 
 .text._vfprintf_r
                0x00005980      0x238 c:/program files (x86)/atmel/studio/7.0/toolchain/arm/arm-gnu-toolchain/bin/../lib/gcc/arm-none-eabi/5.3.1/../../../../arm-none-eabi/lib/armv6-m\libc_nano.a(lib_a-nano-vfprintf.o)
                0x00005980                _vfprintf_r
                0x00005980                _vfiprintf_r
 .text._printf_common
                0x00005bb8       0xdc c:/program files (x86)/atmel/studio/7.0/toolchain/arm/arm-gnu-toolchain/bin/../lib/gcc/arm-none-eabi/5.3.1/../../../../arm-none-eabi/lib/armv6-m\libc_nano.a(lib_a-nano-vfprintf_i.o)
                0x00005bb8                _printf_common
 .text._printf_i
                0x00005c94      0x244 c:/program files (x86)/atmel/studio/7.0/toolchain/arm/arm-gnu-toolchain/bin/../lib/gcc/arm-none-eabi/5.3.1/../../../../arm-none-eabi/lib/armv6-m\libc_nano.a(lib_a-nano-vfprintf_i.o)
                0x00005c94                _printf_i
 .text._sbrk_r  0x00005ed8       0x24 c:/program files (x86)/atmel/studio/7.0/toolchain/arm/arm-gnu-toolchain/bin/../lib/gcc/arm-none-eabi/5.3.1/../../../../arm-none-eabi/lib/armv6-m\libc_nano.a(lib_a-sbrkr.o)
                0x00005ed8                _sbrk_r
 .text.__sread  0x00005efc       0x28 c:/program files (x86)/atmel/studio/7.0/toolchain/arm/arm-gnu-toolchain/bin/../lib/gcc/arm-none-eabi/5.3.1/../../../../arm-none-eabi/lib/armv6-m\libc_nano.a(lib_a-stdio.o)
                0x00005efc                __sread
 .text.__swrite
                0x00005f24       0x38 c:/program files (x86)/atmel/studio/7.0/toolchain/arm/arm-gnu-toolchain/bin/../lib/gcc/arm-none-eabi/5.3.1/../../../../arm-none-eabi/lib/armv6-m\libc_nano.a(lib_a-stdio.o)
                0x00005f24                __swrite
 .text.__sseek  0x00005f5c       0x2c c:/program files (x86)/atmel/studio/7.0/toolchain/arm/arm-gnu-toolchain/bin/../lib/gcc/arm-none-eabi/5.3.1/../../../../arm-none-eabi/lib/armv6-m\libc_nano.a(lib_a-stdio.o)
                0x00005f5c                __sseek
 .text.__sclose
                0x00005f88        0xc c:/program files (x86)/atmel/studio/7.0/toolchain/arm/arm-gnu-toolchain/bin/../lib/gcc/arm-none-eabi/5.3.1/../../../../arm-none-eabi/lib/armv6-m\libc_nano.a(lib_a-stdio.o)
                0x00005f88                __sclose
 .text._write_r
                0x00005f94       0x28 c:/program files (x86)/atmel/studio/7.0/toolchain/arm/arm-gnu-toolchain/bin/../lib/gcc/arm-none-eabi/5.3.1/../../../../arm-none-eabi/lib/armv6-m\libc_nano.a(lib_a-writer.o)
                0x00005f94                _write_r
 .text._close_r
                0x00005fbc       0x24 c:/program files (x86)/atmel/studio/7.0/toolchain/arm/arm-gnu-toolchain/bin/../lib/gcc/arm-none-eabi/5.3.1/../../../../arm-none-eabi/lib/armv6-m\libc_nano.a(lib_a-closer.o)
                0x00005fbc                _close_r
 .text._fstat_r
                0x00005fe0       0x24 c:/program files (x86)/atmel/studio/7.0/toolchain/arm/arm-gnu-toolchain/bin/../lib/gcc/arm-none-eabi/5.3.1/../../../../arm-none-eabi/lib/armv6-m\libc_nano.a(lib_a-fstatr.o)
                0x00005fe0                _fstat_r
 .text._isatty_r
                0x00006004       0x24 c:/program files (x86)/atmel/studio/7.0/toolchain/arm/arm-gnu-toolchain/bin/../lib/gcc/arm-none-eabi/5.3.1/../../../../arm-none-eabi/lib/armv6-m\libc_nano.a(lib_a-isattyr.o)
                0x00006004                _isatty_r
 .text._lseek_r
                0x00006028       0x28 c:/program files (x86)/atmel/studio/7.0/toolchain/arm/arm-gnu-toolchain/bin/../lib/gcc/arm-none-eabi/5.3.1/../../../../arm-none-eabi/lib/armv6-m\libc_nano.a(lib_a-lseekr.o)
                0x00006028                _lseek_r
 .text.memchr   0x00006050       0x16 c:/program files (x86)/atmel/studio/7.0/toolchain/arm/arm-gnu-toolchain/bin/../lib/gcc/arm-none-eabi/5.3.1/../../../../arm-none-eabi/lib/armv6-m\libc_nano.a(lib_a-memchr-stub.o)
                0x00006050                memchr
 *fill*         0x00006066        0x2 
 .text._read_r  0x00006068       0x28 c:/program files (x86)/atmel/studio/7.0/toolchain/arm/arm-gnu-toolchain/bin/../lib/gcc/arm-none-eabi/5.3.1/../../../../arm-none-eabi/lib/armv6-m\libc_nano.a(lib_a-readr.o)
                0x00006068                _read_r
 *(.glue_7t)
 .glue_7t       0x00006090        0x0 linker stubs
 *(.glue_7)
 .glue_7        0x00006090        0x0 linker stubs
 *(.rodata .rodata* .gnu.linkonce.r.*)
 .rodata._at25dfx_get_device_id
                0x00006090       0x28 src/ASF/common2/components/memory/serial_flash/at25dfx/at25dfx.o
 .rodata._at25dfx_get_device_size
                0x000060b8       0x28 src/ASF/common2/components/memory/serial_flash/at25dfx/at25dfx.o
 .rodata        0x000060e0       0x18 src/ASF/sam0/drivers/sercom/sercom.o
 .rodata        0x000060f8        0x6 src/ASF/sam0/drivers/sercom/sercom_interrupt.o
 *fill*         0x000060fe        0x2 
 .rodata.nvm_execute_command
                0x00006100      0x118 src/ASF/sam0/drivers/nvm/nvm.o
 .rodata.system_clock_source_get_hz
                0x00006218       0x24 src/ASF/sam0/drivers/system/clock/clock_samd21_r21_da_ha1/clock.o
 .rodata.system_clock_source_enable
                0x0000623c       0x24 src/ASF/sam0/drivers/system/clock/clock_samd21_r21_da_ha1/clock.o
 .rodata        0x00006260       0x84 src/main.o
 .rodata.str1.1
                0x000062e4        0x2 c:/program files (x86)/atmel/studio/7.0/toolchain/arm/arm-gnu-toolchain/bin/../lib/gcc/arm-none-eabi/5.3.1/../../../../arm-none-eabi/lib/armv6-m\libc_nano.a(lib_a-impure.o)
 *fill*         0x000062e6        0x2 
 .rodata._global_impure_ptr
                0x000062e8        0x4 c:/program files (x86)/atmel/studio/7.0/toolchain/arm/arm-gnu-toolchain/bin/../lib/gcc/arm-none-eabi/5.3.1/../../../../arm-none-eabi/lib/armv6-m\libc_nano.a(lib_a-impure.o)
                0x000062e8                _global_impure_ptr
 .rodata.__sf_fake_stdin
                0x000062ec       0x20 c:/program files (x86)/atmel/studio/7.0/toolchain/arm/arm-gnu-toolchain/bin/../lib/gcc/arm-none-eabi/5.3.1/../../../../arm-none-eabi/lib/armv6-m\libc_nano.a(lib_a-findfp.o)
                0x000062ec                __sf_fake_stdin
 .rodata.__sf_fake_stdout
                0x0000630c       0x20 c:/program files (x86)/atmel/studio/7.0/toolchain/arm/arm-gnu-toolchain/bin/../lib/gcc/arm-none-eabi/5.3.1/../../../../arm-none-eabi/lib/armv6-m\libc_nano.a(lib_a-findfp.o)
                0x0000630c                __sf_fake_stdout
 .rodata.__sf_fake_stderr
                0x0000632c       0x20 c:/program files (x86)/atmel/studio/7.0/toolchain/arm/arm-gnu-toolchain/bin/../lib/gcc/arm-none-eabi/5.3.1/../../../../arm-none-eabi/lib/armv6-m\libc_nano.a(lib_a-findfp.o)
                0x0000632c                __sf_fake_stderr
 .rodata.str1.1
                0x0000634c       0x11 c:/program files (x86)/atmel/studio/7.0/toolchain/arm/arm-gnu-toolchain/bin/../lib/gcc/arm-none-eabi/5.3.1/../../../../arm-none-eabi/lib/armv6-m\libc_nano.a(lib_a-nano-vfprintf.o)
 .rodata.str1.1
                0x0000635d       0x22 c:/program files (x86)/atmel/studio/7.0/toolchain/arm/arm-gnu-toolchain/bin/../lib/gcc/arm-none-eabi/5.3.1/../../../../arm-none-eabi/lib/armv6-m\libc_nano.a(lib_a-nano-vfprintf_i.o)
 *(.ARM.extab* .gnu.linkonce.armextab.*)
                0x00006380                . = ALIGN (0x4)
 *fill*         0x0000637f        0x1 
 *(.init)
 .init          0x00006380        0x4 c:/program files (x86)/atmel/studio/7.0/toolchain/arm/arm-gnu-toolchain/bin/../lib/gcc/arm-none-eabi/5.3.1/armv6-m/crti.o
                0x00006380                _init
 .init          0x00006384        0x8 c:/program files (x86)/atmel/studio/7.0/toolchain/arm/arm-gnu-toolchain/bin/../lib/gcc/arm-none-eabi/5.3.1/armv6-m/crtn.o
                0x0000638c                . = ALIGN (0x4)
                0x0000638c                __preinit_array_start = .
 *(.preinit_array)
                0x0000638c                __preinit_array_end = .
                0x0000638c                . = ALIGN (0x4)
                0x0000638c                __init_array_start = .
 *(SORT(.init_array.*))
 *(.init_array)
 .init_array    0x0000638c        0x4 c:/program files (x86)/atmel/studio/7.0/toolchain/arm/arm-gnu-toolchain/bin/../lib/gcc/arm-none-eabi/5.3.1/armv6-m/crtbegin.o
                0x00006390                __init_array_end = .
                0x00006390                . = ALIGN (0x4)
 *crtbegin.o(.ctors)
 *(EXCLUDE_FILE(*crtend.o) .ctors)
 *(SORT(.ctors.*))
 *crtend.o(.ctors)
                0x00006390                . = ALIGN (0x4)
 *(.fini)
 .fini          0x00006390        0x4 c:/program files (x86)/atmel/studio/7.0/toolchain/arm/arm-gnu-toolchain/bin/../lib/gcc/arm-none-eabi/5.3.1/armv6-m/crti.o
                0x00006390                _fini
 .fini          0x00006394        0x8 c:/program files (x86)/atmel/studio/7.0/toolchain/arm/arm-gnu-toolchain/bin/../lib/gcc/arm-none-eabi/5.3.1/armv6-m/crtn.o
                0x0000639c                . = ALIGN (0x4)
                0x0000639c                __fini_array_start = .
 *(.fini_array)
 .fini_array    0x0000639c        0x4 c:/program files (x86)/atmel/studio/7.0/toolchain/arm/arm-gnu-toolchain/bin/../lib/gcc/arm-none-eabi/5.3.1/armv6-m/crtbegin.o
 *(SORT(.fini_array.*))
                0x000063a0                __fini_array_end = .
 *crtbegin.o(.dtors)
 *(EXCLUDE_FILE(*crtend.o) .dtors)
 *(SORT(.dtors.*))
 *crtend.o(.dtors)
                0x000063a0                . = ALIGN (0x4)
                0x000063a0                _efixed = .
                [!provide]                PROVIDE (__exidx_start, .)

.vfp11_veneer   0x000063a0        0x0
 .vfp11_veneer  0x000063a0        0x0 linker stubs

.v4_bx          0x000063a0        0x0
 .v4_bx         0x000063a0        0x0 linker stubs

.iplt           0x000063a0        0x0
 .iplt          0x000063a0        0x0 c:/program files (x86)/atmel/studio/7.0/toolchain/arm/arm-gnu-toolchain/bin/../lib/gcc/arm-none-eabi/5.3.1/armv6-m/crtbegin.o

.eh_frame       0x000063a0        0x0
 .eh_frame      0x000063a0        0x0 c:/program files (x86)/atmel/studio/7.0/toolchain/arm/arm-gnu-toolchain/bin/../lib/gcc/arm-none-eabi/5.3.1/armv6-m/crtbegin.o

.rel.dyn        0x000063a0        0x0
 .rel.iplt      0x000063a0        0x0 c:/program files (x86)/atmel/studio/7.0/toolchain/arm/arm-gnu-toolchain/bin/../lib/gcc/arm-none-eabi/5.3.1/armv6-m/crtbegin.o

.jcr            0x000063a0        0x0
 .jcr           0x000063a0        0x0 c:/program files (x86)/atmel/studio/7.0/toolchain/arm/arm-gnu-toolchain/bin/../lib/gcc/arm-none-eabi/5.3.1/armv6-m/crtbegin.o

.igot.plt       0x000063a0        0x0
 .igot.plt      0x000063a0        0x0 c:/program files (x86)/atmel/studio/7.0/toolchain/arm/arm-gnu-toolchain/bin/../lib/gcc/arm-none-eabi/5.3.1/armv6-m/crtbegin.o

.ARM.exidx
 *(.ARM.exidx* .gnu.linkonce.armexidx.*)
                [!provide]                PROVIDE (__exidx_end, .)
                0x000063a0                . = ALIGN (0x4)
                0x000063a0                _etext = .

.relocate       0x20000000       0x7c load address 0x000063a0
                0x20000000                . = ALIGN (0x4)
                0x20000000                _srelocate = .
 *(.ramfunc .ramfunc.*)
 *(.data .data.*)
 .data.cycles_per_ms
                0x20000000        0x4 src/ASF/common2/services/delay/sam0/systick_counter.o
 .data.cycles_per_us
                0x20000004        0x4 src/ASF/common2/services/delay/sam0/systick_counter.o
 .data.g_interrupt_enabled
                0x20000008        0x1 src/ASF/common/utils/interrupt/interrupt_sam_nvic.o
                0x20000008                g_interrupt_enabled
 *fill*         0x20000009        0x3 
 .data.write_buffer
                0x2000000c        0xa src/main.o
 *fill*         0x20000016        0x2 
 .data.impure_data
                0x20000018       0x60 c:/program files (x86)/atmel/studio/7.0/toolchain/arm/arm-gnu-toolchain/bin/../lib/gcc/arm-none-eabi/5.3.1/../../../../arm-none-eabi/lib/armv6-m\libc_nano.a(lib_a-impure.o)
 .data._impure_ptr
                0x20000078        0x4 c:/program files (x86)/atmel/studio/7.0/toolchain/arm/arm-gnu-toolchain/bin/../lib/gcc/arm-none-eabi/5.3.1/../../../../arm-none-eabi/lib/armv6-m\libc_nano.a(lib_a-impure.o)
                0x20000078                _impure_ptr
                0x2000007c                . = ALIGN (0x4)
                0x2000007c                _erelocate = .

.bss            0x2000007c      0x11c load address 0x0000641c
                0x2000007c                . = ALIGN (0x4)
                0x2000007c                _sbss = .
                0x2000007c                _szero = .
 *(.bss .bss.*)
 .bss           0x2000007c       0x1c c:/program files (x86)/atmel/studio/7.0/toolchain/arm/arm-gnu-toolchain/bin/../lib/gcc/arm-none-eabi/5.3.1/armv6-m/crtbegin.o
 .bss._sercom_config
                0x20000098        0x2 src/ASF/sam0/drivers/sercom/sercom.o
 .bss._handler_table_initialized
                0x2000009a        0x1 src/ASF/sam0/drivers/sercom/sercom_interrupt.o
 *fill*         0x2000009b        0x1 
 .bss._sercom_interrupt_handlers
                0x2000009c       0x18 src/ASF/sam0/drivers/sercom/sercom_interrupt.o
 .bss._nvm_dev  0x200000b4        0x6 src/ASF/sam0/drivers/nvm/nvm.o
 *fill*         0x200000ba        0x2 
 .bss.cpu_irq_critical_section_counter
                0x200000bc        0x4 src/ASF/common/utils/interrupt/interrupt_sam_nvic.o
 .bss.cpu_irq_prev_interrupt_state
                0x200000c0        0x1 src/ASF/common/utils/interrupt/interrupt_sam_nvic.o
 *fill*         0x200000c1        0x3 
 .bss._system_clock_inst
                0x200000c4       0x18 src/ASF/sam0/drivers/system/clock/clock_samd21_r21_da_ha1/clock.o
 .bss.heap.5286
                0x200000dc        0x4 src/ASF/sam0/utils/syscalls/gcc/syscalls.o
 .bss.read_buffer
                0x200000e0        0xa src/main.o
 *fill*         0x200000ea        0x2 
 .bss.__malloc_sbrk_start
                0x200000ec        0x4 c:/program files (x86)/atmel/studio/7.0/toolchain/arm/arm-gnu-toolchain/bin/../lib/gcc/arm-none-eabi/5.3.1/../../../../arm-none-eabi/lib/armv6-m\libc_nano.a(lib_a-nano-mallocr.o)
                0x200000ec                __malloc_sbrk_start
 .bss.__malloc_free_list
                0x200000f0        0x4 c:/program files (x86)/atmel/studio/7.0/toolchain/arm/arm-gnu-toolchain/bin/../lib/gcc/arm-none-eabi/5.3.1/../../../../arm-none-eabi/lib/armv6-m\libc_nano.a(lib_a-nano-mallocr.o)
                0x200000f0                __malloc_free_list
 *(COMMON)
 COMMON         0x200000f4        0x4 src/ASF/sam0/utils/stdio/read.o
                0x200000f4                ptr_get
 COMMON         0x200000f8        0x8 src/ASF/sam0/utils/stdio/write.o
                0x200000f8                ptr_put
                0x200000fc                stdio_base
 COMMON         0x20000100        0x2 src/ASF/sam0/drivers/sercom/spi/spi_interrupt.o
                0x20000100                dummy_write
 *fill*         0x20000102        0x2 
 COMMON         0x20000104       0x18 src/ASF/sam0/drivers/sercom/sercom_interrupt.o
                0x20000104                _sercom_instances
 COMMON         0x2000011c       0x78 src/main.o
                0x2000011c                usart_instance
                0x20000150                at25dfx_chip
                0x20000158                at25dfx_spi
 COMMON         0x20000194        0x4 c:/program files (x86)/atmel/studio/7.0/toolchain/arm/arm-gnu-toolchain/bin/../lib/gcc/arm-none-eabi/5.3.1/../../../../arm-none-eabi/lib/armv6-m\libc_nano.a(lib_a-reent.o)
                0x20000194                errno
                0x20000198                . = ALIGN (0x4)
                0x20000198                _ebss = .
                0x20000198                _ezero = .

.stack          0x20000198     0x2000 load address 0x00006538
                0x20000198                . = ALIGN (0x8)
                0x20000198                _sstack = .
                0x20002198                . = (. + STACK_SIZE)
 *fill*         0x20000198     0x2000 
                0x20002198                . = ALIGN (0x8)
                0x20002198                _estack = .
                0x20002198                . = ALIGN (0x4)
                0x20002198                _end = .
OUTPUT(Waterbug_Bootloader.elf elf32-littlearm)

.ARM.attributes
                0x00000000       0x28
 .ARM.attributes
                0x00000000       0x1e c:/program files (x86)/atmel/studio/7.0/toolchain/arm/arm-gnu-toolchain/bin/../lib/gcc/arm-none-eabi/5.3.1/armv6-m/crti.o
 .ARM.attributes
                0x0000001e       0x2c c:/program files (x86)/atmel/studio/7.0/toolchain/arm/arm-gnu-toolchain/bin/../lib/gcc/arm-none-eabi/5.3.1/armv6-m/crtbegin.o
 .ARM.attributes
                0x0000004a       0x32 src/ASF/common2/components/memory/serial_flash/at25dfx/at25dfx.o
 .ARM.attributes
                0x0000007c       0x32 src/ASF/sam0/utils/stdio/read.o
 .ARM.attributes
                0x000000ae       0x32 src/ASF/sam0/utils/stdio/write.o
 .ARM.attributes
                0x000000e0       0x32 src/ASF/sam0/drivers/sercom/spi/spi.o
 .ARM.attributes
                0x00000112       0x32 src/ASF/sam0/drivers/sercom/spi/spi_interrupt.o
 .ARM.attributes
                0x00000144       0x32 src/ASF/common2/services/delay/sam0/systick_counter.o
 .ARM.attributes
                0x00000176       0x32 src/ASF/sam0/drivers/sercom/sercom.o
 .ARM.attributes
                0x000001a8       0x32 src/ASF/sam0/drivers/sercom/usart/usart.o
 .ARM.attributes
                0x000001da       0x32 src/ASF/sam0/drivers/sercom/usart/usart_interrupt.o
 .ARM.attributes
                0x0000020c       0x32 src/ASF/sam0/drivers/sercom/sercom_interrupt.o
 .ARM.attributes
                0x0000023e       0x32 src/ASF/sam0/drivers/nvm/nvm.o
 .ARM.attributes
                0x00000270       0x32 src/ASF/sam0/drivers/port/port.o
 .ARM.attributes
                0x000002a2       0x32 src/ASF/common2/boards/user_board/init.o
 .ARM.attributes
                0x000002d4       0x32 src/ASF/common/utils/interrupt/interrupt_sam_nvic.o
 .ARM.attributes
                0x00000306       0x32 src/ASF/sam0/drivers/system/clock/clock_samd21_r21_da_ha1/clock.o
 .ARM.attributes
                0x00000338       0x32 src/ASF/sam0/drivers/system/clock/clock_samd21_r21_da_ha1/gclk.o
 .ARM.attributes
                0x0000036a       0x32 src/ASF/sam0/drivers/system/pinmux/pinmux.o
 .ARM.attributes
                0x0000039c       0x32 src/ASF/sam0/drivers/system/system.o
 .ARM.attributes
                0x000003ce       0x32 src/ASF/sam0/utils/cmsis/samd21/source/gcc/startup_samd21.o
 .ARM.attributes
                0x00000400       0x32 src/ASF/sam0/utils/syscalls/gcc/syscalls.o
 .ARM.attributes
                0x00000432       0x32 src/main.o
 .ARM.attributes
                0x00000464       0x1e c:/program files (x86)/atmel/studio/7.0/toolchain/arm/arm-gnu-toolchain/bin/../lib/gcc/arm-none-eabi/5.3.1/armv6-m\libgcc.a(_udivsi3.o)
 .ARM.attributes
                0x00000482       0x1e c:/program files (x86)/atmel/studio/7.0/toolchain/arm/arm-gnu-toolchain/bin/../lib/gcc/arm-none-eabi/5.3.1/armv6-m\libgcc.a(_dvmd_tls.o)
 .ARM.attributes
                0x000004a0       0x2c c:/program files (x86)/atmel/studio/7.0/toolchain/arm/arm-gnu-toolchain/bin/../lib/gcc/arm-none-eabi/5.3.1/armv6-m\libgcc.a(_muldi3.o)
 .ARM.attributes
                0x000004cc       0x2c c:/program files (x86)/atmel/studio/7.0/toolchain/arm/arm-gnu-toolchain/bin/../lib/gcc/arm-none-eabi/5.3.1/../../../../arm-none-eabi/lib/armv6-m\libc_nano.a(lib_a-impure.o)
 .ARM.attributes
                0x000004f8       0x2c c:/program files (x86)/atmel/studio/7.0/toolchain/arm/arm-gnu-toolchain/bin/../lib/gcc/arm-none-eabi/5.3.1/../../../../arm-none-eabi/lib/armv6-m\libc_nano.a(lib_a-init.o)
 .ARM.attributes
                0x00000524       0x2c c:/program files (x86)/atmel/studio/7.0/toolchain/arm/arm-gnu-toolchain/bin/../lib/gcc/arm-none-eabi/5.3.1/../../../../arm-none-eabi/lib/armv6-m\libc_nano.a(lib_a-memcpy-stub.o)
 .ARM.attributes
                0x00000550       0x2c c:/program files (x86)/atmel/studio/7.0/toolchain/arm/arm-gnu-toolchain/bin/../lib/gcc/arm-none-eabi/5.3.1/../../../../arm-none-eabi/lib/armv6-m\libc_nano.a(lib_a-memset.o)
 .ARM.attributes
                0x0000057c       0x2c c:/program files (x86)/atmel/studio/7.0/toolchain/arm/arm-gnu-toolchain/bin/../lib/gcc/arm-none-eabi/5.3.1/../../../../arm-none-eabi/lib/armv6-m\libc_nano.a(lib_a-printf.o)
 .ARM.attributes
                0x000005a8       0x2c c:/program files (x86)/atmel/studio/7.0/toolchain/arm/arm-gnu-toolchain/bin/../lib/gcc/arm-none-eabi/5.3.1/../../../../arm-none-eabi/lib/armv6-m\libc_nano.a(lib_a-puts.o)
 .ARM.attributes
                0x000005d4       0x2c c:/program files (x86)/atmel/studio/7.0/toolchain/arm/arm-gnu-toolchain/bin/../lib/gcc/arm-none-eabi/5.3.1/../../../../arm-none-eabi/lib/armv6-m\libc_nano.a(lib_a-setbuf.o)
 .ARM.attributes
                0x00000600       0x2c c:/program files (x86)/atmel/studio/7.0/toolchain/arm/arm-gnu-toolchain/bin/../lib/gcc/arm-none-eabi/5.3.1/../../../../arm-none-eabi/lib/armv6-m\libc_nano.a(lib_a-setvbuf.o)
 .ARM.attributes
                0x0000062c       0x2c c:/program files (x86)/atmel/studio/7.0/toolchain/arm/arm-gnu-toolchain/bin/../lib/gcc/arm-none-eabi/5.3.1/../../../../arm-none-eabi/lib/armv6-m\libc_nano.a(lib_a-wbuf.o)
 .ARM.attributes
                0x00000658       0x2c c:/program files (x86)/atmel/studio/7.0/toolchain/arm/arm-gnu-toolchain/bin/../lib/gcc/arm-none-eabi/5.3.1/../../../../arm-none-eabi/lib/armv6-m\libc_nano.a(lib_a-wsetup.o)
 .ARM.attributes
                0x00000684       0x2c c:/program files (x86)/atmel/studio/7.0/toolchain/arm/arm-gnu-toolchain/bin/../lib/gcc/arm-none-eabi/5.3.1/../../../../arm-none-eabi/lib/armv6-m\libc_nano.a(lib_a-fflush.o)
 .ARM.attributes
                0x000006b0       0x2c c:/program files (x86)/atmel/studio/7.0/toolchain/arm/arm-gnu-toolchain/bin/../lib/gcc/arm-none-eabi/5.3.1/../../../../arm-none-eabi/lib/armv6-m\libc_nano.a(lib_a-findfp.o)
 .ARM.attributes
                0x000006dc       0x2c c:/program files (x86)/atmel/studio/7.0/toolchain/arm/arm-gnu-toolchain/bin/../lib/gcc/arm-none-eabi/5.3.1/../../../../arm-none-eabi/lib/armv6-m\libc_nano.a(lib_a-fwalk.o)
 .ARM.attributes
                0x00000708       0x2c c:/program files (x86)/atmel/studio/7.0/toolchain/arm/arm-gnu-toolchain/bin/../lib/gcc/arm-none-eabi/5.3.1/../../../../arm-none-eabi/lib/armv6-m\libc_nano.a(lib_a-makebuf.o)
 .ARM.attributes
                0x00000734       0x2c c:/program files (x86)/atmel/studio/7.0/toolchain/arm/arm-gnu-toolchain/bin/../lib/gcc/arm-none-eabi/5.3.1/../../../../arm-none-eabi/lib/armv6-m\libc_nano.a(lib_a-malloc.o)
 .ARM.attributes
                0x00000760       0x2c c:/program files (x86)/atmel/studio/7.0/toolchain/arm/arm-gnu-toolchain/bin/../lib/gcc/arm-none-eabi/5.3.1/../../../../arm-none-eabi/lib/armv6-m\libc_nano.a(lib_a-nano-freer.o)
 .ARM.attributes
                0x0000078c       0x2c c:/program files (x86)/atmel/studio/7.0/toolchain/arm/arm-gnu-toolchain/bin/../lib/gcc/arm-none-eabi/5.3.1/../../../../arm-none-eabi/lib/armv6-m\libc_nano.a(lib_a-nano-mallocr.o)
 .ARM.attributes
                0x000007b8       0x2c c:/program files (x86)/atmel/studio/7.0/toolchain/arm/arm-gnu-toolchain/bin/../lib/gcc/arm-none-eabi/5.3.1/../../../../arm-none-eabi/lib/armv6-m\libc_nano.a(lib_a-nano-vfprintf.o)
 .ARM.attributes
                0x000007e4       0x2c c:/program files (x86)/atmel/studio/7.0/toolchain/arm/arm-gnu-toolchain/bin/../lib/gcc/arm-none-eabi/5.3.1/../../../../arm-none-eabi/lib/armv6-m\libc_nano.a(lib_a-nano-vfprintf_i.o)
 .ARM.attributes
                0x00000810       0x2c c:/program files (x86)/atmel/studio/7.0/toolchain/arm/arm-gnu-toolchain/bin/../lib/gcc/arm-none-eabi/5.3.1/../../../../arm-none-eabi/lib/armv6-m\libc_nano.a(lib_a-sbrkr.o)
 .ARM.attributes
                0x0000083c       0x2c c:/program files (x86)/atmel/studio/7.0/toolchain/arm/arm-gnu-toolchain/bin/../lib/gcc/arm-none-eabi/5.3.1/../../../../arm-none-eabi/lib/armv6-m\libc_nano.a(lib_a-stdio.o)
 .ARM.attributes
                0x00000868       0x2c c:/program files (x86)/atmel/studio/7.0/toolchain/arm/arm-gnu-toolchain/bin/../lib/gcc/arm-none-eabi/5.3.1/../../../../arm-none-eabi/lib/armv6-m\libc_nano.a(lib_a-writer.o)
 .ARM.attributes
                0x00000894       0x2c c:/program files (x86)/atmel/studio/7.0/toolchain/arm/arm-gnu-toolchain/bin/../lib/gcc/arm-none-eabi/5.3.1/../../../../arm-none-eabi/lib/armv6-m\libc_nano.a(lib_a-closer.o)
 .ARM.attributes
                0x000008c0       0x2c c:/program files (x86)/atmel/studio/7.0/toolchain/arm/arm-gnu-toolchain/bin/../lib/gcc/arm-none-eabi/5.3.1/../../../../arm-none-eabi/lib/armv6-m\libc_nano.a(lib_a-fstatr.o)
 .ARM.attributes
                0x000008ec       0x2c c:/program files (x86)/atmel/studio/7.0/toolchain/arm/arm-gnu-toolchain/bin/../lib/gcc/arm-none-eabi/5.3.1/../../../../arm-none-eabi/lib/armv6-m\libc_nano.a(lib_a-isattyr.o)
 .ARM.attributes
                0x00000918       0x2c c:/program files (x86)/atmel/studio/7.0/toolchain/arm/arm-gnu-toolchain/bin/../lib/gcc/arm-none-eabi/5.3.1/../../../../arm-none-eabi/lib/armv6-m\libc_nano.a(lib_a-lseekr.o)
 .ARM.attributes
                0x00000944       0x2c c:/program files (x86)/atmel/studio/7.0/toolchain/arm/arm-gnu-toolchain/bin/../lib/gcc/arm-none-eabi/5.3.1/../../../../arm-none-eabi/lib/armv6-m\libc_nano.a(lib_a-memchr-stub.o)
 .ARM.attributes
                0x00000970       0x2c c:/program files (x86)/atmel/studio/7.0/toolchain/arm/arm-gnu-toolchain/bin/../lib/gcc/arm-none-eabi/5.3.1/../../../../arm-none-eabi/lib/armv6-m\libc_nano.a(lib_a-readr.o)
 .ARM.attributes
                0x0000099c       0x2c c:/program files (x86)/atmel/studio/7.0/toolchain/arm/arm-gnu-toolchain/bin/../lib/gcc/arm-none-eabi/5.3.1/../../../../arm-none-eabi/lib/armv6-m\libc_nano.a(lib_a-reent.o)
 .ARM.attributes
                0x000009c8       0x1e c:/program files (x86)/atmel/studio/7.0/toolchain/arm/arm-gnu-toolchain/bin/../lib/gcc/arm-none-eabi/5.3.1/armv6-m/crtn.o

.comment        0x00000000       0x59
 .comment       0x00000000       0x59 src/ASF/common2/components/memory/serial_flash/at25dfx/at25dfx.o
                                 0x5a (size before relaxing)
 .comment       0x00000059       0x5a src/ASF/sam0/utils/stdio/read.o
 .comment       0x00000059       0x5a src/ASF/sam0/utils/stdio/write.o
 .comment       0x00000059       0x5a src/ASF/sam0/drivers/sercom/spi/spi.o
 .comment       0x00000059       0x5a src/ASF/sam0/drivers/sercom/spi/spi_interrupt.o
 .comment       0x00000059       0x5a src/ASF/common2/services/delay/sam0/systick_counter.o
 .comment       0x00000059       0x5a src/ASF/sam0/drivers/sercom/sercom.o
 .comment       0x00000059       0x5a src/ASF/sam0/drivers/sercom/usart/usart.o
 .comment       0x00000059       0x5a src/ASF/sam0/drivers/sercom/usart/usart_interrupt.o
 .comment       0x00000059       0x5a src/ASF/sam0/drivers/sercom/sercom_interrupt.o
 .comment       0x00000059       0x5a src/ASF/sam0/drivers/nvm/nvm.o
 .comment       0x00000059       0x5a src/ASF/sam0/drivers/port/port.o
 .comment       0x00000059       0x5a src/ASF/common2/boards/user_board/init.o
 .comment       0x00000059       0x5a src/ASF/common/utils/interrupt/interrupt_sam_nvic.o
 .comment       0x00000059       0x5a src/ASF/sam0/drivers/system/clock/clock_samd21_r21_da_ha1/clock.o
 .comment       0x00000059       0x5a src/ASF/sam0/drivers/system/clock/clock_samd21_r21_da_ha1/gclk.o
 .comment       0x00000059       0x5a src/ASF/sam0/drivers/system/pinmux/pinmux.o
 .comment       0x00000059       0x5a src/ASF/sam0/drivers/system/system.o
 .comment       0x00000059       0x5a src/ASF/sam0/utils/cmsis/samd21/source/gcc/startup_samd21.o
 .comment       0x00000059       0x5a src/ASF/sam0/utils/syscalls/gcc/syscalls.o
 .comment       0x00000059       0x5a src/main.o

.debug_info     0x00000000    0x25ba0
 .debug_info    0x00000000     0x3227 src/ASF/common2/components/memory/serial_flash/at25dfx/at25dfx.o
 .debug_info    0x00003227      0x1b4 src/ASF/sam0/utils/stdio/read.o
 .debug_info    0x000033db      0x1bd src/ASF/sam0/utils/stdio/write.o
 .debug_info    0x00003598     0x4bf6 src/ASF/sam0/drivers/sercom/spi/spi.o
 .debug_info    0x0000818e     0x27a8 src/ASF/sam0/drivers/sercom/spi/spi_interrupt.o
 .debug_info    0x0000a936      0x222 src/ASF/common2/services/delay/sam0/systick_counter.o
 .debug_info    0x0000ab58     0x2493 src/ASF/sam0/drivers/sercom/sercom.o
 .debug_info    0x0000cfeb     0x3e5b src/ASF/sam0/drivers/sercom/usart/usart.o
 .debug_info    0x00010e46     0x2604 src/ASF/sam0/drivers/sercom/usart/usart_interrupt.o
 .debug_info    0x0001344a     0x22a0 src/ASF/sam0/drivers/sercom/sercom_interrupt.o
 .debug_info    0x000156ea     0x1a74 src/ASF/sam0/drivers/nvm/nvm.o
 .debug_info    0x0001715e      0x92c src/ASF/sam0/drivers/port/port.o
 .debug_info    0x00017a8a      0xa60 src/ASF/common2/boards/user_board/init.o
 .debug_info    0x000184ea      0x1ef src/ASF/common/utils/interrupt/interrupt_sam_nvic.o
 .debug_info    0x000186d9     0x2c79 src/ASF/sam0/drivers/system/clock/clock_samd21_r21_da_ha1/clock.o
 .debug_info    0x0001b352     0x1274 src/ASF/sam0/drivers/system/clock/clock_samd21_r21_da_ha1/gclk.o
 .debug_info    0x0001c5c6      0xa95 src/ASF/sam0/drivers/system/pinmux/pinmux.o
 .debug_info    0x0001d05b      0x141 src/ASF/sam0/drivers/system/system.o
 .debug_info    0x0001d19c     0x3a85 src/ASF/sam0/utils/cmsis/samd21/source/gcc/startup_samd21.o
 .debug_info    0x00020c21      0x41a src/ASF/sam0/utils/syscalls/gcc/syscalls.o
 .debug_info    0x0002103b     0x4b65 src/main.o

.debug_abbrev   0x00000000     0x2d22
 .debug_abbrev  0x00000000      0x32b src/ASF/common2/components/memory/serial_flash/at25dfx/at25dfx.o
 .debug_abbrev  0x0000032b       0xe6 src/ASF/sam0/utils/stdio/read.o
 .debug_abbrev  0x00000411       0xe8 src/ASF/sam0/utils/stdio/write.o
 .debug_abbrev  0x000004f9      0x37a src/ASF/sam0/drivers/sercom/spi/spi.o
 .debug_abbrev  0x00000873      0x294 src/ASF/sam0/drivers/sercom/spi/spi_interrupt.o
 .debug_abbrev  0x00000b07      0x115 src/ASF/common2/services/delay/sam0/systick_counter.o
 .debug_abbrev  0x00000c1c      0x265 src/ASF/sam0/drivers/sercom/sercom.o
 .debug_abbrev  0x00000e81      0x2fa src/ASF/sam0/drivers/sercom/usart/usart.o
 .debug_abbrev  0x0000117b      0x2c6 src/ASF/sam0/drivers/sercom/usart/usart_interrupt.o
 .debug_abbrev  0x00001441      0x213 src/ASF/sam0/drivers/sercom/sercom_interrupt.o
 .debug_abbrev  0x00001654      0x2aa src/ASF/sam0/drivers/nvm/nvm.o
 .debug_abbrev  0x000018fe      0x1b6 src/ASF/sam0/drivers/port/port.o
 .debug_abbrev  0x00001ab4      0x1ba src/ASF/common2/boards/user_board/init.o
 .debug_abbrev  0x00001c6e       0xf8 src/ASF/common/utils/interrupt/interrupt_sam_nvic.o
 .debug_abbrev  0x00001d66      0x335 src/ASF/sam0/drivers/system/clock/clock_samd21_r21_da_ha1/clock.o
 .debug_abbrev  0x0000209b      0x28e src/ASF/sam0/drivers/system/clock/clock_samd21_r21_da_ha1/gclk.o
 .debug_abbrev  0x00002329      0x258 src/ASF/sam0/drivers/system/pinmux/pinmux.o
 .debug_abbrev  0x00002581       0xad src/ASF/sam0/drivers/system/system.o
 .debug_abbrev  0x0000262e      0x20a src/ASF/sam0/utils/cmsis/samd21/source/gcc/startup_samd21.o
 .debug_abbrev  0x00002838      0x120 src/ASF/sam0/utils/syscalls/gcc/syscalls.o
 .debug_abbrev  0x00002958      0x3ca src/main.o

.debug_loc      0x00000000     0x300e
 .debug_loc     0x00000000      0x65d src/ASF/common2/components/memory/serial_flash/at25dfx/at25dfx.o
 .debug_loc     0x0000065d       0x38 src/ASF/sam0/utils/stdio/read.o
 .debug_loc     0x00000695       0x38 src/ASF/sam0/utils/stdio/write.o
 .debug_loc     0x000006cd      0x5e0 src/ASF/sam0/drivers/sercom/spi/spi.o
 .debug_loc     0x00000cad      0x310 src/ASF/sam0/drivers/sercom/spi/spi_interrupt.o
 .debug_loc     0x00000fbd       0xd4 src/ASF/common2/services/delay/sam0/systick_counter.o
 .debug_loc     0x00001091      0x18c src/ASF/sam0/drivers/sercom/sercom.o
 .debug_loc     0x0000121d      0x297 src/ASF/sam0/drivers/sercom/usart/usart.o
 .debug_loc     0x000014b4      0x330 src/ASF/sam0/drivers/sercom/usart/usart_interrupt.o
 .debug_loc     0x000017e4      0x1b0 src/ASF/sam0/drivers/sercom/sercom_interrupt.o
 .debug_loc     0x00001994      0x332 src/ASF/sam0/drivers/nvm/nvm.o
 .debug_loc     0x00001cc6       0xa8 src/ASF/sam0/drivers/port/port.o
 .debug_loc     0x00001d6e       0x2c src/ASF/common2/boards/user_board/init.o
 .debug_loc     0x00001d9a       0x64 src/ASF/common/utils/interrupt/interrupt_sam_nvic.o
 .debug_loc     0x00001dfe      0x476 src/ASF/sam0/drivers/system/clock/clock_samd21_r21_da_ha1/clock.o
 .debug_loc     0x00002274      0x388 src/ASF/sam0/drivers/system/clock/clock_samd21_r21_da_ha1/gclk.o
 .debug_loc     0x000025fc      0x150 src/ASF/sam0/drivers/system/pinmux/pinmux.o
 .debug_loc     0x0000274c       0x58 src/ASF/sam0/drivers/system/system.o
 .debug_loc     0x000027a4       0x64 src/ASF/sam0/utils/cmsis/samd21/source/gcc/startup_samd21.o
 .debug_loc     0x00002808      0x1ec src/ASF/sam0/utils/syscalls/gcc/syscalls.o
 .debug_loc     0x000029f4      0x61a src/main.o

.debug_aranges  0x00000000      0x900
 .debug_aranges
                0x00000000      0x100 src/ASF/common2/components/memory/serial_flash/at25dfx/at25dfx.o
 .debug_aranges
                0x00000100       0x20 src/ASF/sam0/utils/stdio/read.o
 .debug_aranges
                0x00000120       0x20 src/ASF/sam0/utils/stdio/write.o
 .debug_aranges
                0x00000140       0xf0 src/ASF/sam0/drivers/sercom/spi/spi.o
 .debug_aranges
                0x00000230       0x88 src/ASF/sam0/drivers/sercom/spi/spi_interrupt.o
 .debug_aranges
                0x000002b8       0x38 src/ASF/common2/services/delay/sam0/systick_counter.o
 .debug_aranges
                0x000002f0       0x50 src/ASF/sam0/drivers/sercom/sercom.o
 .debug_aranges
                0x00000340       0x78 src/ASF/sam0/drivers/sercom/usart/usart.o
 .debug_aranges
                0x000003b8       0x90 src/ASF/sam0/drivers/sercom/usart/usart_interrupt.o
 .debug_aranges
                0x00000448       0x60 src/ASF/sam0/drivers/sercom/sercom_interrupt.o
 .debug_aranges
                0x000004a8       0x90 src/ASF/sam0/drivers/nvm/nvm.o
 .debug_aranges
                0x00000538       0x30 src/ASF/sam0/drivers/port/port.o
 .debug_aranges
                0x00000568       0x20 src/ASF/common2/boards/user_board/init.o
 .debug_aranges
                0x00000588       0x28 src/ASF/common/utils/interrupt/interrupt_sam_nvic.o
 .debug_aranges
                0x000005b0       0xc0 src/ASF/sam0/drivers/system/clock/clock_samd21_r21_da_ha1/clock.o
 .debug_aranges
                0x00000670       0xa0 src/ASF/sam0/drivers/system/clock/clock_samd21_r21_da_ha1/gclk.o
 .debug_aranges
                0x00000710       0x48 src/ASF/sam0/drivers/system/pinmux/pinmux.o
 .debug_aranges
                0x00000758       0x28 src/ASF/sam0/drivers/system/system.o
 .debug_aranges
                0x00000780       0x28 src/ASF/sam0/utils/cmsis/samd21/source/gcc/startup_samd21.o
 .debug_aranges
                0x000007a8       0x60 src/ASF/sam0/utils/syscalls/gcc/syscalls.o
 .debug_aranges
                0x00000808       0xf8 src/main.o

.debug_ranges   0x00000000      0x7b0
 .debug_ranges  0x00000000       0xf0 src/ASF/common2/components/memory/serial_flash/at25dfx/at25dfx.o
 .debug_ranges  0x000000f0       0x10 src/ASF/sam0/utils/stdio/read.o
 .debug_ranges  0x00000100       0x10 src/ASF/sam0/utils/stdio/write.o
 .debug_ranges  0x00000110       0xe0 src/ASF/sam0/drivers/sercom/spi/spi.o
 .debug_ranges  0x000001f0       0x78 src/ASF/sam0/drivers/sercom/spi/spi_interrupt.o
 .debug_ranges  0x00000268       0x28 src/ASF/common2/services/delay/sam0/systick_counter.o
 .debug_ranges  0x00000290       0x40 src/ASF/sam0/drivers/sercom/sercom.o
 .debug_ranges  0x000002d0       0x68 src/ASF/sam0/drivers/sercom/usart/usart.o
 .debug_ranges  0x00000338       0x80 src/ASF/sam0/drivers/sercom/usart/usart_interrupt.o
 .debug_ranges  0x000003b8       0x50 src/ASF/sam0/drivers/sercom/sercom_interrupt.o
 .debug_ranges  0x00000408       0x80 src/ASF/sam0/drivers/nvm/nvm.o
 .debug_ranges  0x00000488       0x20 src/ASF/sam0/drivers/port/port.o
 .debug_ranges  0x000004a8       0x10 src/ASF/common2/boards/user_board/init.o
 .debug_ranges  0x000004b8       0x18 src/ASF/common/utils/interrupt/interrupt_sam_nvic.o
 .debug_ranges  0x000004d0       0xb0 src/ASF/sam0/drivers/system/clock/clock_samd21_r21_da_ha1/clock.o
 .debug_ranges  0x00000580       0x90 src/ASF/sam0/drivers/system/clock/clock_samd21_r21_da_ha1/gclk.o
 .debug_ranges  0x00000610       0x38 src/ASF/sam0/drivers/system/pinmux/pinmux.o
 .debug_ranges  0x00000648       0x18 src/ASF/sam0/drivers/system/system.o
 .debug_ranges  0x00000660       0x18 src/ASF/sam0/utils/cmsis/samd21/source/gcc/startup_samd21.o
 .debug_ranges  0x00000678       0x50 src/ASF/sam0/utils/syscalls/gcc/syscalls.o
 .debug_ranges  0x000006c8       0xe8 src/main.o

.debug_macro    0x00000000    0x1a9f1
 .debug_macro   0x00000000      0x5c5 src/ASF/common2/components/memory/serial_flash/at25dfx/at25dfx.o
 .debug_macro   0x000005c5      0x844 src/ASF/common2/components/memory/serial_flash/at25dfx/at25dfx.o
 .debug_macro   0x00000e09      0x16d src/ASF/common2/components/memory/serial_flash/at25dfx/at25dfx.o
 .debug_macro   0x00000f76      0x64b src/ASF/common2/components/memory/serial_flash/at25dfx/at25dfx.o
 .debug_macro   0x000015c1       0x22 src/ASF/common2/components/memory/serial_flash/at25dfx/at25dfx.o
 .debug_macro   0x000015e3       0x87 src/ASF/common2/components/memory/serial_flash/at25dfx/at25dfx.o
 .debug_macro   0x0000166a       0x44 src/ASF/common2/components/memory/serial_flash/at25dfx/at25dfx.o
 .debug_macro   0x000016ae       0xfd src/ASF/common2/components/memory/serial_flash/at25dfx/at25dfx.o
 .debug_macro   0x000017ab       0x22 src/ASF/common2/components/memory/serial_flash/at25dfx/at25dfx.o
 .debug_macro   0x000017cd      0x1df src/ASF/common2/components/memory/serial_flash/at25dfx/at25dfx.o
 .debug_macro   0x000019ac       0x10 src/ASF/common2/components/memory/serial_flash/at25dfx/at25dfx.o
 .debug_macro   0x000019bc       0x76 src/ASF/common2/components/memory/serial_flash/at25dfx/at25dfx.o
 .debug_macro   0x00001a32       0x16 src/ASF/common2/components/memory/serial_flash/at25dfx/at25dfx.o
 .debug_macro   0x00001a48      0x6e5 src/ASF/common2/components/memory/serial_flash/at25dfx/at25dfx.o
 .debug_macro   0x0000212d      0xde2 src/ASF/common2/components/memory/serial_flash/at25dfx/at25dfx.o
 .debug_macro   0x00002f0f       0x22 src/ASF/common2/components/memory/serial_flash/at25dfx/at25dfx.o
 .debug_macro   0x00002f31       0x40 src/ASF/common2/components/memory/serial_flash/at25dfx/at25dfx.o
 .debug_macro   0x00002f71       0x3a src/ASF/common2/components/memory/serial_flash/at25dfx/at25dfx.o
 .debug_macro   0x00002fab       0x1f src/ASF/common2/components/memory/serial_flash/at25dfx/at25dfx.o
 .debug_macro   0x00002fca      0x250 src/ASF/common2/components/memory/serial_flash/at25dfx/at25dfx.o
 .debug_macro   0x0000321a      0x682 src/ASF/common2/components/memory/serial_flash/at25dfx/at25dfx.o
 .debug_macro   0x0000389c      0x8bf src/ASF/common2/components/memory/serial_flash/at25dfx/at25dfx.o
 .debug_macro   0x0000415b      0x235 src/ASF/common2/components/memory/serial_flash/at25dfx/at25dfx.o
 .debug_macro   0x00004390      0xd6a src/ASF/common2/components/memory/serial_flash/at25dfx/at25dfx.o
 .debug_macro   0x000050fa      0x4ce src/ASF/common2/components/memory/serial_flash/at25dfx/at25dfx.o
 .debug_macro   0x000055c8      0x9f8 src/ASF/common2/components/memory/serial_flash/at25dfx/at25dfx.o
 .debug_macro   0x00005fc0      0x82b src/ASF/common2/components/memory/serial_flash/at25dfx/at25dfx.o
 .debug_macro   0x000067eb      0x45f src/ASF/common2/components/memory/serial_flash/at25dfx/at25dfx.o
 .debug_macro   0x00006c4a       0x5e src/ASF/common2/components/memory/serial_flash/at25dfx/at25dfx.o
 .debug_macro   0x00006ca8      0x906 src/ASF/common2/components/memory/serial_flash/at25dfx/at25dfx.o
 .debug_macro   0x000075ae      0x225 src/ASF/common2/components/memory/serial_flash/at25dfx/at25dfx.o
 .debug_macro   0x000077d3      0x963 src/ASF/common2/components/memory/serial_flash/at25dfx/at25dfx.o
 .debug_macro   0x00008136       0x5e src/ASF/common2/components/memory/serial_flash/at25dfx/at25dfx.o
 .debug_macro   0x00008194      0x671 src/ASF/common2/components/memory/serial_flash/at25dfx/at25dfx.o
 .debug_macro   0x00008805      0x3af src/ASF/common2/components/memory/serial_flash/at25dfx/at25dfx.o
 .debug_macro   0x00008bb4      0xc7f src/ASF/common2/components/memory/serial_flash/at25dfx/at25dfx.o
 .debug_macro   0x00009833     0x1092 src/ASF/common2/components/memory/serial_flash/at25dfx/at25dfx.o
 .debug_macro   0x0000a8c5      0xc4a src/ASF/common2/components/memory/serial_flash/at25dfx/at25dfx.o
 .debug_macro   0x0000b50f      0x6bf src/ASF/common2/components/memory/serial_flash/at25dfx/at25dfx.o
 .debug_macro   0x0000bbce     0x1bc9 src/ASF/common2/components/memory/serial_flash/at25dfx/at25dfx.o
 .debug_macro   0x0000d797     0x144a src/ASF/common2/components/memory/serial_flash/at25dfx/at25dfx.o
 .debug_macro   0x0000ebe1      0x34e src/ASF/common2/components/memory/serial_flash/at25dfx/at25dfx.o
 .debug_macro   0x0000ef2f       0x7c src/ASF/common2/components/memory/serial_flash/at25dfx/at25dfx.o
 .debug_macro   0x0000efab       0xa0 src/ASF/common2/components/memory/serial_flash/at25dfx/at25dfx.o
 .debug_macro   0x0000f04b       0x4c src/ASF/common2/components/memory/serial_flash/at25dfx/at25dfx.o
 .debug_macro   0x0000f097       0xca src/ASF/common2/components/memory/serial_flash/at25dfx/at25dfx.o
 .debug_macro   0x0000f161       0x94 src/ASF/common2/components/memory/serial_flash/at25dfx/at25dfx.o
 .debug_macro   0x0000f1f5       0x58 src/ASF/common2/components/memory/serial_flash/at25dfx/at25dfx.o
 .debug_macro   0x0000f24d      0x387 src/ASF/common2/components/memory/serial_flash/at25dfx/at25dfx.o
 .debug_macro   0x0000f5d4       0x82 src/ASF/common2/components/memory/serial_flash/at25dfx/at25dfx.o
 .debug_macro   0x0000f656      0x197 src/ASF/common2/components/memory/serial_flash/at25dfx/at25dfx.o
 .debug_macro   0x0000f7ed       0xb8 src/ASF/common2/components/memory/serial_flash/at25dfx/at25dfx.o
 .debug_macro   0x0000f8a5       0xa0 src/ASF/common2/components/memory/serial_flash/at25dfx/at25dfx.o
 .debug_macro   0x0000f945       0xb8 src/ASF/common2/components/memory/serial_flash/at25dfx/at25dfx.o
 .debug_macro   0x0000f9fd       0x1c src/ASF/common2/components/memory/serial_flash/at25dfx/at25dfx.o
 .debug_macro   0x0000fa19       0x1c src/ASF/common2/components/memory/serial_flash/at25dfx/at25dfx.o
 .debug_macro   0x0000fa35       0x1c src/ASF/common2/components/memory/serial_flash/at25dfx/at25dfx.o
 .debug_macro   0x0000fa51       0x82 src/ASF/common2/components/memory/serial_flash/at25dfx/at25dfx.o
 .debug_macro   0x0000fad3      0x161 src/ASF/common2/components/memory/serial_flash/at25dfx/at25dfx.o
 .debug_macro   0x0000fc34       0xdc src/ASF/common2/components/memory/serial_flash/at25dfx/at25dfx.o
 .debug_macro   0x0000fd10      0x12f src/ASF/common2/components/memory/serial_flash/at25dfx/at25dfx.o
 .debug_macro   0x0000fe3f      0x12f src/ASF/common2/components/memory/serial_flash/at25dfx/at25dfx.o
 .debug_macro   0x0000ff6e      0x12f src/ASF/common2/components/memory/serial_flash/at25dfx/at25dfx.o
 .debug_macro   0x0001009d      0x12f src/ASF/common2/components/memory/serial_flash/at25dfx/at25dfx.o
 .debug_macro   0x000101cc      0x12f src/ASF/common2/components/memory/serial_flash/at25dfx/at25dfx.o
 .debug_macro   0x000102fb      0x12f src/ASF/common2/components/memory/serial_flash/at25dfx/at25dfx.o
 .debug_macro   0x0001042a      0x124 src/ASF/common2/components/memory/serial_flash/at25dfx/at25dfx.o
 .debug_macro   0x0001054e       0xe2 src/ASF/common2/components/memory/serial_flash/at25dfx/at25dfx.o
 .debug_macro   0x00010630       0xe2 src/ASF/common2/components/memory/serial_flash/at25dfx/at25dfx.o
 .debug_macro   0x00010712       0xe2 src/ASF/common2/components/memory/serial_flash/at25dfx/at25dfx.o
 .debug_macro   0x000107f4      0x133 src/ASF/common2/components/memory/serial_flash/at25dfx/at25dfx.o
 .debug_macro   0x00010927      0x106 src/ASF/common2/components/memory/serial_flash/at25dfx/at25dfx.o
 .debug_macro   0x00010a2d       0xfa src/ASF/common2/components/memory/serial_flash/at25dfx/at25dfx.o
 .debug_macro   0x00010b27      0x40f src/ASF/common2/components/memory/serial_flash/at25dfx/at25dfx.o
 .debug_macro   0x00010f36       0x40 src/ASF/common2/components/memory/serial_flash/at25dfx/at25dfx.o
 .debug_macro   0x00010f76      0x361 src/ASF/common2/components/memory/serial_flash/at25dfx/at25dfx.o
 .debug_macro   0x000112d7     0x16ed src/ASF/common2/components/memory/serial_flash/at25dfx/at25dfx.o
 .debug_macro   0x000129c4       0x6d src/ASF/common2/components/memory/serial_flash/at25dfx/at25dfx.o
 .debug_macro   0x00012a31       0x52 src/ASF/common2/components/memory/serial_flash/at25dfx/at25dfx.o
 .debug_macro   0x00012a83       0x35 src/ASF/common2/components/memory/serial_flash/at25dfx/at25dfx.o
 .debug_macro   0x00012ab8       0x9c src/ASF/common2/components/memory/serial_flash/at25dfx/at25dfx.o
 .debug_macro   0x00012b54       0x16 src/ASF/common2/components/memory/serial_flash/at25dfx/at25dfx.o
 .debug_macro   0x00012b6a       0x35 src/ASF/common2/components/memory/serial_flash/at25dfx/at25dfx.o
 .debug_macro   0x00012b9f      0x330 src/ASF/common2/components/memory/serial_flash/at25dfx/at25dfx.o
 .debug_macro   0x00012ecf       0x10 src/ASF/common2/components/memory/serial_flash/at25dfx/at25dfx.o
 .debug_macro   0x00012edf       0x52 src/ASF/common2/components/memory/serial_flash/at25dfx/at25dfx.o
 .debug_macro   0x00012f31       0x16 src/ASF/common2/components/memory/serial_flash/at25dfx/at25dfx.o
 .debug_macro   0x00012f47       0x43 src/ASF/common2/components/memory/serial_flash/at25dfx/at25dfx.o
 .debug_macro   0x00012f8a      0x187 src/ASF/common2/components/memory/serial_flash/at25dfx/at25dfx.o
 .debug_macro   0x00013111       0x22 src/ASF/common2/components/memory/serial_flash/at25dfx/at25dfx.o
 .debug_macro   0x00013133       0x3a src/ASF/common2/components/memory/serial_flash/at25dfx/at25dfx.o
 .debug_macro   0x0001316d       0x10 src/ASF/common2/components/memory/serial_flash/at25dfx/at25dfx.o
 .debug_macro   0x0001317d       0x40 src/ASF/common2/components/memory/serial_flash/at25dfx/at25dfx.o
 .debug_macro   0x000131bd       0x6c src/ASF/common2/components/memory/serial_flash/at25dfx/at25dfx.o
 .debug_macro   0x00013229       0x16 src/ASF/common2/components/memory/serial_flash/at25dfx/at25dfx.o
 .debug_macro   0x0001323f      0x182 src/ASF/common2/components/memory/serial_flash/at25dfx/at25dfx.o
 .debug_macro   0x000133c1       0x16 src/ASF/common2/components/memory/serial_flash/at25dfx/at25dfx.o
 .debug_macro   0x000133d7       0x16 src/ASF/common2/components/memory/serial_flash/at25dfx/at25dfx.o
 .debug_macro   0x000133ed       0x29 src/ASF/common2/components/memory/serial_flash/at25dfx/at25dfx.o
 .debug_macro   0x00013416       0x51 src/ASF/common2/components/memory/serial_flash/at25dfx/at25dfx.o
 .debug_macro   0x00013467       0x3f src/ASF/common2/components/memory/serial_flash/at25dfx/at25dfx.o
 .debug_macro   0x000134a6      0x3df src/ASF/common2/components/memory/serial_flash/at25dfx/at25dfx.o
 .debug_macro   0x00013885       0x18 src/ASF/common2/components/memory/serial_flash/at25dfx/at25dfx.o
 .debug_macro   0x0001389d       0x12 src/ASF/common2/components/memory/serial_flash/at25dfx/at25dfx.o
 .debug_macro   0x000138af       0x11 src/ASF/common2/components/memory/serial_flash/at25dfx/at25dfx.o
 .debug_macro   0x000138c0       0x16 src/ASF/common2/components/memory/serial_flash/at25dfx/at25dfx.o
 .debug_macro   0x000138d6       0x2e src/ASF/common2/components/memory/serial_flash/at25dfx/at25dfx.o
 .debug_macro   0x00013904       0xb2 src/ASF/common2/components/memory/serial_flash/at25dfx/at25dfx.o
 .debug_macro   0x000139b6       0x10 src/ASF/common2/components/memory/serial_flash/at25dfx/at25dfx.o
 .debug_macro   0x000139c6       0x16 src/ASF/common2/components/memory/serial_flash/at25dfx/at25dfx.o
 .debug_macro   0x000139dc       0x16 src/ASF/common2/components/memory/serial_flash/at25dfx/at25dfx.o
 .debug_macro   0x000139f2       0x35 src/ASF/common2/components/memory/serial_flash/at25dfx/at25dfx.o
 .debug_macro   0x00013a27       0x16 src/ASF/common2/components/memory/serial_flash/at25dfx/at25dfx.o
 .debug_macro   0x00013a3d      0x4d3 src/ASF/sam0/utils/stdio/read.o
 .debug_macro   0x00013f10      0x4d3 src/ASF/sam0/utils/stdio/write.o
 .debug_macro   0x000143e3      0x59a src/ASF/sam0/drivers/sercom/spi/spi.o
 .debug_macro   0x0001497d      0x5a4 src/ASF/sam0/drivers/sercom/spi/spi_interrupt.o
 .debug_macro   0x00014f21      0x50e src/ASF/common2/services/delay/sam0/systick_counter.o
 .debug_macro   0x0001542f       0x16 src/ASF/common2/services/delay/sam0/systick_counter.o
 .debug_macro   0x00015445       0x16 src/ASF/common2/services/delay/sam0/systick_counter.o
 .debug_macro   0x0001545b      0x560 src/ASF/sam0/drivers/sercom/sercom.o
 .debug_macro   0x000159bb      0x571 src/ASF/sam0/drivers/sercom/usart/usart.o
 .debug_macro   0x00015f2c       0x51 src/ASF/sam0/drivers/sercom/usart/usart.o
 .debug_macro   0x00015f7d      0x571 src/ASF/sam0/drivers/sercom/usart/usart_interrupt.o
 .debug_macro   0x000164ee      0x55d src/ASF/sam0/drivers/sercom/sercom_interrupt.o
 .debug_macro   0x00016a4b      0x564 src/ASF/sam0/drivers/nvm/nvm.o
 .debug_macro   0x00016faf      0x4ed src/ASF/sam0/drivers/port/port.o
 .debug_macro   0x0001749c      0x64a src/ASF/common2/boards/user_board/init.o
 .debug_macro   0x00017ae6       0x1c src/ASF/common2/boards/user_board/init.o
 .debug_macro   0x00017b02      0x2c6 src/ASF/common2/boards/user_board/init.o
 .debug_macro   0x00017dc8       0x11 src/ASF/common2/boards/user_board/init.o
 .debug_macro   0x00017dd9       0x49 src/ASF/common2/boards/user_board/init.o
 .debug_macro   0x00017e22      0x4d3 src/ASF/common/utils/interrupt/interrupt_sam_nvic.o
 .debug_macro   0x000182f5      0x544 src/ASF/sam0/drivers/system/clock/clock_samd21_r21_da_ha1/clock.o
 .debug_macro   0x00018839      0x29d src/ASF/sam0/drivers/system/clock/clock_samd21_r21_da_ha1/clock.o
 .debug_macro   0x00018ad6      0x509 src/ASF/sam0/drivers/system/clock/clock_samd21_r21_da_ha1/gclk.o
 .debug_macro   0x00018fdf      0x4e3 src/ASF/sam0/drivers/system/pinmux/pinmux.o
 .debug_macro   0x000194c2       0x12 src/ASF/sam0/drivers/system/pinmux/pinmux.o
 .debug_macro   0x000194d4      0x516 src/ASF/sam0/drivers/system/system.o
 .debug_macro   0x000199ea      0x2e5 src/ASF/sam0/utils/cmsis/samd21/source/gcc/startup_samd21.o
 .debug_macro   0x00019ccf       0x3a src/ASF/sam0/utils/cmsis/samd21/source/gcc/startup_samd21.o
 .debug_macro   0x00019d09      0x19c src/ASF/sam0/utils/syscalls/gcc/syscalls.o
 .debug_macro   0x00019ea5       0x4c src/ASF/sam0/utils/syscalls/gcc/syscalls.o
 .debug_macro   0x00019ef1       0x8d src/ASF/sam0/utils/syscalls/gcc/syscalls.o
 .debug_macro   0x00019f7e       0x4a src/ASF/sam0/utils/syscalls/gcc/syscalls.o
 .debug_macro   0x00019fc8       0x97 src/ASF/sam0/utils/syscalls/gcc/syscalls.o
 .debug_macro   0x0001a05f       0xf6 src/ASF/sam0/utils/syscalls/gcc/syscalls.o
 .debug_macro   0x0001a155       0x52 src/ASF/sam0/utils/syscalls/gcc/syscalls.o
 .debug_macro   0x0001a1a7       0x16 src/ASF/sam0/utils/syscalls/gcc/syscalls.o
 .debug_macro   0x0001a1bd       0x10 src/ASF/sam0/utils/syscalls/gcc/syscalls.o
 .debug_macro   0x0001a1cd       0x41 src/ASF/sam0/utils/syscalls/gcc/syscalls.o
 .debug_macro   0x0001a20e      0x122 src/ASF/sam0/utils/syscalls/gcc/syscalls.o
 .debug_macro   0x0001a330      0x6c1 src/main.o

.debug_line     0x00000000     0xea76
 .debug_line    0x00000000      0xfac src/ASF/common2/components/memory/serial_flash/at25dfx/at25dfx.o
 .debug_line    0x00000fac      0x87a src/ASF/sam0/utils/stdio/read.o
 .debug_line    0x00001826      0x877 src/ASF/sam0/utils/stdio/write.o
 .debug_line    0x0000209d      0xfeb src/ASF/sam0/drivers/sercom/spi/spi.o
 .debug_line    0x00003088      0xcff src/ASF/sam0/drivers/sercom/spi/spi_interrupt.o
 .debug_line    0x00003d87      0x98a src/ASF/common2/services/delay/sam0/systick_counter.o
 .debug_line    0x00004711      0xbe7 src/ASF/sam0/drivers/sercom/sercom.o
 .debug_line    0x000052f8      0xd27 src/ASF/sam0/drivers/sercom/usart/usart.o
 .debug_line    0x0000601f      0xc91 src/ASF/sam0/drivers/sercom/usart/usart_interrupt.o
 .debug_line    0x00006cb0      0xb49 src/ASF/sam0/drivers/sercom/sercom_interrupt.o
 .debug_line    0x000077f9      0xd65 src/ASF/sam0/drivers/nvm/nvm.o
 .debug_line    0x0000855e      0x8cd src/ASF/sam0/drivers/port/port.o
 .debug_line    0x00008e2b      0xdc7 src/ASF/common2/boards/user_board/init.o
 .debug_line    0x00009bf2      0x89b src/ASF/common/utils/interrupt/interrupt_sam_nvic.o
 .debug_line    0x0000a48d      0xc80 src/ASF/sam0/drivers/system/clock/clock_samd21_r21_da_ha1/clock.o
 .debug_line    0x0000b10d      0xb72 src/ASF/sam0/drivers/system/clock/clock_samd21_r21_da_ha1/gclk.o
 .debug_line    0x0000bc7f      0x93f src/ASF/sam0/drivers/system/pinmux/pinmux.o
 .debug_line    0x0000c5be      0x9be src/ASF/sam0/drivers/system/system.o
 .debug_line    0x0000cf7c      0x650 src/ASF/sam0/utils/cmsis/samd21/source/gcc/startup_samd21.o
 .debug_line    0x0000d5cc      0x3dc src/ASF/sam0/utils/syscalls/gcc/syscalls.o
 .debug_line    0x0000d9a8     0x10ce src/main.o

.debug_str      0x00000000    0x883df
 .debug_str     0x00000000    0x7fb96 src/ASF/common2/components/memory/serial_flash/at25dfx/at25dfx.o
                              0x80537 (size before relaxing)
 .debug_str     0x0007fb96       0x3d src/ASF/sam0/utils/stdio/read.o
                              0x7e7c4 (size before relaxing)
 .debug_str     0x0007fbd3       0x2c src/ASF/sam0/utils/stdio/write.o
                              0x7e7c6 (size before relaxing)
 .debug_str     0x0007fbff     0x12ce src/ASF/sam0/drivers/sercom/spi/spi.o
                              0x811b3 (size before relaxing)
 .debug_str     0x00080ecd      0x30e src/ASF/sam0/drivers/sercom/spi/spi_interrupt.o
                              0x80199 (size before relaxing)
 .debug_str     0x000811db      0x21c src/ASF/common2/services/delay/sam0/systick_counter.o
                              0x7ea10 (size before relaxing)
 .debug_str     0x000813f7      0x3a9 src/ASF/sam0/drivers/sercom/sercom.o
                              0x7fec4 (size before relaxing)
 .debug_str     0x000817a0      0x877 src/ASF/sam0/drivers/sercom/usart/usart.o
                              0x80bc1 (size before relaxing)
 .debug_str     0x00082017      0x16b src/ASF/sam0/drivers/sercom/usart/usart_interrupt.o
                              0x7fedb (size before relaxing)
 .debug_str     0x00082182      0x189 src/ASF/sam0/drivers/sercom/sercom_interrupt.o
                              0x7fd3d (size before relaxing)
 .debug_str     0x0008230b      0xcc6 src/ASF/sam0/drivers/nvm/nvm.o
                              0x7ff93 (size before relaxing)
 .debug_str     0x00082fd1       0xf9 src/ASF/sam0/drivers/port/port.o
                              0x7ec07 (size before relaxing)
 .debug_str     0x000830ca      0xc60 src/ASF/common2/boards/user_board/init.o
                              0x800d4 (size before relaxing)
 .debug_str     0x00083d2a       0x94 src/ASF/common/utils/interrupt/interrupt_sam_nvic.o
                              0x7e817 (size before relaxing)
 .debug_str     0x00083dbe     0x263b src/ASF/sam0/drivers/system/clock/clock_samd21_r21_da_ha1/clock.o
                              0x81939 (size before relaxing)
 .debug_str     0x000863f9      0x289 src/ASF/sam0/drivers/system/clock/clock_samd21_r21_da_ha1/gclk.o
                              0x7f491 (size before relaxing)
 .debug_str     0x00086682      0x1b5 src/ASF/sam0/drivers/system/pinmux/pinmux.o
                              0x7ecb9 (size before relaxing)
 .debug_str     0x00086837       0x47 src/ASF/sam0/drivers/system/system.o
                              0x7e8f4 (size before relaxing)
 .debug_str     0x0008687e      0xf01 src/ASF/sam0/utils/cmsis/samd21/source/gcc/startup_samd21.o
                              0x6b05d (size before relaxing)
 .debug_str     0x0008777f      0x734 src/ASF/sam0/utils/syscalls/gcc/syscalls.o
                               0x6861 (size before relaxing)
 .debug_str     0x00087eb3      0x52c src/main.o
                              0x82a88 (size before relaxing)

.debug_frame    0x00000000     0x2540
 .debug_frame   0x00000000      0x3b0 src/ASF/common2/components/memory/serial_flash/at25dfx/at25dfx.o
 .debug_frame   0x000003b0       0x30 src/ASF/sam0/utils/stdio/read.o
 .debug_frame   0x000003e0       0x30 src/ASF/sam0/utils/stdio/write.o
 .debug_frame   0x00000410      0x36c src/ASF/sam0/drivers/sercom/spi/spi.o
 .debug_frame   0x0000077c      0x1d0 src/ASF/sam0/drivers/sercom/spi/spi_interrupt.o
 .debug_frame   0x0000094c       0x8c src/ASF/common2/services/delay/sam0/systick_counter.o
 .debug_frame   0x000009d8       0xf8 src/ASF/sam0/drivers/sercom/sercom.o
 .debug_frame   0x00000ad0      0x190 src/ASF/sam0/drivers/sercom/usart/usart.o
 .debug_frame   0x00000c60      0x1e8 src/ASF/sam0/drivers/sercom/usart/usart_interrupt.o
 .debug_frame   0x00000e48      0x118 src/ASF/sam0/drivers/sercom/sercom_interrupt.o
 .debug_frame   0x00000f60      0x1e8 src/ASF/sam0/drivers/nvm/nvm.o
 .debug_frame   0x00001148       0x70 src/ASF/sam0/drivers/port/port.o
 .debug_frame   0x000011b8       0x2c src/ASF/common2/boards/user_board/init.o
 .debug_frame   0x000011e4       0x4c src/ASF/common/utils/interrupt/interrupt_sam_nvic.o
 .debug_frame   0x00001230      0x2a4 src/ASF/sam0/drivers/system/clock/clock_samd21_r21_da_ha1/clock.o
 .debug_frame   0x000014d4      0x220 src/ASF/sam0/drivers/system/clock/clock_samd21_r21_da_ha1/gclk.o
 .debug_frame   0x000016f4       0xd0 src/ASF/sam0/drivers/system/pinmux/pinmux.o
 .debug_frame   0x000017c4       0x48 src/ASF/sam0/drivers/system/system.o
 .debug_frame   0x0000180c       0x4c src/ASF/sam0/utils/cmsis/samd21/source/gcc/startup_samd21.o
 .debug_frame   0x00001858      0x12c src/ASF/sam0/utils/syscalls/gcc/syscalls.o
 .debug_frame   0x00001984      0x38c src/main.o
 .debug_frame   0x00001d10       0x20 c:/program files (x86)/atmel/studio/7.0/toolchain/arm/arm-gnu-toolchain/bin/../lib/gcc/arm-none-eabi/5.3.1/armv6-m\libgcc.a(_udivsi3.o)
 .debug_frame   0x00001d30       0x34 c:/program files (x86)/atmel/studio/7.0/toolchain/arm/arm-gnu-toolchain/bin/../lib/gcc/arm-none-eabi/5.3.1/armv6-m\libgcc.a(_muldi3.o)
 .debug_frame   0x00001d64       0x2c c:/program files (x86)/atmel/studio/7.0/toolchain/arm/arm-gnu-toolchain/bin/../lib/gcc/arm-none-eabi/5.3.1/../../../../arm-none-eabi/lib/armv6-m\libc_nano.a(lib_a-init.o)
 .debug_frame   0x00001d90       0x28 c:/program files (x86)/atmel/studio/7.0/toolchain/arm/arm-gnu-toolchain/bin/../lib/gcc/arm-none-eabi/5.3.1/../../../../arm-none-eabi/lib/armv6-m\libc_nano.a(lib_a-memcpy-stub.o)
 .debug_frame   0x00001db8       0x20 c:/program files (x86)/atmel/studio/7.0/toolchain/arm/arm-gnu-toolchain/bin/../lib/gcc/arm-none-eabi/5.3.1/../../../../arm-none-eabi/lib/armv6-m\libc_nano.a(lib_a-memset.o)
 .debug_frame   0x00001dd8       0x50 c:/program files (x86)/atmel/studio/7.0/toolchain/arm/arm-gnu-toolchain/bin/../lib/gcc/arm-none-eabi/5.3.1/../../../../arm-none-eabi/lib/armv6-m\libc_nano.a(lib_a-printf.o)
 .debug_frame   0x00001e28       0x44 c:/program files (x86)/atmel/studio/7.0/toolchain/arm/arm-gnu-toolchain/bin/../lib/gcc/arm-none-eabi/5.3.1/../../../../arm-none-eabi/lib/armv6-m\libc_nano.a(lib_a-puts.o)
 .debug_frame   0x00001e6c       0x28 c:/program files (x86)/atmel/studio/7.0/toolchain/arm/arm-gnu-toolchain/bin/../lib/gcc/arm-none-eabi/5.3.1/../../../../arm-none-eabi/lib/armv6-m\libc_nano.a(lib_a-setbuf.o)
 .debug_frame   0x00001e94       0x30 c:/program files (x86)/atmel/studio/7.0/toolchain/arm/arm-gnu-toolchain/bin/../lib/gcc/arm-none-eabi/5.3.1/../../../../arm-none-eabi/lib/armv6-m\libc_nano.a(lib_a-setvbuf.o)